Archive member included to satisfy reference by file (symbol)

d:/arm toolchain/11.3 rel1/bin/../lib/gcc/arm-none-eabi/11.3.1/thumb/v6-m/nofp\libgcc.a(_dvmd_tls.o)
                              CMakeFiles/blink.dir/D_/Raspberry/RP2040/pico-sdk/src/rp2_common/pico_divider/divider.S.obj (__aeabi_idiv0)
d:/arm toolchain/11.3 rel1/bin/../lib/gcc/arm-none-eabi/11.3.1/thumb/v6-m/nofp\libg.a(libc_a-calloc.o)
                              CMakeFiles/blink.dir/D_/Raspberry/RP2040/pico-sdk/src/rp2_common/pico_malloc/pico_malloc.c.obj (calloc)
d:/arm toolchain/11.3 rel1/bin/../lib/gcc/arm-none-eabi/11.3.1/thumb/v6-m/nofp\libg.a(libc_a-callocr.o)
                              d:/arm toolchain/11.3 rel1/bin/../lib/gcc/arm-none-eabi/11.3.1/thumb/v6-m/nofp\libg.a(libc_a-calloc.o) (_calloc_r)
d:/arm toolchain/11.3 rel1/bin/../lib/gcc/arm-none-eabi/11.3.1/thumb/v6-m/nofp\libg.a(libc_a-malloc.o)
                              CMakeFiles/blink.dir/D_/Raspberry/RP2040/pico-sdk/src/rp2_common/pico_malloc/pico_malloc.c.obj (malloc)
d:/arm toolchain/11.3 rel1/bin/../lib/gcc/arm-none-eabi/11.3.1/thumb/v6-m/nofp\libg.a(libc_a-mallocr.o)
                              d:/arm toolchain/11.3 rel1/bin/../lib/gcc/arm-none-eabi/11.3.1/thumb/v6-m/nofp\libg.a(libc_a-callocr.o) (_malloc_r)
d:/arm toolchain/11.3 rel1/bin/../lib/gcc/arm-none-eabi/11.3.1/thumb/v6-m/nofp\libg.a(libc_a-mlock.o)
                              d:/arm toolchain/11.3 rel1/bin/../lib/gcc/arm-none-eabi/11.3.1/thumb/v6-m/nofp\libg.a(libc_a-mallocr.o) (__malloc_lock)
d:/arm toolchain/11.3 rel1/bin/../lib/gcc/arm-none-eabi/11.3.1/thumb/v6-m/nofp\libg.a(libc_a-realloc.o)
                              CMakeFiles/blink.dir/D_/Raspberry/RP2040/pico-sdk/src/rp2_common/pico_malloc/pico_malloc.c.obj (realloc)
d:/arm toolchain/11.3 rel1/bin/../lib/gcc/arm-none-eabi/11.3.1/thumb/v6-m/nofp\libg.a(libc_a-reallocr.o)
                              d:/arm toolchain/11.3 rel1/bin/../lib/gcc/arm-none-eabi/11.3.1/thumb/v6-m/nofp\libg.a(libc_a-realloc.o) (_realloc_r)
d:/arm toolchain/11.3 rel1/bin/../lib/gcc/arm-none-eabi/11.3.1/thumb/v6-m/nofp\libg.a(libc_a-ctype_.o)
                              CMakeFiles/blink.dir/D_/Raspberry/RP2040/pico-sdk/lib/tinyusb/src/tusb.c.obj (_ctype_)
d:/arm toolchain/11.3 rel1/bin/../lib/gcc/arm-none-eabi/11.3.1/thumb/v6-m/nofp\libg.a(libc_a-memmove.o)
                              d:/arm toolchain/11.3 rel1/bin/../lib/gcc/arm-none-eabi/11.3.1/thumb/v6-m/nofp\libg.a(libc_a-reallocr.o) (memmove)
d:/arm toolchain/11.3 rel1/bin/../lib/gcc/arm-none-eabi/11.3.1/thumb/v6-m/nofp\libg.a(libc_a-impure.o)
                              d:/arm toolchain/11.3 rel1/bin/../lib/gcc/arm-none-eabi/11.3.1/thumb/v6-m/nofp\libg.a(libc_a-calloc.o) (_impure_ptr)
d:/arm toolchain/11.3 rel1/bin/../lib/gcc/arm-none-eabi/11.3.1/thumb/v6-m/nofp\libg.a(libc_a-sbrkr.o)
                              d:/arm toolchain/11.3 rel1/bin/../lib/gcc/arm-none-eabi/11.3.1/thumb/v6-m/nofp\libg.a(libc_a-mallocr.o) (_sbrk_r)
d:/arm toolchain/11.3 rel1/bin/../lib/gcc/arm-none-eabi/11.3.1/thumb/v6-m/nofp\libg.a(libc_a-errno.o)
                              d:/arm toolchain/11.3 rel1/bin/../lib/gcc/arm-none-eabi/11.3.1/thumb/v6-m/nofp\libg.a(libc_a-callocr.o) (__errno)
d:/arm toolchain/11.3 rel1/bin/../lib/gcc/arm-none-eabi/11.3.1/thumb/v6-m/nofp\libg.a(libc_a-init.o)
                              d:/arm toolchain/11.3 rel1/bin/../lib/gcc/arm-none-eabi/11.3.1/thumb/v6-m/nofp/crt0.o (__libc_init_array)
d:/arm toolchain/11.3 rel1/bin/../lib/gcc/arm-none-eabi/11.3.1/thumb/v6-m/nofp\libg.a(libc_a-lock.o)
                              d:/arm toolchain/11.3 rel1/bin/../lib/gcc/arm-none-eabi/11.3.1/thumb/v6-m/nofp\libg.a(libc_a-mlock.o) (__retarget_lock_acquire_recursive)
d:/arm toolchain/11.3 rel1/bin/../lib/gcc/arm-none-eabi/11.3.1/thumb/v6-m/nofp\libg.a(libc_a-strlen-stub.o)
                              CMakeFiles/blink.dir/D_/Raspberry/RP2040/pico-sdk/src/rp2_common/pico_stdio/stdio.c.obj (strlen)
d:/arm toolchain/11.3 rel1/bin/../lib/gcc/arm-none-eabi/11.3.1/thumb/v6-m/nofp\libg.a(libc_a-freer.o)
                              d:/arm toolchain/11.3 rel1/bin/../lib/gcc/arm-none-eabi/11.3.1/thumb/v6-m/nofp\libg.a(libc_a-malloc.o) (_free_r)
d:/arm toolchain/11.3 rel1/bin/../lib/gcc/arm-none-eabi/11.3.1/thumb/v6-m/nofp\libg.a(libc_a-findfp.o)
                              d:/arm toolchain/11.3 rel1/bin/../lib/gcc/arm-none-eabi/11.3.1/thumb/v6-m/nofp\libg.a(libc_a-impure.o) (__sf)
d:/arm toolchain/11.3 rel1/bin/../lib/gcc/arm-none-eabi/11.3.1/thumb/v6-m/nofp\libg.a(libc_a-fwalk.o)
                              d:/arm toolchain/11.3 rel1/bin/../lib/gcc/arm-none-eabi/11.3.1/thumb/v6-m/nofp\libg.a(libc_a-findfp.o) (_fwalk_sglue)
d:/arm toolchain/11.3 rel1/bin/../lib/gcc/arm-none-eabi/11.3.1/thumb/v6-m/nofp\libg.a(libc_a-stdio.o)
                              d:/arm toolchain/11.3 rel1/bin/../lib/gcc/arm-none-eabi/11.3.1/thumb/v6-m/nofp\libg.a(libc_a-findfp.o) (__sread)
[...]
Memory Configuration

Name             Origin             Length             Attributes
FLASH            0x10000000         0x00200000         xr
RAM              0x20000000         0x00040000         xrw
SCRATCH_X        0x20040000         0x00001000         xrw
SCRATCH_Y        0x20041000         0x00001000         xrw
*default*        0x00000000         0xffffffff

Linker script and memory map

LOAD d:/arm toolchain/11.3 rel1/bin/../lib/gcc/arm-none-eabi/11.3.1/thumb/v6-m/nofp/crti.o
LOAD d:/arm toolchain/11.3 rel1/bin/../lib/gcc/arm-none-eabi/11.3.1/thumb/v6-m/nofp/crtbegin.o
LOAD d:/arm toolchain/11.3 rel1/bin/../lib/gcc/arm-none-eabi/11.3.1/thumb/v6-m/nofp/crt0.o

.flash_begin    0x10000000        0x0
                0x10000000                __flash_binary_start = .

.boot2          0x10000000      0x100
                0x10000000                __boot2_start__ = .
 *(.boot2)
 .boot2         0x10000000      0x100 C:\Users\USER\AppData\Local\Temp\ccUzgAkm.o
                0x10000100                __boot2_end__ = .
                0x00000001                ASSERT (((__boot2_end__ - __boot2_start__) == 0x100), ERROR: Pico second stage bootloader must be 256 bytes in size)

.text           0x10000100     0x8d70
                0x10000100                __logical_binary_start = .
 *(.vectors)
 .vectors       0x10000100       0xd4 CMakeFiles/blink.dir/D_/Raspberry/RP2040/pico-sdk/src/rp2_common/pico_standard_link/crt0.S.obj
                0x10000100                __VECTOR_TABLE
                0x10000100                __vectors
                0x100001c0                isr_invalid
                0x100001c0                __default_isrs_start
                0x100001c2                isr_nmi
                0x100001c4                isr_hardfault
                0x100001c6                isr_svcall
                0x100001c8                isr_pendsv
                0x100001ca                isr_systick
                0x100001cc                isr_irq23
                0x100001cc                isr_irq18
                0x100001cc                isr_irq11
                0x100001cc                isr_irq28
                0x100001cc                isr_irq19
                0x100001cc                isr_irq0
                0x100001cc                isr_irq6
                0x100001cc                isr_irq5
                0x100001cc                isr_irq12
                0x100001cc                isr_irq22
                0x100001cc                isr_irq31
                0x100001cc                isr_irq17
                0x100001cc                isr_irq27
                0x100001cc                isr_irq30
                0x100001cc                isr_irq2
                0x100001cc                isr_irq10
                0x100001cc                isr_irq8
                0x100001cc                isr_irq24
                0x100001cc                isr_irq1
                0x100001cc                isr_irq7
                0x100001cc                isr_irq21
                0x100001cc                isr_irq20
                0x100001cc                isr_irq15
                0x100001cc                isr_irq25
                0x100001cc                isr_irq13
                0x100001cc                __unhandled_user_irq
                0x100001cc                isr_irq4
                0x100001cc                isr_irq16
                0x100001cc                isr_irq29
                0x100001cc                isr_irq26
                0x100001cc                __default_isrs_end
                0x100001cc                isr_irq3
                0x100001cc                isr_irq14
                0x100001cc                isr_irq9
                0x100001d2                unhandled_user_irq_num_in_r0
 *(.binary_info_header)
 .binary_info_header
                0x100001d4       0x14 CMakeFiles/blink.dir/D_/Raspberry/RP2040/pico-sdk/src/rp2_common/pico_standard_link/crt0.S.obj
                0x100001e8                __binary_info_header_end = .
 *(.reset)
 .reset         0x100001e8       0xa8 CMakeFiles/blink.dir/D_/Raspberry/RP2040/pico-sdk/src/rp2_common/pico_standard_link/crt0.S.obj
                0x100001e8                _entry_point
                0x10000266                __get_current_exception
 .reset         0x10000290       0x30 CMakeFiles/blink.dir/D_/Raspberry/RP2040/pico-sdk/src/rp2_common/pico_standard_link/binary_info.c.obj
 *(.init)
 .init          0x100002c0        0x4 d:/arm toolchain/11.3 rel1/bin/../lib/gcc/arm-none-eabi/11.3.1/thumb/v6-m/nofp/crti.o
                0x100002c0                _init
 *(EXCLUDE_FILE(*libm.a: *libc.a:*lib_a-mem*.o *libgcc.a:) .text*)
 .text.register_tm_clones
                0x100002c4       0x28 d:/arm toolchain/11.3 rel1/bin/../lib/gcc/arm-none-eabi/11.3.1/thumb/v6-m/nofp/crtbegin.o
 .text.frame_dummy
                0x100002ec       0x24 d:/arm toolchain/11.3 rel1/bin/../lib/gcc/arm-none-eabi/11.3.1/thumb/v6-m/nofp/crtbegin.o
 .text.repeating_timer_callback
                0x10000310       0x6c CMakeFiles/blink.dir/main.c.obj
                0x10000310                repeating_timer_callback
 .text.mpu9250_reset
                0x1000037c       0x20 CMakeFiles/blink.dir/main.c.obj
 .text.get_absolute_time
                0x1000039c       0x2c CMakeFiles/blink.dir/main.c.obj
 .text.csLow    0x100003c8        0xc CMakeFiles/blink.dir/main.c.obj
                0x100003c8                csLow
 .text.csHigh   0x100003d4        0xc CMakeFiles/blink.dir/main.c.obj
                0x100003d4                csHigh
 .text.ceLow    0x100003e0        0xc CMakeFiles/blink.dir/main.c.obj
                0x100003e0                ceLow
 .text.ceHigh   0x100003ec        0xc CMakeFiles/blink.dir/main.c.obj
                0x100003ec                ceHigh
 .text.leerReg  0x100003f8       0x3e CMakeFiles/blink.dir/main.c.obj
                0x100003f8                leerReg
 .text.escribirReg
                0x10000436       0x3c CMakeFiles/blink.dir/main.c.obj
                0x10000436                escribirReg
 .text.escribirRegBytes
                0x10000472       0x44 CMakeFiles/blink.dir/main.c.obj
                0x10000472                escribirRegBytes
 *fill*         0x100004b6        0x2 
 .text.config   0x100004b8       0x68 CMakeFiles/blink.dir/main.c.obj
                0x100004b8                config
 .text.ModoTx   0x10000520       0x24 CMakeFiles/blink.dir/main.c.obj
                0x10000520                ModoTx
 .text.enviarMsg
                0x10000544       0x40 CMakeFiles/blink.dir/main.c.obj
                0x10000544                enviarMsg
 .text.mpu9250_read_raw_accel
                0x10000584       0x50 CMakeFiles/blink.dir/main.c.obj
                0x10000584                mpu9250_read_raw_accel
 .text.mpu9250_read_raw_gyro
                0x100005d4       0x50 CMakeFiles/blink.dir/main.c.obj
                0x100005d4                mpu9250_read_raw_gyro
 .text.calibrate_gyro
                0x10000624       0x5e CMakeFiles/blink.dir/main.c.obj
                0x10000624                calibrate_gyro
 *fill*         0x10000682        0x2 
 .text.calculate_angles_from_accel
                0x10000684       0x90 CMakeFiles/blink.dir/main.c.obj
                0x10000684                calculate_angles_from_accel
 .text.calculate_angles
                0x10000714      0x198 CMakeFiles/blink.dir/main.c.obj
                0x10000714                calculate_angles
 .text.convert_to_full
                0x100008ac       0xcc CMakeFiles/blink.dir/main.c.obj
                0x100008ac                convert_to_full
 .text.Conf_PWM
                0x10000978       0x6c CMakeFiles/blink.dir/main.c.obj
                0x10000978                Conf_PWM
 .text.setupUltrasonicPins
                0x100009e4       0x2c CMakeFiles/blink.dir/main.c.obj
                0x100009e4                setupUltrasonicPins
 .text.getPulse
                0x10000a10       0x84 CMakeFiles/blink.dir/main.c.obj
                0x10000a10                getPulse
 .text.main     0x10000a94      0x228 CMakeFiles/blink.dir/main.c.obj
                0x10000a94                main
 .text.gpio_set_function
                0x10000cbc       0x30 CMakeFiles/blink.dir/D_/Raspberry/RP2040/pico-sdk/src/rp2_common/hardware_gpio/gpio.c.obj
                0x10000cbc                gpio_set_function
 .text.gpio_set_pulls
                0x10000cec       0x34 CMakeFiles/blink.dir/D_/Raspberry/RP2040/pico-sdk/src/rp2_common/hardware_gpio/gpio.c.obj
                0x10000cec                gpio_set_pulls
 .text.gpio_init
                0x10000d20       0x16 CMakeFiles/blink.dir/D_/Raspberry/RP2040/pico-sdk/src/rp2_common/hardware_gpio/gpio.c.obj
                0x10000d20                gpio_init
 *fill*         0x10000d36        0x2 
 .text.hw_claim_lock
                0x10000d38       0x18 CMakeFiles/blink.dir/D_/Raspberry/RP2040/pico-sdk/src/rp2_common/hardware_claim/claim.c.obj
                0x10000d38                hw_claim_lock
 .text.hw_claim_unlock
                0x10000d50       0x14 CMakeFiles/blink.dir/D_/Raspberry/RP2040/pico-sdk/src/rp2_common/hardware_claim/claim.c.obj
                0x10000d50                hw_claim_unlock
 .text.hw_claim_or_assert
                0x10000d64       0x32 CMakeFiles/blink.dir/D_/Raspberry/RP2040/pico-sdk/src/rp2_common/hardware_claim/claim.c.obj
                0x10000d64                hw_claim_or_assert
 .text.hw_claim_unused_from_range
                0x10000d96       0x50 CMakeFiles/blink.dir/D_/Raspberry/RP2040/pico-sdk/src/rp2_common/hardware_claim/claim.c.obj
                0x10000d96                hw_claim_unused_from_range
 *fill*         0x10000de6        0x2 
 .text.running_on_fpga
                0x10000de8       0x14 CMakeFiles/blink.dir/D_/Raspberry/RP2040/pico-sdk/src/rp2_common/pico_platform/platform.c.obj
                0x10000de8                running_on_fpga
 .text.spin_locks_reset
                0x10000dfc       0x20 CMakeFiles/blink.dir/D_/Raspberry/RP2040/pico-sdk/src/rp2_common/hardware_sync/sync.c.obj
                0x10000dfc                spin_locks_reset
 .text.next_striped_spin_lock_num
                0x10000e1c       0x1c CMakeFiles/blink.dir/D_/Raspberry/RP2040/pico-sdk/src/rp2_common/hardware_sync/sync.c.obj
                0x10000e1c                next_striped_spin_lock_num
 .text.spin_lock_claim_unused
                0x10000e38       0x24 CMakeFiles/blink.dir/D_/Raspberry/RP2040/pico-sdk/src/rp2_common/hardware_sync/sync.c.obj
                0x10000e38                spin_lock_claim_unused
 .text.set_raw_irq_handler_and_unlock
                0x10000e5c       0x28 CMakeFiles/blink.dir/D_/Raspberry/RP2040/pico-sdk/src/rp2_common/hardware_irq/irq.c.obj
 .text.make_branch
                0x10000e84       0x48 CMakeFiles/blink.dir/D_/Raspberry/RP2040/pico-sdk/src/rp2_common/hardware_irq/irq.c.obj
 .text.insert_branch_and_link
                0x10000ecc       0x40 CMakeFiles/blink.dir/D_/Raspberry/RP2040/pico-sdk/src/rp2_common/hardware_irq/irq.c.obj
 .text.irq_is_enabled
                0x10000f0c       0x18 CMakeFiles/blink.dir/D_/Raspberry/RP2040/pico-sdk/src/rp2_common/hardware_irq/irq.c.obj
                0x10000f0c                irq_is_enabled
 .text.irq_set_mask_enabled
                0x10000f24       0x20 CMakeFiles/blink.dir/D_/Raspberry/RP2040/pico-sdk/src/rp2_common/hardware_irq/irq.c.obj
                0x10000f24                irq_set_mask_enabled
 .text.irq_set_enabled
                0x10000f44        0xe CMakeFiles/blink.dir/D_/Raspberry/RP2040/pico-sdk/src/rp2_common/hardware_irq/irq.c.obj
                0x10000f44                irq_set_enabled
 *fill*         0x10000f52        0x2 
 .text.irq_set_pending
                0x10000f54       0x10 CMakeFiles/blink.dir/D_/Raspberry/RP2040/pico-sdk/src/rp2_common/hardware_irq/irq.c.obj
                0x10000f54                irq_set_pending
 .text.irq_get_vtable_handler
                0x10000f64       0x10 CMakeFiles/blink.dir/D_/Raspberry/RP2040/pico-sdk/src/rp2_common/hardware_irq/irq.c.obj
                0x10000f64                irq_get_vtable_handler
 .text.irq_has_shared_handler
                0x10000f74       0x24 CMakeFiles/blink.dir/D_/Raspberry/RP2040/pico-sdk/src/rp2_common/hardware_irq/irq.c.obj
                0x10000f74                irq_has_shared_handler
 .text.irq_set_exclusive_handler
                0x10000f98       0x54 CMakeFiles/blink.dir/D_/Raspberry/RP2040/pico-sdk/src/rp2_common/hardware_irq/irq.c.obj
                0x10000f98                irq_set_exclusive_handler
 .text.irq_add_shared_handler
                0x10000fec      0x230 CMakeFiles/blink.dir/D_/Raspberry/RP2040/pico-sdk/src/rp2_common/hardware_irq/irq.c.obj
                0x10000fec                irq_add_shared_handler
 .text.irq_remove_handler
                0x1000121c      0x1a4 CMakeFiles/blink.dir/D_/Raspberry/RP2040/pico-sdk/src/rp2_common/hardware_irq/irq.c.obj
                0x1000121c                irq_remove_handler
 .text.irq_add_tail_to_free_list
                0x100013c0       0xf0 CMakeFiles/blink.dir/D_/Raspberry/RP2040/pico-sdk/src/rp2_common/hardware_irq/irq.c.obj
                0x100013c0                irq_add_tail_to_free_list
 .text.irq_init_priorities
                0x100014b0       0x1c CMakeFiles/blink.dir/D_/Raspberry/RP2040/pico-sdk/src/rp2_common/hardware_irq/irq.c.obj
                0x100014b0                irq_init_priorities
 .text.user_irq_claim_unused
                0x100014cc       0x30 CMakeFiles/blink.dir/D_/Raspberry/RP2040/pico-sdk/src/rp2_common/hardware_irq/irq.c.obj
                0x100014cc                user_irq_claim_unused
 .text.lock_init
                0x100014fc       0x10 CMakeFiles/blink.dir/D_/Raspberry/RP2040/pico-sdk/src/common/pico_sync/lock_core.c.obj
                0x100014fc                lock_init
 .text.repeating_timer_callback
                0x1000150c       0x40 CMakeFiles/blink.dir/D_/Raspberry/RP2040/pico-sdk/src/common/pico_time/time.c.obj
 .text.alarm_pool_post_alloc_init
                0x1000154c       0x40 CMakeFiles/blink.dir/D_/Raspberry/RP2040/pico-sdk/src/common/pico_time/time.c.obj
 .text.sleep_until_callback
                0x1000158c       0x30 CMakeFiles/blink.dir/D_/Raspberry/RP2040/pico-sdk/src/common/pico_time/time.c.obj
 .text.timer_pool_entry_comparator
                0x100015bc       0x78 CMakeFiles/blink.dir/D_/Raspberry/RP2040/pico-sdk/src/common/pico_time/time.c.obj
                0x100015bc                timer_pool_entry_comparator
 .text.ph_add_child_node
                0x10001634       0xa0 CMakeFiles/blink.dir/D_/Raspberry/RP2040/pico-sdk/src/common/pico_time/time.c.obj
 .text.ph_merge_nodes
                0x100016d4       0x3e CMakeFiles/blink.dir/D_/Raspberry/RP2040/pico-sdk/src/common/pico_time/time.c.obj
 *fill*         0x10001712        0x2 
 .text.add_alarm_under_lock
                0x10001714      0x16c CMakeFiles/blink.dir/D_/Raspberry/RP2040/pico-sdk/src/common/pico_time/time.c.obj
 .text.alarm_pool_alarm_callback
                0x10001880      0x328 CMakeFiles/blink.dir/D_/Raspberry/RP2040/pico-sdk/src/common/pico_time/time.c.obj
 .text.alarm_pool_init_default
                0x10001ba8       0x38 CMakeFiles/blink.dir/D_/Raspberry/RP2040/pico-sdk/src/common/pico_time/time.c.obj
                0x10001ba8                alarm_pool_init_default
 .text.alarm_pool_get_default
                0x10001be0       0x2c CMakeFiles/blink.dir/D_/Raspberry/RP2040/pico-sdk/src/common/pico_time/time.c.obj
                0x10001be0                alarm_pool_get_default
 .text.alarm_pool_add_alarm_at
                0x10001c0c      0x178 CMakeFiles/blink.dir/D_/Raspberry/RP2040/pico-sdk/src/common/pico_time/time.c.obj
                0x10001c0c                alarm_pool_add_alarm_at
 .text.alarm_pool_cancel_alarm
                0x10001d84       0xec CMakeFiles/blink.dir/D_/Raspberry/RP2040/pico-sdk/src/common/pico_time/time.c.obj
                0x10001d84                alarm_pool_cancel_alarm
 .text.alarm_pool_add_repeating_timer_us
                0x10001e70       0x98 CMakeFiles/blink.dir/D_/Raspberry/RP2040/pico-sdk/src/common/pico_time/time.c.obj
                0x10001e70                alarm_pool_add_repeating_timer_us
 .text.sleep_until
                0x10001f08       0xfc CMakeFiles/blink.dir/D_/Raspberry/RP2040/pico-sdk/src/common/pico_time/time.c.obj
                0x10001f08                sleep_until
 .text.sleep_us
                0x10002004       0x58 CMakeFiles/blink.dir/D_/Raspberry/RP2040/pico-sdk/src/common/pico_time/time.c.obj
                0x10002004                sleep_us
 .text.sleep_ms
                0x1000205c       0x14 CMakeFiles/blink.dir/D_/Raspberry/RP2040/pico-sdk/src/common/pico_time/time.c.obj
                0x1000205c                sleep_ms
 .text.best_effort_wfe_or_timeout
                0x10002070       0x80 CMakeFiles/blink.dir/D_/Raspberry/RP2040/pico-sdk/src/common/pico_time/time.c.obj
                0x10002070                best_effort_wfe_or_timeout
 .text.hardware_alarm_irq_handler
                0x100020f0       0x88 CMakeFiles/blink.dir/D_/Raspberry/RP2040/pico-sdk/src/rp2_common/hardware_timer/timer.c.obj
 .text.hardware_alarm_claim
                0x10002178       0x18 CMakeFiles/blink.dir/D_/Raspberry/RP2040/pico-sdk/src/rp2_common/hardware_timer/timer.c.obj
                0x10002178                hardware_alarm_claim
 .text.time_us_64
                0x10002190       0x18 CMakeFiles/blink.dir/D_/Raspberry/RP2040/pico-sdk/src/rp2_common/hardware_timer/timer.c.obj
                0x10002190                time_us_64
 .text.busy_wait_until
                0x100021a8       0x28 CMakeFiles/blink.dir/D_/Raspberry/RP2040/pico-sdk/src/rp2_common/hardware_timer/timer.c.obj
                0x100021a8                busy_wait_until
 .text.hardware_alarm_set_callback
                0x100021d0       0x90 CMakeFiles/blink.dir/D_/Raspberry/RP2040/pico-sdk/src/rp2_common/hardware_timer/timer.c.obj
                0x100021d0                hardware_alarm_set_callback
 .text.hardware_alarm_set_target
                0x10002260       0xe8 CMakeFiles/blink.dir/D_/Raspberry/RP2040/pico-sdk/src/rp2_common/hardware_timer/timer.c.obj
                0x10002260                hardware_alarm_set_target
 .text.hardware_alarm_cancel
                0x10002348       0x40 CMakeFiles/blink.dir/D_/Raspberry/RP2040/pico-sdk/src/rp2_common/hardware_timer/timer.c.obj
                0x10002348                hardware_alarm_cancel
 .text.ph_add_child_node
                0x10002388       0xa0 CMakeFiles/blink.dir/D_/Raspberry/RP2040/pico-sdk/src/common/pico_util/pheap.c.obj
 .text.ph_merge_nodes
                0x10002428       0x3e CMakeFiles/blink.dir/D_/Raspberry/RP2040/pico-sdk/src/common/pico_util/pheap.c.obj
 *fill*         0x10002466        0x2 
 .text.ph_clear
                0x10002468       0x70 CMakeFiles/blink.dir/D_/Raspberry/RP2040/pico-sdk/src/common/pico_util/pheap.c.obj
                0x10002468                ph_clear
 .text.ph_post_alloc_init
                0x100024d8        0xe CMakeFiles/blink.dir/D_/Raspberry/RP2040/pico-sdk/src/common/pico_util/pheap.c.obj
                0x100024d8                ph_post_alloc_init
 *fill*         0x100024e6        0x2 
 .text.ph_merge_two_pass
                0x100024e8       0xa4 CMakeFiles/blink.dir/D_/Raspberry/RP2040/pico-sdk/src/common/pico_util/pheap.c.obj
                0x100024e8                ph_merge_two_pass
 .text.ph_remove_any_head
                0x1000258c      0x104 CMakeFiles/blink.dir/D_/Raspberry/RP2040/pico-sdk/src/common/pico_util/pheap.c.obj
 .text.ph_remove_head
                0x10002690       0x14 CMakeFiles/blink.dir/D_/Raspberry/RP2040/pico-sdk/src/common/pico_util/pheap.c.obj
                0x10002690                ph_remove_head
 .text.ph_remove_and_free_node
                0x100026a4       0xf8 CMakeFiles/blink.dir/D_/Raspberry/RP2040/pico-sdk/src/common/pico_util/pheap.c.obj
                0x100026a4                ph_remove_and_free_node
 .text.mutex_init
                0x1000279c       0x1a CMakeFiles/blink.dir/D_/Raspberry/RP2040/pico-sdk/src/common/pico_sync/mutex.c.obj
                0x1000279c                mutex_init
 .text.recursive_mutex_init
                0x100027b6       0x1e CMakeFiles/blink.dir/D_/Raspberry/RP2040/pico-sdk/src/common/pico_sync/mutex.c.obj
                0x100027b6                recursive_mutex_init
 .text.critical_section_init_with_lock_num
                0x100027d4       0x14 CMakeFiles/blink.dir/D_/Raspberry/RP2040/pico-sdk/src/common/pico_sync/critical_section.c.obj
                0x100027d4                critical_section_init_with_lock_num
 .text.critical_section_init
                0x100027e8       0x14 CMakeFiles/blink.dir/D_/Raspberry/RP2040/pico-sdk/src/common/pico_sync/critical_section.c.obj
                0x100027e8                critical_section_init
 .text._exit    0x100027fc        0x4 CMakeFiles/blink.dir/D_/Raspberry/RP2040/pico-sdk/src/rp2_common/pico_runtime/runtime.c.obj
                0x100027fc                _exit
 .text.exit     0x10002800        0x6 CMakeFiles/blink.dir/D_/Raspberry/RP2040/pico-sdk/src/rp2_common/pico_runtime/runtime.c.obj
                0x10002800                exit
 *fill*         0x10002806        0x2 
 .text.__assert_func
                0x10002808       0x3c CMakeFiles/blink.dir/D_/Raspberry/RP2040/pico-sdk/src/rp2_common/pico_runtime/runtime.c.obj
                0x10002808                __assert_func
 .text.runtime_init
                0x10002844       0xf8 CMakeFiles/blink.dir/D_/Raspberry/RP2040/pico-sdk/src/rp2_common/pico_runtime/runtime.c.obj
                0x10002844                runtime_init
 .text.panic    0x1000293c       0x30 CMakeFiles/blink.dir/D_/Raspberry/RP2040/pico-sdk/src/rp2_common/pico_runtime/runtime.c.obj
                0x1000293c                panic
 .text.clock_configure
                0x1000296c      0x104 CMakeFiles/blink.dir/D_/Raspberry/RP2040/pico-sdk/src/rp2_common/hardware_clocks/clocks.c.obj
                0x1000296c                clock_configure
 .text.clocks_init
                0x10002a70      0x100 CMakeFiles/blink.dir/D_/Raspberry/RP2040/pico-sdk/src/rp2_common/hardware_clocks/clocks.c.obj
                0x10002a70                clocks_init
 .text.clock_get_hz
                0x10002b70        0xc CMakeFiles/blink.dir/D_/Raspberry/RP2040/pico-sdk/src/rp2_common/hardware_clocks/clocks.c.obj
                0x10002b70                clock_get_hz
 .text.pll_init
                0x10002b7c      0x140 CMakeFiles/blink.dir/D_/Raspberry/RP2040/pico-sdk/src/rp2_common/hardware_pll/pll.c.obj
                0x10002b7c                pll_init
 .text.watchdog_start_tick
                0x10002cbc       0x10 CMakeFiles/blink.dir/D_/Raspberry/RP2040/pico-sdk/src/rp2_common/hardware_watchdog/watchdog.c.obj
                0x10002cbc                watchdog_start_tick
 .text.watchdog_update
                0x10002ccc       0x14 CMakeFiles/blink.dir/D_/Raspberry/RP2040/pico-sdk/src/rp2_common/hardware_watchdog/watchdog.c.obj
                0x10002ccc                watchdog_update
 .text._watchdog_enable
                0x10002ce0       0x78 CMakeFiles/blink.dir/D_/Raspberry/RP2040/pico-sdk/src/rp2_common/hardware_watchdog/watchdog.c.obj
                0x10002ce0                _watchdog_enable
 .text.watchdog_reboot
                0x10002d58       0x48 CMakeFiles/blink.dir/D_/Raspberry/RP2040/pico-sdk/src/rp2_common/hardware_watchdog/watchdog.c.obj
                0x10002d58                watchdog_reboot
 .text.xosc_init
                0x10002da0       0x28 CMakeFiles/blink.dir/D_/Raspberry/RP2040/pico-sdk/src/rp2_common/hardware_xosc/xosc.c.obj
                0x10002da0                xosc_init
 .text._out_buffer
                0x10002dc8        0x8 CMakeFiles/blink.dir/D_/Raspberry/RP2040/pico-sdk/src/rp2_common/pico_printf/printf.c.obj
 .text._out_null
                0x10002dd0        0x2 CMakeFiles/blink.dir/D_/Raspberry/RP2040/pico-sdk/src/rp2_common/pico_printf/printf.c.obj
 .text._out_fct
                0x10002dd2        0xe CMakeFiles/blink.dir/D_/Raspberry/RP2040/pico-sdk/src/rp2_common/pico_printf/printf.c.obj
 .text._atoi    0x10002de0       0x24 CMakeFiles/blink.dir/D_/Raspberry/RP2040/pico-sdk/src/rp2_common/pico_printf/printf.c.obj
 .text._out_rev
                0x10002e04       0xae CMakeFiles/blink.dir/D_/Raspberry/RP2040/pico-sdk/src/rp2_common/pico_printf/printf.c.obj
 .text._ntoa_format
                0x10002eb2      0x112 CMakeFiles/blink.dir/D_/Raspberry/RP2040/pico-sdk/src/rp2_common/pico_printf/printf.c.obj
 .text._ntoa_long
                0x10002fc4       0xbc CMakeFiles/blink.dir/D_/Raspberry/RP2040/pico-sdk/src/rp2_common/pico_printf/printf.c.obj
 .text._ntoa_long_long
                0x10003080       0xe2 CMakeFiles/blink.dir/D_/Raspberry/RP2040/pico-sdk/src/rp2_common/pico_printf/printf.c.obj
 *fill*         0x10003162        0x2 
 .text._etoa    0x10003164      0x414 CMakeFiles/blink.dir/D_/Raspberry/RP2040/pico-sdk/src/rp2_common/pico_printf/printf.c.obj
 .text._ftoa    0x10003578      0x354 CMakeFiles/blink.dir/D_/Raspberry/RP2040/pico-sdk/src/rp2_common/pico_printf/printf.c.obj
 .text._vsnprintf
                0x100038cc      0x650 CMakeFiles/blink.dir/D_/Raspberry/RP2040/pico-sdk/src/rp2_common/pico_printf/printf.c.obj
 .text.__wrap_sprintf
                0x10003f1c       0x2c CMakeFiles/blink.dir/D_/Raspberry/RP2040/pico-sdk/src/rp2_common/pico_printf/printf.c.obj
                0x10003f1c                __wrap_sprintf
 .text.vfctprintf
                0x10003f48       0x20 CMakeFiles/blink.dir/D_/Raspberry/RP2040/pico-sdk/src/rp2_common/pico_printf/printf.c.obj
                0x10003f48                vfctprintf
 .text          0x10003f68       0x10 CMakeFiles/blink.dir/D_/Raspberry/RP2040/pico-sdk/src/rp2_common/pico_bit_ops/bit_ops_aeabi.S.obj
 .text.rom_func_lookup
                0x10003f78       0x10 CMakeFiles/blink.dir/D_/Raspberry/RP2040/pico-sdk/src/rp2_common/pico_bootrom/bootrom.c.obj
                0x10003f78                rom_func_lookup
 .text.rom_data_lookup
                0x10003f88       0x10 CMakeFiles/blink.dir/D_/Raspberry/RP2040/pico-sdk/src/rp2_common/pico_bootrom/bootrom.c.obj
                0x10003f88                rom_data_lookup
 .text.rom_funcs_lookup
                0x10003f98       0x36 CMakeFiles/blink.dir/D_/Raspberry/RP2040/pico-sdk/src/rp2_common/pico_bootrom/bootrom.c.obj
                0x10003f98                rom_funcs_lookup
 *fill*         0x10003fce        0x2 
 .text.__wrap___aeabi_idiv
                0x10003fd0       0x50 CMakeFiles/blink.dir/D_/Raspberry/RP2040/pico-sdk/src/rp2_common/pico_divider/divider.S.obj
                0x10003fd0                __wrap___aeabi_idivmod
                0x10003fd0                divmod_s32s32
                0x10003fd0                div_s32s32
                0x10003fd0                __wrap___aeabi_idiv
                0x10003fd8                divmod_s32s32_unsafe
                0x10004004                divmod_s32s32_savestate
 .text.__wrap___aeabi_uidiv
                0x10004020       0x4c CMakeFiles/blink.dir/D_/Raspberry/RP2040/pico-sdk/src/rp2_common/pico_divider/divider.S.obj
                0x10004020                __wrap___aeabi_uidiv
                0x10004020                __wrap___aeabi_uidivmod
                0x10004020                div_u32u32
                0x10004020                divmod_u32u32
                0x10004028                divmod_u32u32_unsafe
                0x10004050                divmod_u32u32_savestate
 .text.__wrap___aeabi_ldiv
                0x1000406c      0x434 CMakeFiles/blink.dir/D_/Raspberry/RP2040/pico-sdk/src/rp2_common/pico_divider/divider.S.obj
                0x1000406c                div_s64s64
                0x1000406c                divmod_s64s64
                0x1000406c                __wrap___aeabi_ldivmod
                0x100040a4                divmod_u64u64
                0x100040a4                div_u64u64
                0x100040a4                __wrap___aeabi_uldivmod
                0x100040b4                divmod_u64u64_savestate
                0x100040dc                divmod_s64s64_unsafe
                0x10004164                divmod_u64u64_unsafe
 .text.push_r8_r11
                0x100044a0        0xc CMakeFiles/blink.dir/D_/Raspberry/RP2040/pico-sdk/src/rp2_common/pico_double/double_aeabi.S.obj
                0x100044a0                push_r8_r11
 .text.pop_r8_r11
                0x100044ac        0xc CMakeFiles/blink.dir/D_/Raspberry/RP2040/pico-sdk/src/rp2_common/pico_double/double_aeabi.S.obj
                0x100044ac                pop_r8_r11
 .text.__wrap___aeabi_darithmetic
                0x100044b8       0x80 CMakeFiles/blink.dir/D_/Raspberry/RP2040/pico-sdk/src/rp2_common/pico_double/double_aeabi.S.obj
                0x100044b8                __wrap___aeabi_drsub
                0x100044be                __wrap___aeabi_dsub
                0x100044d0                __wrap___aeabi_dadd
                0x100044e2                __wrap___aeabi_ddiv
                0x1000451e                __wrap___aeabi_dmul
 .text.__wrap___aeabi_cdcmple
                0x10004538       0x6c CMakeFiles/blink.dir/D_/Raspberry/RP2040/pico-sdk/src/rp2_common/pico_double/double_aeabi.S.obj
                0x10004538                __wrap___aeabi_cdrcmple
                0x10004548                __wrap___aeabi_cdcmpeq
                0x10004548                __wrap___aeabi_cdcmple
 .text.__wrap___aeabi_dcmplt
                0x100045a4        0xc CMakeFiles/blink.dir/D_/Raspberry/RP2040/pico-sdk/src/rp2_common/pico_double/double_aeabi.S.obj
                0x100045a4                __wrap___aeabi_dcmplt
 .text.__wrap___aeabi_dcmple
                0x100045b0       0x10 CMakeFiles/blink.dir/D_/Raspberry/RP2040/pico-sdk/src/rp2_common/pico_double/double_aeabi.S.obj
                0x100045b0                __wrap___aeabi_dcmple
 .text.__wrap___aeabi_dcmpge
                0x100045c0       0x10 CMakeFiles/blink.dir/D_/Raspberry/RP2040/pico-sdk/src/rp2_common/pico_double/double_aeabi.S.obj
                0x100045c0                __wrap___aeabi_dcmpge
 .text.__wrap___aeabi_dcmpgt
                0x100045d0        0xa CMakeFiles/blink.dir/D_/Raspberry/RP2040/pico-sdk/src/rp2_common/pico_double/double_aeabi.S.obj
                0x100045d0                __wrap___aeabi_dcmpgt
 .text.__wrap___aeabi_dcmpun
                0x100045da       0x1c CMakeFiles/blink.dir/D_/Raspberry/RP2040/pico-sdk/src/rp2_common/pico_double/double_aeabi.S.obj
                0x100045da                __wrap___aeabi_dcmpun
 *fill*         0x100045f6        0x2 
 .text.__wrap___aeabi_i2d
                0x100045f8       0x38 CMakeFiles/blink.dir/D_/Raspberry/RP2040/pico-sdk/src/rp2_common/pico_double/double_aeabi.S.obj
                0x100045f8                __wrap___aeabi_ui2d
                0x10004600                __wrap___aeabi_i2d
 .text.__wrap___aeabi_d2iz
                0x10004630       0x48 CMakeFiles/blink.dir/D_/Raspberry/RP2040/pico-sdk/src/rp2_common/pico_double/double_aeabi.S.obj
                0x10004630                double2int_z
                0x10004630                __wrap___aeabi_d2iz
 .text.__wrap___aeabi_d2uiz
                0x10004678       0x18 CMakeFiles/blink.dir/D_/Raspberry/RP2040/pico-sdk/src/rp2_common/pico_double/double_aeabi.S.obj
                0x10004678                __wrap___aeabi_d2uiz
                0x10004678                double2uint
 .text.fix642double
                0x10004690       0x18 CMakeFiles/blink.dir/D_/Raspberry/RP2040/pico-sdk/src/rp2_common/pico_double/double_aeabi.S.obj
                0x10004690                fix642double
 .text.__wrap___aeabi_d2f
                0x100046a8       0x18 CMakeFiles/blink.dir/D_/Raspberry/RP2040/pico-sdk/src/rp2_common/pico_double/double_aeabi.S.obj
                0x100046a8                __wrap___aeabi_d2f
 .text.__wrap_srqt
                0x100046c0       0x18 CMakeFiles/blink.dir/D_/Raspberry/RP2040/pico-sdk/src/rp2_common/pico_double/double_aeabi.S.obj
                0x100046c0                __wrap_sqrt
 .text.__wrap_sincostan_remainder
                0x100046d8       0x14 CMakeFiles/blink.dir/D_/Raspberry/RP2040/pico-sdk/src/rp2_common/pico_double/double_aeabi.S.obj
                0x100046d8                sincostan_remainder
 .text.__wrap_sin
                0x100046ec       0x2c CMakeFiles/blink.dir/D_/Raspberry/RP2040/pico-sdk/src/rp2_common/pico_double/double_aeabi.S.obj
                0x100046ec                __wrap_sin
 .text.__wrap_atan2
                0x10004718       0x18 CMakeFiles/blink.dir/D_/Raspberry/RP2040/pico-sdk/src/rp2_common/pico_double/double_aeabi.S.obj
                0x10004718                __wrap_atan2
 .text.__aeabi_double_init
                0x10004730       0xc8 CMakeFiles/blink.dir/D_/Raspberry/RP2040/pico-sdk/src/rp2_common/pico_double/double_init_rom.c.obj
                0x10004730                __aeabi_double_init
 .text.drem_0   0x100047f8      0x12e CMakeFiles/blink.dir/D_/Raspberry/RP2040/pico-sdk/src/rp2_common/pico_double/double_math.c.obj
 *fill*         0x10004926        0x2 
 .text.__wrap_asin
                0x10004928       0x60 CMakeFiles/blink.dir/D_/Raspberry/RP2040/pico-sdk/src/rp2_common/pico_double/double_math.c.obj
                0x10004928                __wrap_asin
 .text.__wrap_remquo
                0x10004988      0x17c CMakeFiles/blink.dir/D_/Raspberry/RP2040/pico-sdk/src/rp2_common/pico_double/double_math.c.obj
                0x10004988                __wrap_remquo
 .text.__wrap_remainder
                0x10004b04       0x10 CMakeFiles/blink.dir/D_/Raspberry/RP2040/pico-sdk/src/rp2_common/pico_double/double_math.c.obj
                0x10004b04                __wrap_remainder
 .text.double_table_shim_on_use_helper
                0x10004b14       0x34 CMakeFiles/blink.dir/D_/Raspberry/RP2040/pico-sdk/src/rp2_common/pico_double/double_v1_rom_shim.S.obj
                0x10004b14                double_table_shim_on_use_helper
 .text.__wrap___aeabi_dsub
                0x10004b48       0x10 CMakeFiles/blink.dir/D_/Raspberry/RP2040/pico-sdk/src/rp2_common/pico_double/double_v1_rom_shim.S.obj
                0x10004b48                drsub_shim
                0x10004b4e                dsub_shim
 .text.dadd_shim
                0x10004b58      0x15c CMakeFiles/blink.dir/D_/Raspberry/RP2040/pico-sdk/src/rp2_common/pico_double/double_v1_rom_shim.S.obj
                0x10004b58                dadd_shim
 .text.dmul_shim
                0x10004cb4      0x15c CMakeFiles/blink.dir/D_/Raspberry/RP2040/pico-sdk/src/rp2_common/pico_double/double_v1_rom_shim.S.obj
                0x10004cb4                dmul_shim
 .text.ddiv_shim
                0x10004e10      0x1b0 CMakeFiles/blink.dir/D_/Raspberry/RP2040/pico-sdk/src/rp2_common/pico_double/double_v1_rom_shim.S.obj
                0x10004e10                ddiv_shim
 .text.dsqrt_shim
                0x10004fc0      0x1a8 CMakeFiles/blink.dir/D_/Raspberry/RP2040/pico-sdk/src/rp2_common/pico_double/double_v1_rom_shim.S.obj
                0x10004fdc                dsqrt_shim
 .text.dcordic_vec_step
                0x10005168        0xe CMakeFiles/blink.dir/D_/Raspberry/RP2040/pico-sdk/src/rp2_common/pico_double/double_v1_rom_shim.S.obj
                0x10005168                dcordic_vec_step
 .text.dcordic_rot_step
                0x10005176       0x76 CMakeFiles/blink.dir/D_/Raspberry/RP2040/pico-sdk/src/rp2_common/pico_double/double_v1_rom_shim.S.obj
                0x10005176                dcordic_rot_step
 .text.double2uint_shim
                0x100051ec        0xe CMakeFiles/blink.dir/D_/Raspberry/RP2040/pico-sdk/src/rp2_common/pico_double/double_v1_rom_shim.S.obj
                0x100051ec                double2uint_shim
                0x100051ee                double2ufix_shim
 .text.double2int64_shim
                0x100051fa       0x1a CMakeFiles/blink.dir/D_/Raspberry/RP2040/pico-sdk/src/rp2_common/pico_double/double_v1_rom_shim.S.obj
                0x100051fa                double2int64_shim
                0x100051fc                double2fix64_shim
 .text.double2uint64_shim
                0x10005214       0x70 CMakeFiles/blink.dir/D_/Raspberry/RP2040/pico-sdk/src/rp2_common/pico_double/double_v1_rom_shim.S.obj
                0x10005214                double2uint64_shim
                0x10005216                double2ufix64_shim
                0x10005236                d2fix_a
 .text.double2float_shim
                0x10005284       0x5c CMakeFiles/blink.dir/D_/Raspberry/RP2040/pico-sdk/src/rp2_common/pico_double/double_v1_rom_shim.S.obj
                0x10005284                double2float_shim
 .text.x2double_shims
                0x100052e0       0x90 CMakeFiles/blink.dir/D_/Raspberry/RP2040/pico-sdk/src/rp2_common/pico_double/double_v1_rom_shim.S.obj
                0x100052e0                uint2double_shim
                0x100052e2                ufix2double_shim
                0x100052e8                int2double_shim
                0x100052ea                fix2double_shim
                0x100052f0                uint642double_shim
                0x100052f2                ufix642double_shim
                0x100052f8                int642double_shim
                0x100052fa                fix642double_shim
 .text.dunpacks
                0x10005370       0x3c CMakeFiles/blink.dir/D_/Raspberry/RP2040/pico-sdk/src/rp2_common/pico_double/double_v1_rom_shim.S.obj
                0x10005370                dunpacks
 .text.dreduce  0x100053ac       0x82 CMakeFiles/blink.dir/D_/Raspberry/RP2040/pico-sdk/src/rp2_common/pico_double/double_v1_rom_shim.S.obj
                0x100053ac                dreduce
 .text.dsin_shim
                0x1000542e       0x14 CMakeFiles/blink.dir/D_/Raspberry/RP2040/pico-sdk/src/rp2_common/pico_double/double_v1_rom_shim.S.obj
                0x1000542e                dsin_shim
 *fill*         0x10005442        0x2 
 .text.dtrig_guts
                0x10005444      0x2ec CMakeFiles/blink.dir/D_/Raspberry/RP2040/pico-sdk/src/rp2_common/pico_double/double_v1_rom_shim.S.obj
                0x1000551c                datan2_shim
 .text.__aeabi_lmul
                0x10005730       0x32 CMakeFiles/blink.dir/D_/Raspberry/RP2040/pico-sdk/src/rp2_common/pico_int64_ops/pico_int64_ops_aeabi.S.obj
                0x10005730                __wrap___aeabi_lmul
 *fill*         0x10005762        0x2 
 .text.__wrap___aeabi_farithmetic
                0x10005764       0x58 CMakeFiles/blink.dir/D_/Raspberry/RP2040/pico-sdk/src/rp2_common/pico_float/float_aeabi.S.obj
                0x10005764                __wrap___aeabi_frsub
                0x1000576a                __wrap___aeabi_fsub
                0x10005774                __wrap___aeabi_fadd
                0x1000577e                __wrap___aeabi_fdiv
                0x100057aa                __wrap___aeabi_fmul
 .text.__wrap___aeabi_i2f
                0x100057bc       0x44 CMakeFiles/blink.dir/D_/Raspberry/RP2040/pico-sdk/src/rp2_common/pico_float/float_aeabi.S.obj
                0x100057bc                __wrap___aeabi_i2f
 .text.__wrap___aeabi_f2iz
                0x10005800       0x4e CMakeFiles/blink.dir/D_/Raspberry/RP2040/pico-sdk/src/rp2_common/pico_float/float_aeabi.S.obj
                0x10005800                float2int_z
                0x10005800                __wrap___aeabi_f2iz
 *fill*         0x1000584e        0x2 
 .text.float2int
                0x10005850       0x14 CMakeFiles/blink.dir/D_/Raspberry/RP2040/pico-sdk/src/rp2_common/pico_float/float_aeabi.S.obj
                0x10005850                float2int
 .text.__wrap___aeabi_f2uiz
                0x10005864       0x10 CMakeFiles/blink.dir/D_/Raspberry/RP2040/pico-sdk/src/rp2_common/pico_float/float_aeabi.S.obj
                0x10005864                __wrap___aeabi_f2uiz
 .text.__wrap___aeabi_f2d
                0x10005874       0x14 CMakeFiles/blink.dir/D_/Raspberry/RP2040/pico-sdk/src/rp2_common/pico_float/float_aeabi.S.obj
                0x10005874                __wrap___aeabi_f2d
 .text.__aeabi_float_init
                0x10005888       0xfc CMakeFiles/blink.dir/D_/Raspberry/RP2040/pico-sdk/src/rp2_common/pico_float/float_init_rom.c.obj
                0x10005888                __aeabi_float_init
 .text.float_table_shim_on_use_helper
                0x10005984       0x34 CMakeFiles/blink.dir/D_/Raspberry/RP2040/pico-sdk/src/rp2_common/pico_float/float_v1_rom_shim.S.obj
                0x10005984                float_table_shim_on_use_helper
 .text.float232_shims
                0x100059b8       0x18 CMakeFiles/blink.dir/D_/Raspberry/RP2040/pico-sdk/src/rp2_common/pico_float/float_v1_rom_shim.S.obj
                0x100059b8                float2int_shim
                0x100059ba                float2fix_shim
 .text.float2double_shim
                0x100059d0       0x30 CMakeFiles/blink.dir/D_/Raspberry/RP2040/pico-sdk/src/rp2_common/pico_float/float_v1_rom_shim.S.obj
                0x100059d0                float2double_shim
 .text          0x10005a00       0x10 CMakeFiles/blink.dir/D_/Raspberry/RP2040/pico-sdk/src/rp2_common/pico_mem_ops/mem_ops_aeabi.S.obj
                0x10005a00                __aeabi_mem_init
 .text.memset   0x10005a10        0xc CMakeFiles/blink.dir/D_/Raspberry/RP2040/pico-sdk/src/rp2_common/pico_mem_ops/mem_ops_aeabi.S.obj
                0x10005a10                __wrap_memset
 .text.memcpy   0x10005a1c        0xc CMakeFiles/blink.dir/D_/Raspberry/RP2040/pico-sdk/src/rp2_common/pico_mem_ops/mem_ops_aeabi.S.obj
                0x10005a1c                __wrap_memcpy
                0x10005a1c                __wrap___aeabi_memcpy
 .text.stdio_out_chars_no_crlf
                0x10005a28        0xe CMakeFiles/blink.dir/D_/Raspberry/RP2040/pico-sdk/src/rp2_common/pico_stdio/stdio.c.obj
 *fill*         0x10005a36        0x2 
 .text.stdio_out_chars_crlf
                0x10005a38       0x80 CMakeFiles/blink.dir/D_/Raspberry/RP2040/pico-sdk/src/rp2_common/pico_stdio/stdio.c.obj
 .text.stdio_stack_buffer_flush
                0x10005ab8       0x44 CMakeFiles/blink.dir/D_/Raspberry/RP2040/pico-sdk/src/rp2_common/pico_stdio/stdio.c.obj
 .text.stdio_buffered_printer
                0x10005afc       0x20 CMakeFiles/blink.dir/D_/Raspberry/RP2040/pico-sdk/src/rp2_common/pico_stdio/stdio.c.obj
 .text.stdout_serialize_begin
                0x10005b1c       0x30 CMakeFiles/blink.dir/D_/Raspberry/RP2040/pico-sdk/src/rp2_common/pico_stdio/stdio.c.obj
                0x10005b1c                stdout_serialize_begin
 .text.stdout_serialize_end
                0x10005b4c       0x10 CMakeFiles/blink.dir/D_/Raspberry/RP2040/pico-sdk/src/rp2_common/pico_stdio/stdio.c.obj
                0x10005b4c                stdout_serialize_end
 .text.stdio_put_string
                0x10005b5c       0x98 CMakeFiles/blink.dir/D_/Raspberry/RP2040/pico-sdk/src/rp2_common/pico_stdio/stdio.c.obj
 .text.stdio_set_driver_enabled
                0x10005bf4       0x2c CMakeFiles/blink.dir/D_/Raspberry/RP2040/pico-sdk/src/rp2_common/pico_stdio/stdio.c.obj
                0x10005bf4                stdio_set_driver_enabled
 .text.stdio_flush
                0x10005c20       0x20 CMakeFiles/blink.dir/D_/Raspberry/RP2040/pico-sdk/src/rp2_common/pico_stdio/stdio.c.obj
                0x10005c20                stdio_flush
 .text.__wrap_puts
                0x10005c40       0x1e CMakeFiles/blink.dir/D_/Raspberry/RP2040/pico-sdk/src/rp2_common/pico_stdio/stdio.c.obj
                0x10005c40                __wrap_puts
 *fill*         0x10005c5e        0x2 
 .text.__wrap_vprintf
                0x10005c60       0x44 CMakeFiles/blink.dir/D_/Raspberry/RP2040/pico-sdk/src/rp2_common/pico_stdio/stdio.c.obj
                0x10005c60                __wrap_vprintf
 .text.__wrap_printf
                0x10005ca4       0x18 CMakeFiles/blink.dir/D_/Raspberry/RP2040/pico-sdk/src/rp2_common/pico_stdio/stdio.c.obj
                0x10005ca4                __wrap_printf
 .text.stdio_init_all
                0x10005cbc        0x8 CMakeFiles/blink.dir/D_/Raspberry/RP2040/pico-sdk/src/rp2_common/pico_stdio/stdio.c.obj
                0x10005cbc                stdio_init_all
 .text.resetd_init
                0x10005cc4        0x2 CMakeFiles/blink.dir/D_/Raspberry/RP2040/pico-sdk/src/rp2_common/pico_stdio_usb/reset_interface.c.obj
 *fill*         0x10005cc6        0x2 
 .text.resetd_reset
                0x10005cc8        0xc CMakeFiles/blink.dir/D_/Raspberry/RP2040/pico-sdk/src/rp2_common/pico_stdio_usb/reset_interface.c.obj
 .text.resetd_open
                0x10005cd4       0x34 CMakeFiles/blink.dir/D_/Raspberry/RP2040/pico-sdk/src/rp2_common/pico_stdio_usb/reset_interface.c.obj
 .text.resetd_xfer_cb
                0x10005d08        0x4 CMakeFiles/blink.dir/D_/Raspberry/RP2040/pico-sdk/src/rp2_common/pico_stdio_usb/reset_interface.c.obj
 .text.reset_usb_boot
                0x10005d0c       0x18 CMakeFiles/blink.dir/D_/Raspberry/RP2040/pico-sdk/src/rp2_common/pico_stdio_usb/reset_interface.c.obj
 .text.resetd_control_xfer_cb
                0x10005d24       0x5c CMakeFiles/blink.dir/D_/Raspberry/RP2040/pico-sdk/src/rp2_common/pico_stdio_usb/reset_interface.c.obj
 .text.usbd_app_driver_get_cb
                0x10005d80        0xc CMakeFiles/blink.dir/D_/Raspberry/RP2040/pico-sdk/src/rp2_common/pico_stdio_usb/reset_interface.c.obj
                0x10005d80                usbd_app_driver_get_cb
 .text.tud_cdc_line_coding_cb
                0x10005d8c       0x28 CMakeFiles/blink.dir/D_/Raspberry/RP2040/pico-sdk/src/rp2_common/pico_stdio_usb/reset_interface.c.obj
                0x10005d8c                tud_cdc_line_coding_cb
 .text.stdio_usb_in_chars
                0x10005db4       0x70 CMakeFiles/blink.dir/D_/Raspberry/RP2040/pico-sdk/src/rp2_common/pico_stdio_usb/stdio_usb.c.obj
                0x10005db4                stdio_usb_in_chars
 .text.low_priority_worker_irq
                0x10005e24       0x20 CMakeFiles/blink.dir/D_/Raspberry/RP2040/pico-sdk/src/rp2_common/pico_stdio_usb/stdio_usb.c.obj
 .text.stdio_usb_out_chars
                0x10005e44       0xd4 CMakeFiles/blink.dir/D_/Raspberry/RP2040/pico-sdk/src/rp2_common/pico_stdio_usb/stdio_usb.c.obj
 .text.timer_task
                0x10005f18       0x40 CMakeFiles/blink.dir/D_/Raspberry/RP2040/pico-sdk/src/rp2_common/pico_stdio_usb/stdio_usb.c.obj
 .text.usb_irq  0x10005f58       0x10 CMakeFiles/blink.dir/D_/Raspberry/RP2040/pico-sdk/src/rp2_common/pico_stdio_usb/stdio_usb.c.obj
 .text.stdio_usb_init
                0x10005f68       0xec CMakeFiles/blink.dir/D_/Raspberry/RP2040/pico-sdk/src/rp2_common/pico_stdio_usb/stdio_usb.c.obj
                0x10005f68                stdio_usb_init
 .text.tud_descriptor_device_cb
                0x10006054        0x8 CMakeFiles/blink.dir/D_/Raspberry/RP2040/pico-sdk/src/rp2_common/pico_stdio_usb/stdio_usb_descriptors.c.obj
                0x10006054                tud_descriptor_device_cb
 .text.tud_descriptor_configuration_cb
                0x1000605c        0x8 CMakeFiles/blink.dir/D_/Raspberry/RP2040/pico-sdk/src/rp2_common/pico_stdio_usb/stdio_usb_descriptors.c.obj
                0x1000605c                tud_descriptor_configuration_cb
 .text.tud_descriptor_string_cb
                0x10006064       0x6c CMakeFiles/blink.dir/D_/Raspberry/RP2040/pico-sdk/src/rp2_common/pico_stdio_usb/stdio_usb_descriptors.c.obj
                0x10006064                tud_descriptor_string_cb
 .text.hw_endpoint_get_by_addr
                0x100060d0       0x18 CMakeFiles/blink.dir/D_/Raspberry/RP2040/pico-sdk/lib/tinyusb/src/portable/raspberrypi/rp2040/dcd_rp2040.c.obj
 .text.reset_ep0_pid
                0x100060e8       0x28 CMakeFiles/blink.dir/D_/Raspberry/RP2040/pico-sdk/lib/tinyusb/src/portable/raspberrypi/rp2040/dcd_rp2040.c.obj
 .text._hw_endpoint_alloc
                0x10006110       0x70 CMakeFiles/blink.dir/D_/Raspberry/RP2040/pico-sdk/lib/tinyusb/src/portable/raspberrypi/rp2040/dcd_rp2040.c.obj
 .text.hw_endpoint_init
                0x10006180       0x88 CMakeFiles/blink.dir/D_/Raspberry/RP2040/pico-sdk/lib/tinyusb/src/portable/raspberrypi/rp2040/dcd_rp2040.c.obj
 .text.reset_non_control_endpoints
                0x10006208       0x40 CMakeFiles/blink.dir/D_/Raspberry/RP2040/pico-sdk/lib/tinyusb/src/portable/raspberrypi/rp2040/dcd_rp2040.c.obj
 .text.hw_handle_buff_status
                0x10006248       0x8c CMakeFiles/blink.dir/D_/Raspberry/RP2040/pico-sdk/lib/tinyusb/src/portable/raspberrypi/rp2040/dcd_rp2040.c.obj
 .text.dcd_rp2040_irq
                0x100062d4       0xc0 CMakeFiles/blink.dir/D_/Raspberry/RP2040/pico-sdk/lib/tinyusb/src/portable/raspberrypi/rp2040/dcd_rp2040.c.obj
 .text.hw_endpoint_xfer
                0x10006394       0x14 CMakeFiles/blink.dir/D_/Raspberry/RP2040/pico-sdk/lib/tinyusb/src/portable/raspberrypi/rp2040/dcd_rp2040.c.obj
 .text.dcd_int_enable
                0x100063a8       0x2c CMakeFiles/blink.dir/D_/Raspberry/RP2040/pico-sdk/lib/tinyusb/src/portable/raspberrypi/rp2040/dcd_rp2040.c.obj
                0x100063a8                dcd_int_enable
 .text.dcd_set_address
                0x100063d4       0x2c CMakeFiles/blink.dir/D_/Raspberry/RP2040/pico-sdk/lib/tinyusb/src/portable/raspberrypi/rp2040/dcd_rp2040.c.obj
                0x100063d4                dcd_set_address
 .text.dcd_connect
                0x10006400       0x10 CMakeFiles/blink.dir/D_/Raspberry/RP2040/pico-sdk/lib/tinyusb/src/portable/raspberrypi/rp2040/dcd_rp2040.c.obj
                0x10006400                dcd_connect
 .text.dcd_init
                0x10006410       0x7c CMakeFiles/blink.dir/D_/Raspberry/RP2040/pico-sdk/lib/tinyusb/src/portable/raspberrypi/rp2040/dcd_rp2040.c.obj
                0x10006410                dcd_init
 .text.dcd_edpt0_status_complete
                0x1000648c       0x1c CMakeFiles/blink.dir/D_/Raspberry/RP2040/pico-sdk/lib/tinyusb/src/portable/raspberrypi/rp2040/dcd_rp2040.c.obj
                0x1000648c                dcd_edpt0_status_complete
 .text.dcd_edpt_open
                0x100064a8       0x40 CMakeFiles/blink.dir/D_/Raspberry/RP2040/pico-sdk/lib/tinyusb/src/portable/raspberrypi/rp2040/dcd_rp2040.c.obj
                0x100064a8                dcd_edpt_open
 .text.dcd_edpt_close_all
                0x100064e8        0x8 CMakeFiles/blink.dir/D_/Raspberry/RP2040/pico-sdk/lib/tinyusb/src/portable/raspberrypi/rp2040/dcd_rp2040.c.obj
                0x100064e8                dcd_edpt_close_all
 .text.dcd_edpt_xfer
                0x100064f0       0x30 CMakeFiles/blink.dir/D_/Raspberry/RP2040/pico-sdk/lib/tinyusb/src/portable/raspberrypi/rp2040/dcd_rp2040.c.obj
                0x100064f0                dcd_edpt_xfer
 .text.dcd_edpt_stall
                0x10006520       0x2c CMakeFiles/blink.dir/D_/Raspberry/RP2040/pico-sdk/lib/tinyusb/src/portable/raspberrypi/rp2040/dcd_rp2040.c.obj
                0x10006520                dcd_edpt_stall
 .text.dcd_edpt_clear_stall
                0x1000654c       0x20 CMakeFiles/blink.dir/D_/Raspberry/RP2040/pico-sdk/lib/tinyusb/src/portable/raspberrypi/rp2040/dcd_rp2040.c.obj
                0x1000654c                dcd_edpt_clear_stall
 .text.prepare_ep_buffer
                0x1000656c       0x6c CMakeFiles/blink.dir/D_/Raspberry/RP2040/pico-sdk/lib/tinyusb/src/portable/raspberrypi/rp2040/rp2040_usb.c.obj
 .text.sync_ep_buffer
                0x100065d8       0x78 CMakeFiles/blink.dir/D_/Raspberry/RP2040/pico-sdk/lib/tinyusb/src/portable/raspberrypi/rp2040/rp2040_usb.c.obj
 .text._hw_endpoint_xfer_sync
                0x10006650       0x28 CMakeFiles/blink.dir/D_/Raspberry/RP2040/pico-sdk/lib/tinyusb/src/portable/raspberrypi/rp2040/rp2040_usb.c.obj
 .text.rp2040_usb_init
                0x10006678       0x4c CMakeFiles/blink.dir/D_/Raspberry/RP2040/pico-sdk/lib/tinyusb/src/portable/raspberrypi/rp2040/rp2040_usb.c.obj
                0x10006678                rp2040_usb_init
 .text.hw_endpoint_reset_transfer
                0x100066c4        0xc CMakeFiles/blink.dir/D_/Raspberry/RP2040/pico-sdk/lib/tinyusb/src/portable/raspberrypi/rp2040/rp2040_usb.c.obj
                0x100066c4                hw_endpoint_reset_transfer
 .text._hw_endpoint_buffer_control_update32
                0x100066d0       0x58 CMakeFiles/blink.dir/D_/Raspberry/RP2040/pico-sdk/lib/tinyusb/src/portable/raspberrypi/rp2040/rp2040_usb.c.obj
                0x100066d0                _hw_endpoint_buffer_control_update32
 .text._hw_endpoint_start_next_buffer
                0x10006728       0x74 CMakeFiles/blink.dir/D_/Raspberry/RP2040/pico-sdk/lib/tinyusb/src/portable/raspberrypi/rp2040/rp2040_usb.c.obj
 .text.hw_endpoint_xfer_start
                0x1000679c       0x48 CMakeFiles/blink.dir/D_/Raspberry/RP2040/pico-sdk/lib/tinyusb/src/portable/raspberrypi/rp2040/rp2040_usb.c.obj
                0x1000679c                hw_endpoint_xfer_start
 .text.hw_endpoint_xfer_continue
                0x100067e4       0x38 CMakeFiles/blink.dir/D_/Raspberry/RP2040/pico-sdk/lib/tinyusb/src/portable/raspberrypi/rp2040/rp2040_usb.c.obj
                0x100067e4                hw_endpoint_xfer_continue
 .text.configuration_reset
                0x1000681c       0x84 CMakeFiles/blink.dir/D_/Raspberry/RP2040/pico-sdk/lib/tinyusb/src/device/usbd.c.obj
 .text.usbd_reset
                0x100068a0        0xc CMakeFiles/blink.dir/D_/Raspberry/RP2040/pico-sdk/lib/tinyusb/src/device/usbd.c.obj
 .text.invoke_class_control
                0x100068ac       0x1a CMakeFiles/blink.dir/D_/Raspberry/RP2040/pico-sdk/lib/tinyusb/src/device/usbd.c.obj
 *fill*         0x100068c6        0x2 
 .text.process_set_config
                0x100068c8      0x1b0 CMakeFiles/blink.dir/D_/Raspberry/RP2040/pico-sdk/lib/tinyusb/src/device/usbd.c.obj
 .text.process_get_descriptor
                0x10006a78       0xec CMakeFiles/blink.dir/D_/Raspberry/RP2040/pico-sdk/lib/tinyusb/src/device/usbd.c.obj
 .text.tud_mounted
                0x10006b64       0x10 CMakeFiles/blink.dir/D_/Raspberry/RP2040/pico-sdk/lib/tinyusb/src/device/usbd.c.obj
                0x10006b64                tud_mounted
 .text.tud_suspended
                0x10006b74       0x10 CMakeFiles/blink.dir/D_/Raspberry/RP2040/pico-sdk/lib/tinyusb/src/device/usbd.c.obj
                0x10006b74                tud_suspended
 .text.tud_inited
                0x10006b84        0xc CMakeFiles/blink.dir/D_/Raspberry/RP2040/pico-sdk/lib/tinyusb/src/device/usbd.c.obj
                0x10006b84                tud_inited
 .text.tud_init
                0x10006b90       0xcc CMakeFiles/blink.dir/D_/Raspberry/RP2040/pico-sdk/lib/tinyusb/src/device/usbd.c.obj
                0x10006b90                tud_init
 .text.dcd_event_handler
                0x10006c5c      0x1e0 CMakeFiles/blink.dir/D_/Raspberry/RP2040/pico-sdk/lib/tinyusb/src/device/usbd.c.obj
                0x10006c5c                dcd_event_handler
 .text.dcd_event_bus_signal
                0x10006e3c       0x26 CMakeFiles/blink.dir/D_/Raspberry/RP2040/pico-sdk/lib/tinyusb/src/device/usbd.c.obj
                0x10006e3c                dcd_event_bus_signal
 .text.dcd_event_bus_reset
                0x10006e62       0x2a CMakeFiles/blink.dir/D_/Raspberry/RP2040/pico-sdk/lib/tinyusb/src/device/usbd.c.obj
                0x10006e62                dcd_event_bus_reset
 .text.dcd_event_setup_received
                0x10006e8c       0x34 CMakeFiles/blink.dir/D_/Raspberry/RP2040/pico-sdk/lib/tinyusb/src/device/usbd.c.obj
                0x10006e8c                dcd_event_setup_received
 .text.dcd_event_xfer_complete
                0x10006ec0       0x44 CMakeFiles/blink.dir/D_/Raspberry/RP2040/pico-sdk/lib/tinyusb/src/device/usbd.c.obj
                0x10006ec0                dcd_event_xfer_complete
 .text.usbd_edpt_open
                0x10006f04       0x58 CMakeFiles/blink.dir/D_/Raspberry/RP2040/pico-sdk/lib/tinyusb/src/device/usbd.c.obj
                0x10006f04                usbd_edpt_open
 .text.usbd_open_edpt_pair
                0x10006f5c       0x8c CMakeFiles/blink.dir/D_/Raspberry/RP2040/pico-sdk/lib/tinyusb/src/device/usbd.c.obj
                0x10006f5c                usbd_open_edpt_pair
 .text.usbd_edpt_claim
                0x10006fe8       0x8c CMakeFiles/blink.dir/D_/Raspberry/RP2040/pico-sdk/lib/tinyusb/src/device/usbd.c.obj
                0x10006fe8                usbd_edpt_claim
 .text.usbd_edpt_release
                0x10007074       0x68 CMakeFiles/blink.dir/D_/Raspberry/RP2040/pico-sdk/lib/tinyusb/src/device/usbd.c.obj
                0x10007074                usbd_edpt_release
 .text.usbd_edpt_xfer
                0x100070dc       0x84 CMakeFiles/blink.dir/D_/Raspberry/RP2040/pico-sdk/lib/tinyusb/src/device/usbd.c.obj
                0x100070dc                usbd_edpt_xfer
 .text.usbd_edpt_stall
                0x10007160       0x40 CMakeFiles/blink.dir/D_/Raspberry/RP2040/pico-sdk/lib/tinyusb/src/device/usbd.c.obj
                0x10007160                usbd_edpt_stall
 .text.usbd_edpt_clear_stall
                0x100071a0       0x40 CMakeFiles/blink.dir/D_/Raspberry/RP2040/pico-sdk/lib/tinyusb/src/device/usbd.c.obj
                0x100071a0                usbd_edpt_clear_stall
 .text.usbd_edpt_stalled
                0x100071e0       0x1c CMakeFiles/blink.dir/D_/Raspberry/RP2040/pico-sdk/lib/tinyusb/src/device/usbd.c.obj
                0x100071e0                usbd_edpt_stalled
 .text.process_control_request
                0x100071fc      0x3b8 CMakeFiles/blink.dir/D_/Raspberry/RP2040/pico-sdk/lib/tinyusb/src/device/usbd.c.obj
 .text.tud_task
                0x100075b4      0x218 CMakeFiles/blink.dir/D_/Raspberry/RP2040/pico-sdk/lib/tinyusb/src/device/usbd.c.obj
                0x100075b4                tud_task
 .text._data_stage_xact
                0x100077cc       0x58 CMakeFiles/blink.dir/D_/Raspberry/RP2040/pico-sdk/lib/tinyusb/src/device/usbd_control.c.obj
 .text.tud_control_status
                0x10007824       0x38 CMakeFiles/blink.dir/D_/Raspberry/RP2040/pico-sdk/lib/tinyusb/src/device/usbd_control.c.obj
                0x10007824                tud_control_status
 .text.tud_control_xfer
                0x1000785c       0xa8 CMakeFiles/blink.dir/D_/Raspberry/RP2040/pico-sdk/lib/tinyusb/src/device/usbd_control.c.obj
                0x1000785c                tud_control_xfer
 .text.usbd_control_reset
                0x10007904       0x14 CMakeFiles/blink.dir/D_/Raspberry/RP2040/pico-sdk/lib/tinyusb/src/device/usbd_control.c.obj
                0x10007904                usbd_control_reset
 .text.usbd_control_set_complete_callback
                0x10007918        0xc CMakeFiles/blink.dir/D_/Raspberry/RP2040/pico-sdk/lib/tinyusb/src/device/usbd_control.c.obj
                0x10007918                usbd_control_set_complete_callback
 .text.usbd_control_set_request
                0x10007924       0x1c CMakeFiles/blink.dir/D_/Raspberry/RP2040/pico-sdk/lib/tinyusb/src/device/usbd_control.c.obj
                0x10007924                usbd_control_set_request
 .text.usbd_control_xfer_cb
                0x10007940       0xfc CMakeFiles/blink.dir/D_/Raspberry/RP2040/pico-sdk/lib/tinyusb/src/device/usbd_control.c.obj
                0x10007940                usbd_control_xfer_cb
 .text._prep_out_transaction
                0x10007a3c       0x46 CMakeFiles/blink.dir/D_/Raspberry/RP2040/pico-sdk/lib/tinyusb/src/class/cdc/cdc_device.c.obj
 *fill*         0x10007a82        0x2 
 .text.tud_cdc_n_connected
                0x10007a84       0x44 CMakeFiles/blink.dir/D_/Raspberry/RP2040/pico-sdk/lib/tinyusb/src/class/cdc/cdc_device.c.obj
                0x10007a84                tud_cdc_n_connected
 .text.tud_cdc_n_available
                0x10007ac8       0x18 CMakeFiles/blink.dir/D_/Raspberry/RP2040/pico-sdk/lib/tinyusb/src/class/cdc/cdc_device.c.obj
                0x10007ac8                tud_cdc_n_available
 .text.tud_cdc_n_read
                0x10007ae0       0x28 CMakeFiles/blink.dir/D_/Raspberry/RP2040/pico-sdk/lib/tinyusb/src/class/cdc/cdc_device.c.obj
                0x10007ae0                tud_cdc_n_read
 .text.tud_cdc_n_write_flush
                0x10007b08       0xcc CMakeFiles/blink.dir/D_/Raspberry/RP2040/pico-sdk/lib/tinyusb/src/class/cdc/cdc_device.c.obj
                0x10007b08                tud_cdc_n_write_flush
 .text.tud_cdc_n_write
                0x10007bd4       0x38 CMakeFiles/blink.dir/D_/Raspberry/RP2040/pico-sdk/lib/tinyusb/src/class/cdc/cdc_device.c.obj
                0x10007bd4                tud_cdc_n_write
 .text.tud_cdc_n_write_available
                0x10007c0c       0x1c CMakeFiles/blink.dir/D_/Raspberry/RP2040/pico-sdk/lib/tinyusb/src/class/cdc/cdc_device.c.obj
                0x10007c0c                tud_cdc_n_write_available
 .text.cdcd_init
                0x10007c28       0xbc CMakeFiles/blink.dir/D_/Raspberry/RP2040/pico-sdk/lib/tinyusb/src/class/cdc/cdc_device.c.obj
                0x10007c28                cdcd_init
 .text.cdcd_reset
                0x10007ce4       0x44 CMakeFiles/blink.dir/D_/Raspberry/RP2040/pico-sdk/lib/tinyusb/src/class/cdc/cdc_device.c.obj
                0x10007ce4                cdcd_reset
 .text.cdcd_open
                0x10007d28       0xf8 CMakeFiles/blink.dir/D_/Raspberry/RP2040/pico-sdk/lib/tinyusb/src/class/cdc/cdc_device.c.obj
                0x10007d28                cdcd_open
 .text.cdcd_control_xfer_cb
                0x10007e20      0x134 CMakeFiles/blink.dir/D_/Raspberry/RP2040/pico-sdk/lib/tinyusb/src/class/cdc/cdc_device.c.obj
                0x10007e20                cdcd_control_xfer_cb
 .text.cdcd_xfer_cb
                0x10007f54      0x144 CMakeFiles/blink.dir/D_/Raspberry/RP2040/pico-sdk/lib/tinyusb/src/class/cdc/cdc_device.c.obj
                0x10007f54                cdcd_xfer_cb
 .text.tusb_init
                0x10008098       0x24 CMakeFiles/blink.dir/D_/Raspberry/RP2040/pico-sdk/lib/tinyusb/src/tusb.c.obj
                0x10008098                tusb_init
 .text.tusb_inited
                0x100080bc        0xe CMakeFiles/blink.dir/D_/Raspberry/RP2040/pico-sdk/lib/tinyusb/src/tusb.c.obj
                0x100080bc                tusb_inited
 *fill*         0x100080ca        0x2 
 .text.tu_edpt_validate
                0x100080cc       0xa8 CMakeFiles/blink.dir/D_/Raspberry/RP2040/pico-sdk/lib/tinyusb/src/tusb.c.obj
                0x100080cc                tu_edpt_validate
 .text.tu_edpt_bind_driver
                0x10008174       0x2a CMakeFiles/blink.dir/D_/Raspberry/RP2040/pico-sdk/lib/tinyusb/src/tusb.c.obj
                0x10008174                tu_edpt_bind_driver
 .text.advance_pointer
                0x1000819e       0x18 CMakeFiles/blink.dir/D_/Raspberry/RP2040/pico-sdk/lib/tinyusb/src/common/tusb_fifo.c.obj
 .text.backward_pointer
                0x100081b6       0x1e CMakeFiles/blink.dir/D_/Raspberry/RP2040/pico-sdk/lib/tinyusb/src/common/tusb_fifo.c.obj
 .text.get_relative_pointer
                0x100081d4       0x10 CMakeFiles/blink.dir/D_/Raspberry/RP2040/pico-sdk/lib/tinyusb/src/common/tusb_fifo.c.obj
 .text._tu_fifo_peek
                0x100081e4       0x50 CMakeFiles/blink.dir/D_/Raspberry/RP2040/pico-sdk/lib/tinyusb/src/common/tusb_fifo.c.obj
 .text._ff_pull_const_addr
                0x10008234       0x4c CMakeFiles/blink.dir/D_/Raspberry/RP2040/pico-sdk/lib/tinyusb/src/common/tusb_fifo.c.obj
 .text._ff_pull_n
                0x10008280      0x10c CMakeFiles/blink.dir/D_/Raspberry/RP2040/pico-sdk/lib/tinyusb/src/common/tusb_fifo.c.obj
 .text._tu_fifo_peek_n
                0x1000838c       0x5e CMakeFiles/blink.dir/D_/Raspberry/RP2040/pico-sdk/lib/tinyusb/src/common/tusb_fifo.c.obj
 .text._tu_fifo_read_n
                0x100083ea       0x4e CMakeFiles/blink.dir/D_/Raspberry/RP2040/pico-sdk/lib/tinyusb/src/common/tusb_fifo.c.obj
 .text._ff_push_const_addr
                0x10008438       0x40 CMakeFiles/blink.dir/D_/Raspberry/RP2040/pico-sdk/lib/tinyusb/src/common/tusb_fifo.c.obj
 .text._ff_push_n
                0x10008478      0x108 CMakeFiles/blink.dir/D_/Raspberry/RP2040/pico-sdk/lib/tinyusb/src/common/tusb_fifo.c.obj
 .text._tu_fifo_write_n
                0x10008580       0x9e CMakeFiles/blink.dir/D_/Raspberry/RP2040/pico-sdk/lib/tinyusb/src/common/tusb_fifo.c.obj
 .text.tu_fifo_config
                0x1000861e       0x72 CMakeFiles/blink.dir/D_/Raspberry/RP2040/pico-sdk/lib/tinyusb/src/common/tusb_fifo.c.obj
                0x1000861e                tu_fifo_config
 .text.tu_fifo_count
                0x10008690       0x26 CMakeFiles/blink.dir/D_/Raspberry/RP2040/pico-sdk/lib/tinyusb/src/common/tusb_fifo.c.obj
                0x10008690                tu_fifo_count
 .text.tu_fifo_empty
                0x100086b6        0xe CMakeFiles/blink.dir/D_/Raspberry/RP2040/pico-sdk/lib/tinyusb/src/common/tusb_fifo.c.obj
                0x100086b6                tu_fifo_empty
 .text.tu_fifo_remaining
                0x100086c4       0x20 CMakeFiles/blink.dir/D_/Raspberry/RP2040/pico-sdk/lib/tinyusb/src/common/tusb_fifo.c.obj
                0x100086c4                tu_fifo_remaining
 .text.tu_fifo_read
                0x100086e4       0x42 CMakeFiles/blink.dir/D_/Raspberry/RP2040/pico-sdk/lib/tinyusb/src/common/tusb_fifo.c.obj
                0x100086e4                tu_fifo_read
 .text.tu_fifo_read_n
                0x10008726        0xa CMakeFiles/blink.dir/D_/Raspberry/RP2040/pico-sdk/lib/tinyusb/src/common/tusb_fifo.c.obj
                0x10008726                tu_fifo_read_n
 .text.tu_fifo_write
                0x10008730       0x6a CMakeFiles/blink.dir/D_/Raspberry/RP2040/pico-sdk/lib/tinyusb/src/common/tusb_fifo.c.obj
                0x10008730                tu_fifo_write
 .text.tu_fifo_write_n
                0x1000879a        0xa CMakeFiles/blink.dir/D_/Raspberry/RP2040/pico-sdk/lib/tinyusb/src/common/tusb_fifo.c.obj
                0x1000879a                tu_fifo_write_n
 .text.tu_fifo_clear
                0x100087a4       0x4c CMakeFiles/blink.dir/D_/Raspberry/RP2040/pico-sdk/lib/tinyusb/src/common/tusb_fifo.c.obj
                0x100087a4                tu_fifo_clear
 .text.tu_fifo_set_overwritable
                0x100087f0       0x3c CMakeFiles/blink.dir/D_/Raspberry/RP2040/pico-sdk/lib/tinyusb/src/common/tusb_fifo.c.obj
                0x100087f0                tu_fifo_set_overwritable
 .text._retrieve_unique_id_on_boot
                0x1000882c       0x10 CMakeFiles/blink.dir/D_/Raspberry/RP2040/pico-sdk/src/rp2_common/pico_unique_id/unique_id.c.obj
 .text.pico_get_unique_board_id_string
                0x1000883c       0x5c CMakeFiles/blink.dir/D_/Raspberry/RP2040/pico-sdk/src/rp2_common/pico_unique_id/unique_id.c.obj
                0x1000883c                pico_get_unique_board_id_string
 .text.flash_get_unique_id
                0x10008898       0x46 CMakeFiles/blink.dir/D_/Raspberry/RP2040/pico-sdk/src/rp2_common/hardware_flash/flash.c.obj
                0x10008898                flash_get_unique_id
 .text.spi_set_baudrate
                0x100088de       0x92 CMakeFiles/blink.dir/D_/Raspberry/RP2040/pico-sdk/src/rp2_common/hardware_spi/spi.c.obj
                0x100088de                spi_set_baudrate
 .text.spi_init
                0x10008970       0x68 CMakeFiles/blink.dir/D_/Raspberry/RP2040/pico-sdk/src/rp2_common/hardware_spi/spi.c.obj
                0x10008970                spi_init
 .text.i2c_write_blocking_internal
                0x100089d8      0x140 CMakeFiles/blink.dir/D_/Raspberry/RP2040/pico-sdk/src/rp2_common/hardware_i2c/i2c.c.obj
 .text.i2c_read_blocking_internal
                0x10008b18       0xea CMakeFiles/blink.dir/D_/Raspberry/RP2040/pico-sdk/src/rp2_common/hardware_i2c/i2c.c.obj
 *fill*         0x10008c02        0x2 
 .text.i2c_set_baudrate
                0x10008c04       0xf0 CMakeFiles/blink.dir/D_/Raspberry/RP2040/pico-sdk/src/rp2_common/hardware_i2c/i2c.c.obj
                0x10008c04                i2c_set_baudrate
 .text.i2c_init
                0x10008cf4       0x58 CMakeFiles/blink.dir/D_/Raspberry/RP2040/pico-sdk/src/rp2_common/hardware_i2c/i2c.c.obj
                0x10008cf4                i2c_init
 .text.i2c_write_blocking
                0x10008d4c       0x18 CMakeFiles/blink.dir/D_/Raspberry/RP2040/pico-sdk/src/rp2_common/hardware_i2c/i2c.c.obj
                0x10008d4c                i2c_write_blocking
 .text.i2c_read_blocking
                0x10008d64       0x18 CMakeFiles/blink.dir/D_/Raspberry/RP2040/pico-sdk/src/rp2_common/hardware_i2c/i2c.c.obj
                0x10008d64                i2c_read_blocking
 .text.strlen   0x10008d7c       0x5c d:/arm toolchain/11.3 rel1/bin/../lib/gcc/arm-none-eabi/11.3.1/thumb/v6-m/nofp\libg.a(libc_a-strlen-stub.o)
                0x10008d7c                strlen
 *(.fini)
 .fini          0x10008dd8        0x4 d:/arm toolchain/11.3 rel1/bin/../lib/gcc/arm-none-eabi/11.3.1/thumb/v6-m/nofp/crti.o
                0x10008dd8                _fini
 *fill*         0x10008ddc        0x4 
 .fini.__stub   0x10008de0       0x90 linker stubs
 *crtbegin.o(.ctors)
 *crtbegin?.o(.ctors)
 *(EXCLUDE_FILE(*crtend.o *crtend?.o) .ctors)
 *(SORT_BY_NAME(.ctors.*))
 *(.ctors)
 *crtbegin.o(.dtors)
 *crtbegin?.o(.dtors)
 *(EXCLUDE_FILE(*crtend.o *crtend?.o) .dtors)
 *(SORT_BY_NAME(.dtors.*))
 *(.dtors)
 *(.eh_frame*)
 .eh_frame      0x10008e70        0x0 d:/arm toolchain/11.3 rel1/bin/../lib/gcc/arm-none-eabi/11.3.1/thumb/v6-m/nofp/crtbegin.o
                0x10008e70                . = ALIGN (0x4)

.glue_7         0x10008e70        0x0
 .glue_7        0x10008e70        0x0 linker stubs

.glue_7t        0x10008e70        0x0
 .glue_7t       0x10008e70        0x0 linker stubs

.vfp11_veneer   0x10008e70        0x0
 .vfp11_veneer  0x10008e70        0x0 linker stubs

.v4_bx          0x10008e70        0x0
 .v4_bx         0x10008e70        0x0 linker stubs

.iplt           0x10008e70        0x0
 .iplt          0x10008e70        0x0 d:/arm toolchain/11.3 rel1/bin/../lib/gcc/arm-none-eabi/11.3.1/thumb/v6-m/nofp/crtbegin.o

.rodata         0x10008e70     0x1774
 *(EXCLUDE_FILE(*libm.a: *libc.a:*lib_a-mem*.o *libgcc.a:) .rodata*)
 .rodata.get_absolute_time.str1.4
                0x10008e70       0x63 CMakeFiles/blink.dir/main.c.obj
 *fill*         0x10008ed3        0x1 
 .rodata.config.str1.4
                0x10008ed4        0x6 CMakeFiles/blink.dir/main.c.obj
 *fill*         0x10008eda        0x2 
 .rodata.main.str1.4
                0x10008edc       0x15 CMakeFiles/blink.dir/main.c.obj
 *fill*         0x10008ef1        0x3 
 .rodata.__func__.0
                0x10008ef4       0x15 CMakeFiles/blink.dir/main.c.obj
 *fill*         0x10008f09        0x3 
 .rodata.spin_lock_claim_unused.str1.4
                0x10008f0c       0x1b CMakeFiles/blink.dir/D_/Raspberry/RP2040/pico-sdk/src/rp2_common/hardware_sync/sync.c.obj
 *fill*         0x10008f27        0x1 
 .rodata.make_branch.str1.4
                0x10008f28       0x6f CMakeFiles/blink.dir/D_/Raspberry/RP2040/pico-sdk/src/rp2_common/hardware_irq/irq.c.obj
 *fill*         0x10008f97        0x1 
 .rodata.insert_branch_and_link.str1.4
                0x10008f98       0x10 CMakeFiles/blink.dir/D_/Raspberry/RP2040/pico-sdk/src/rp2_common/hardware_irq/irq.c.obj
 .rodata.irq_set_exclusive_handler.str1.4
                0x10008fa8       0x36 CMakeFiles/blink.dir/D_/Raspberry/RP2040/pico-sdk/src/rp2_common/hardware_irq/irq.c.obj
 *fill*         0x10008fde        0x2 
 .rodata.irq_add_shared_handler.str1.4
                0x10008fe0       0xd9 CMakeFiles/blink.dir/D_/Raspberry/RP2040/pico-sdk/src/rp2_common/hardware_irq/irq.c.obj
 *fill*         0x100090b9        0x3 
 .rodata.irq_remove_handler.str1.4
                0x100090bc       0x2a CMakeFiles/blink.dir/D_/Raspberry/RP2040/pico-sdk/src/rp2_common/hardware_irq/irq.c.obj
 *fill*         0x100090e6        0x2 
 .rodata.irq_add_tail_to_free_list.str1.4
                0x100090e8       0x3a CMakeFiles/blink.dir/D_/Raspberry/RP2040/pico-sdk/src/rp2_common/hardware_irq/irq.c.obj
 *fill*         0x10009122        0x2 
 .rodata.user_irq_claim_unused.str1.4
                0x10009124       0x1b CMakeFiles/blink.dir/D_/Raspberry/RP2040/pico-sdk/src/rp2_common/hardware_irq/irq.c.obj
 *fill*         0x1000913f        0x1 
 .rodata.__func__.0
                0x10009140       0x1a CMakeFiles/blink.dir/D_/Raspberry/RP2040/pico-sdk/src/rp2_common/hardware_irq/irq.c.obj
 *fill*         0x1000915a        0x2 
 .rodata.__func__.1
                0x1000915c       0x17 CMakeFiles/blink.dir/D_/Raspberry/RP2040/pico-sdk/src/rp2_common/hardware_irq/irq.c.obj
 *fill*         0x10009173        0x1 
 .rodata.__func__.2
                0x10009174       0x13 CMakeFiles/blink.dir/D_/Raspberry/RP2040/pico-sdk/src/rp2_common/hardware_irq/irq.c.obj
 *fill*         0x10009187        0x1 
 .rodata.__func__.3
                0x10009188        0xc CMakeFiles/blink.dir/D_/Raspberry/RP2040/pico-sdk/src/rp2_common/hardware_irq/irq.c.obj
 .rodata.__func__.4
                0x10009194        0xf CMakeFiles/blink.dir/D_/Raspberry/RP2040/pico-sdk/src/rp2_common/hardware_irq/irq.c.obj
 *fill*         0x100091a3        0x1 
 .rodata.__func__.5
                0x100091a4       0x17 CMakeFiles/blink.dir/D_/Raspberry/RP2040/pico-sdk/src/rp2_common/hardware_irq/irq.c.obj
 *fill*         0x100091bb        0x1 
 .rodata.__func__.6
                0x100091bc       0x1a CMakeFiles/blink.dir/D_/Raspberry/RP2040/pico-sdk/src/rp2_common/hardware_irq/irq.c.obj
 *fill*         0x100091d6        0x2 
 .rodata.repeating_timer_callback.str1.4
                0x100091d8       0x4d CMakeFiles/blink.dir/D_/Raspberry/RP2040/pico-sdk/src/common/pico_time/time.c.obj
 *fill*         0x10009225        0x3 
 .rodata.alarm_pool_dump_key.str1.4
                0x10009228       0x33 CMakeFiles/blink.dir/D_/Raspberry/RP2040/pico-sdk/src/common/pico_time/time.c.obj
 *fill*         0x1000925b        0x1 
 .rodata.ph_add_child_node.str1.4
                0x1000925c       0x96 CMakeFiles/blink.dir/D_/Raspberry/RP2040/pico-sdk/src/common/pico_time/time.c.obj
 *fill*         0x100092f2        0x2 
 .rodata.add_alarm_under_lock.str1.4
                0x100092f4       0x28 CMakeFiles/blink.dir/D_/Raspberry/RP2040/pico-sdk/src/common/pico_time/time.c.obj
                                 0x2b (size before relaxing)
 .rodata.alarm_pool_alarm_callback.str1.4
                0x1000931c       0x82 CMakeFiles/blink.dir/D_/Raspberry/RP2040/pico-sdk/src/common/pico_time/time.c.obj
                                 0xe6 (size before relaxing)
 *fill*         0x1000939e        0x2 
 .rodata.alarm_pool_get_default.str1.4
                0x100093a0       0x21 CMakeFiles/blink.dir/D_/Raspberry/RP2040/pico-sdk/src/common/pico_time/time.c.obj
 *fill*         0x100093c1        0x3 
 .rodata.alarm_pool_cancel_alarm.str1.4
                0x100093c4       0x27 CMakeFiles/blink.dir/D_/Raspberry/RP2040/pico-sdk/src/common/pico_time/time.c.obj
 *fill*         0x100093eb        0x1 
 .rodata.sleep_until.str1.4
                0x100093ec       0x4d CMakeFiles/blink.dir/D_/Raspberry/RP2040/pico-sdk/src/common/pico_time/time.c.obj
 *fill*         0x10009439        0x3 
 .rodata.__func__.0
                0x1000943c       0x19 CMakeFiles/blink.dir/D_/Raspberry/RP2040/pico-sdk/src/common/pico_time/time.c.obj
 *fill*         0x10009455        0x3 
 .rodata.__func__.1
                0x10009458       0x18 CMakeFiles/blink.dir/D_/Raspberry/RP2040/pico-sdk/src/common/pico_time/time.c.obj
 .rodata.__func__.10
                0x10009470       0x15 CMakeFiles/blink.dir/D_/Raspberry/RP2040/pico-sdk/src/common/pico_time/time.c.obj
 *fill*         0x10009485        0x3 
 .rodata.__func__.11
                0x10009488       0x1a CMakeFiles/blink.dir/D_/Raspberry/RP2040/pico-sdk/src/common/pico_time/time.c.obj
 *fill*         0x100094a2        0x2 
 .rodata.__func__.12
                0x100094a4        0xa CMakeFiles/blink.dir/D_/Raspberry/RP2040/pico-sdk/src/common/pico_time/time.c.obj
 *fill*         0x100094ae        0x2 
 .rodata.__func__.3
                0x100094b0       0x17 CMakeFiles/blink.dir/D_/Raspberry/RP2040/pico-sdk/src/common/pico_time/time.c.obj
 *fill*         0x100094c7        0x1 
 .rodata.__func__.4
                0x100094c8       0x12 CMakeFiles/blink.dir/D_/Raspberry/RP2040/pico-sdk/src/common/pico_time/time.c.obj
 *fill*         0x100094da        0x2 
 .rodata.__func__.5
                0x100094dc        0xd CMakeFiles/blink.dir/D_/Raspberry/RP2040/pico-sdk/src/common/pico_time/time.c.obj
 *fill*         0x100094e9        0x3 
 .rodata.__func__.6
                0x100094ec       0x12 CMakeFiles/blink.dir/D_/Raspberry/RP2040/pico-sdk/src/common/pico_time/time.c.obj
 *fill*         0x100094fe        0x2 
 .rodata.__func__.7
                0x10009500        0xf CMakeFiles/blink.dir/D_/Raspberry/RP2040/pico-sdk/src/common/pico_time/time.c.obj
 *fill*         0x1000950f        0x1 
 .rodata.__func__.8
                0x10009510        0xc CMakeFiles/blink.dir/D_/Raspberry/RP2040/pico-sdk/src/common/pico_time/time.c.obj
 .rodata.__func__.9
                0x1000951c       0x15 CMakeFiles/blink.dir/D_/Raspberry/RP2040/pico-sdk/src/common/pico_time/time.c.obj
 *fill*         0x10009531        0x3 
 .rodata.hardware_alarm_claim.str1.4
                0x10009534       0x22 CMakeFiles/blink.dir/D_/Raspberry/RP2040/pico-sdk/src/rp2_common/hardware_timer/timer.c.obj
 *fill*         0x10009556        0x2 
 .rodata.hardware_alarm_set_target.str1.4
                0x10009558       0x67 CMakeFiles/blink.dir/D_/Raspberry/RP2040/pico-sdk/src/rp2_common/hardware_timer/timer.c.obj
 *fill*         0x100095bf        0x1 
 .rodata.__func__.0
                0x100095c0       0x1a CMakeFiles/blink.dir/D_/Raspberry/RP2040/pico-sdk/src/rp2_common/hardware_timer/timer.c.obj
 .rodata.ph_add_child_node.str1.4
                0x100095da       0x96 CMakeFiles/blink.dir/D_/Raspberry/RP2040/pico-sdk/src/common/pico_util/pheap.c.obj
 *fill*         0x100095da        0x2 
 .rodata.ph_remove_any_head.str1.4
                0x100095dc       0x90 CMakeFiles/blink.dir/D_/Raspberry/RP2040/pico-sdk/src/common/pico_util/pheap.c.obj
 .rodata.ph_remove_and_free_node.str1.4
                0x1000966c       0x1e CMakeFiles/blink.dir/D_/Raspberry/RP2040/pico-sdk/src/common/pico_util/pheap.c.obj
                                 0x26 (size before relaxing)
 *fill*         0x1000968a        0x2 
 .rodata.__func__.0
                0x1000968c       0x18 CMakeFiles/blink.dir/D_/Raspberry/RP2040/pico-sdk/src/common/pico_util/pheap.c.obj
 .rodata.__func__.1
                0x100096a4       0x13 CMakeFiles/blink.dir/D_/Raspberry/RP2040/pico-sdk/src/common/pico_util/pheap.c.obj
 *fill*         0x100096b7        0x1 
 .rodata.__func__.2
                0x100096b8       0x12 CMakeFiles/blink.dir/D_/Raspberry/RP2040/pico-sdk/src/common/pico_util/pheap.c.obj
 *fill*         0x100096ca        0x2 
 .rodata.__func__.3
                0x100096cc        0xc CMakeFiles/blink.dir/D_/Raspberry/RP2040/pico-sdk/src/common/pico_util/pheap.c.obj
 .rodata.str1.4
                0x100096d8       0x8d CMakeFiles/blink.dir/D_/Raspberry/RP2040/pico-sdk/src/common/pico_sync/mutex.c.obj
                                 0xf1 (size before relaxing)
 *fill*         0x10009765        0x3 
 .rodata.__func__.1
                0x10009768        0xb CMakeFiles/blink.dir/D_/Raspberry/RP2040/pico-sdk/src/common/pico_sync/mutex.c.obj
 *fill*         0x10009773        0x1 
 .rodata.__func__.3
                0x10009774       0x18 CMakeFiles/blink.dir/D_/Raspberry/RP2040/pico-sdk/src/common/pico_sync/mutex.c.obj
 .rodata.__func__.4
                0x1000978c       0x15 CMakeFiles/blink.dir/D_/Raspberry/RP2040/pico-sdk/src/common/pico_sync/mutex.c.obj
 *fill*         0x100097a1        0x3 
 .rodata.__assert_func.str1.4
                0x100097a4       0x3f CMakeFiles/blink.dir/D_/Raspberry/RP2040/pico-sdk/src/rp2_common/pico_runtime/runtime.c.obj
                                 0x43 (size before relaxing)
 *fill*         0x100097e3        0x1 
 .rodata.runtime_init.str1.4
                0x100097e4       0x63 CMakeFiles/blink.dir/D_/Raspberry/RP2040/pico-sdk/src/rp2_common/pico_runtime/runtime.c.obj
 *fill*         0x10009847        0x1 
 .rodata.panic.str1.4
                0x10009848       0x12 CMakeFiles/blink.dir/D_/Raspberry/RP2040/pico-sdk/src/rp2_common/pico_runtime/runtime.c.obj
 *fill*         0x1000985a        0x2 
 .rodata.__func__.1
                0x1000985c        0xd CMakeFiles/blink.dir/D_/Raspberry/RP2040/pico-sdk/src/rp2_common/pico_runtime/runtime.c.obj
 *fill*         0x10009869        0x3 
 .rodata.clock_configure.str1.4
                0x1000986c       0x59 CMakeFiles/blink.dir/D_/Raspberry/RP2040/pico-sdk/src/rp2_common/hardware_clocks/clocks.c.obj
 *fill*         0x100098c5        0x3 
 .rodata.__func__.1
                0x100098c8       0x10 CMakeFiles/blink.dir/D_/Raspberry/RP2040/pico-sdk/src/rp2_common/hardware_clocks/clocks.c.obj
 .rodata.pll_init.str1.4
                0x100098d8      0x13b CMakeFiles/blink.dir/D_/Raspberry/RP2040/pico-sdk/src/rp2_common/hardware_pll/pll.c.obj
 *fill*         0x10009a13        0x1 
 .rodata.__func__.0
                0x10009a14        0x9 CMakeFiles/blink.dir/D_/Raspberry/RP2040/pico-sdk/src/rp2_common/hardware_pll/pll.c.obj
 *fill*         0x10009a1d        0x3 
 .rodata._ftoa.str1.4
                0x10009a20       0x15 CMakeFiles/blink.dir/D_/Raspberry/RP2040/pico-sdk/src/rp2_common/pico_printf/printf.c.obj
 *fill*         0x10009a35        0x3 
 .rodata._vsnprintf
                0x10009a38      0x19c CMakeFiles/blink.dir/D_/Raspberry/RP2040/pico-sdk/src/rp2_common/pico_printf/printf.c.obj
 *fill*         0x10009bd4        0x4 
 .rodata.pow10.0
                0x10009bd8       0x50 CMakeFiles/blink.dir/D_/Raspberry/RP2040/pico-sdk/src/rp2_common/pico_printf/printf.c.obj
 .rodata.__aeabi_double_init.str1.4
                0x10009c28       0xaa CMakeFiles/blink.dir/D_/Raspberry/RP2040/pico-sdk/src/rp2_common/pico_double/double_init_rom.c.obj
 *fill*         0x10009cd2        0x2 
 .rodata.__func__.0
                0x10009cd4       0x14 CMakeFiles/blink.dir/D_/Raspberry/RP2040/pico-sdk/src/rp2_common/pico_double/double_init_rom.c.obj
 .rodata.__aeabi_float_init.str1.4
                0x10009ce8       0x7c CMakeFiles/blink.dir/D_/Raspberry/RP2040/pico-sdk/src/rp2_common/pico_float/float_init_rom.c.obj
                                 0x80 (size before relaxing)
 .rodata.__func__.0
                0x10009d64       0x13 CMakeFiles/blink.dir/D_/Raspberry/RP2040/pico-sdk/src/rp2_common/pico_float/float_init_rom.c.obj
 *fill*         0x10009d77        0x1 
 .rodata.str1.4
                0x10009d78       0x3c CMakeFiles/blink.dir/D_/Raspberry/RP2040/pico-sdk/src/rp2_common/pico_standard_link/binary_info.c.obj
 .rodata.__bi_44
                0x10009db4        0xc CMakeFiles/blink.dir/D_/Raspberry/RP2040/pico-sdk/src/rp2_common/pico_standard_link/binary_info.c.obj
 .rodata.__bi_75
                0x10009dc0        0xc CMakeFiles/blink.dir/D_/Raspberry/RP2040/pico-sdk/src/rp2_common/pico_standard_link/binary_info.c.obj
 .rodata.__bi_81
                0x10009dcc        0xc CMakeFiles/blink.dir/D_/Raspberry/RP2040/pico-sdk/src/rp2_common/pico_standard_link/binary_info.c.obj
 .rodata.crlf_str.3
                0x10009dd8        0x2 CMakeFiles/blink.dir/D_/Raspberry/RP2040/pico-sdk/src/rp2_common/pico_stdio/stdio.c.obj
 *fill*         0x10009dda        0x2 
 .rodata._resetd_driver
                0x10009ddc       0x18 CMakeFiles/blink.dir/D_/Raspberry/RP2040/pico-sdk/src/rp2_common/pico_stdio_usb/reset_interface.c.obj
 .rodata.timer_task.str1.4
                0x10009df4       0x6f CMakeFiles/blink.dir/D_/Raspberry/RP2040/pico-sdk/src/rp2_common/pico_stdio_usb/stdio_usb.c.obj
 .rodata.stdio_usb_init.str1.4
                0x10009e63       0x63 CMakeFiles/blink.dir/D_/Raspberry/RP2040/pico-sdk/src/rp2_common/pico_stdio_usb/stdio_usb.c.obj
 *fill*         0x10009e63        0x1 
 .rodata.str1.4
                0x10009e64       0x13 CMakeFiles/blink.dir/D_/Raspberry/RP2040/pico-sdk/src/rp2_common/pico_stdio_usb/stdio_usb.c.obj
 *fill*         0x10009e77        0x1 
 .rodata.__bi_118.2
                0x10009e78        0xc CMakeFiles/blink.dir/D_/Raspberry/RP2040/pico-sdk/src/rp2_common/pico_stdio_usb/stdio_usb.c.obj
 .rodata.__func__.0
                0x10009e84       0x15 CMakeFiles/blink.dir/D_/Raspberry/RP2040/pico-sdk/src/rp2_common/pico_stdio_usb/stdio_usb.c.obj
 *fill*         0x10009e99        0x3 
 .rodata.__func__.1
                0x10009e9c        0xb CMakeFiles/blink.dir/D_/Raspberry/RP2040/pico-sdk/src/rp2_common/pico_stdio_usb/stdio_usb.c.obj
 *fill*         0x10009ea7        0x1 
 .rodata.str1.4
                0x10009ea8       0x2a CMakeFiles/blink.dir/D_/Raspberry/RP2040/pico-sdk/src/rp2_common/pico_stdio_usb/stdio_usb_descriptors.c.obj
 *fill*         0x10009ed2        0x2 
 .rodata.usbd_desc_cfg
                0x10009ed4       0x54 CMakeFiles/blink.dir/D_/Raspberry/RP2040/pico-sdk/src/rp2_common/pico_stdio_usb/stdio_usb_descriptors.c.obj
 .rodata.usbd_desc_device
                0x10009f28       0x12 CMakeFiles/blink.dir/D_/Raspberry/RP2040/pico-sdk/src/rp2_common/pico_stdio_usb/stdio_usb_descriptors.c.obj
 *fill*         0x10009f3a        0x2 
 .rodata.usbd_desc_str
                0x10009f3c       0x18 CMakeFiles/blink.dir/D_/Raspberry/RP2040/pico-sdk/src/rp2_common/pico_stdio_usb/stdio_usb_descriptors.c.obj
 .rodata._hw_endpoint_alloc.str1.4
                0x10009f54       0xb9 CMakeFiles/blink.dir/D_/Raspberry/RP2040/pico-sdk/lib/tinyusb/src/portable/raspberrypi/rp2040/dcd_rp2040.c.obj
 *fill*         0x1000a00d        0x3 
 .rodata.dcd_rp2040_irq.str1.4
                0x1000a010       0x14 CMakeFiles/blink.dir/D_/Raspberry/RP2040/pico-sdk/lib/tinyusb/src/portable/raspberrypi/rp2040/dcd_rp2040.c.obj
 .rodata.dcd_int_enable.str1.4
                0x1000a024        0xc CMakeFiles/blink.dir/D_/Raspberry/RP2040/pico-sdk/lib/tinyusb/src/portable/raspberrypi/rp2040/dcd_rp2040.c.obj
 .rodata.__func__.0
                0x1000a030        0xe CMakeFiles/blink.dir/D_/Raspberry/RP2040/pico-sdk/lib/tinyusb/src/portable/raspberrypi/rp2040/dcd_rp2040.c.obj
 *fill*         0x1000a03e        0x2 
 .rodata.__func__.1
                0x1000a040        0xe CMakeFiles/blink.dir/D_/Raspberry/RP2040/pico-sdk/lib/tinyusb/src/portable/raspberrypi/rp2040/dcd_rp2040.c.obj
 *fill*         0x1000a04e        0x2 
 .rodata.__func__.3
                0x1000a050       0x10 CMakeFiles/blink.dir/D_/Raspberry/RP2040/pico-sdk/lib/tinyusb/src/portable/raspberrypi/rp2040/dcd_rp2040.c.obj
 .rodata.__func__.5
                0x1000a060        0xf CMakeFiles/blink.dir/D_/Raspberry/RP2040/pico-sdk/lib/tinyusb/src/portable/raspberrypi/rp2040/dcd_rp2040.c.obj
 *fill*         0x1000a06f        0x1 
 .rodata.__func__.6
                0x1000a070       0x13 CMakeFiles/blink.dir/D_/Raspberry/RP2040/pico-sdk/lib/tinyusb/src/portable/raspberrypi/rp2040/dcd_rp2040.c.obj
 *fill*         0x1000a083        0x1 
 .rodata.__func__.7
                0x1000a084        0x9 CMakeFiles/blink.dir/D_/Raspberry/RP2040/pico-sdk/lib/tinyusb/src/portable/raspberrypi/rp2040/dcd_rp2040.c.obj
 *fill*         0x1000a08d        0x3 
 .rodata.sync_ep_buffer.str1.4
                0x1000a090       0x95 CMakeFiles/blink.dir/D_/Raspberry/RP2040/pico-sdk/lib/tinyusb/src/portable/raspberrypi/rp2040/rp2040_usb.c.obj
 *fill*         0x1000a125        0x3 
 .rodata._hw_endpoint_buffer_control_update32.str1.4
                0x1000a128       0x1f CMakeFiles/blink.dir/D_/Raspberry/RP2040/pico-sdk/lib/tinyusb/src/portable/raspberrypi/rp2040/rp2040_usb.c.obj
 *fill*         0x1000a147        0x1 
 .rodata.hw_endpoint_xfer_start.str1.4
                0x1000a148       0x38 CMakeFiles/blink.dir/D_/Raspberry/RP2040/pico-sdk/lib/tinyusb/src/portable/raspberrypi/rp2040/rp2040_usb.c.obj
 .rodata.hw_endpoint_xfer_continue.str1.4
                0x1000a180       0x29 CMakeFiles/blink.dir/D_/Raspberry/RP2040/pico-sdk/lib/tinyusb/src/portable/raspberrypi/rp2040/rp2040_usb.c.obj
 *fill*         0x1000a1a9        0x3 
 .rodata.str1.4
                0x1000a1ac        0x7 CMakeFiles/blink.dir/D_/Raspberry/RP2040/pico-sdk/lib/tinyusb/src/portable/raspberrypi/rp2040/rp2040_usb.c.obj
 *fill*         0x1000a1b3        0x1 
 .rodata.__func__.0
                0x1000a1b4        0xf CMakeFiles/blink.dir/D_/Raspberry/RP2040/pico-sdk/lib/tinyusb/src/portable/raspberrypi/rp2040/rp2040_usb.c.obj
 *fill*         0x1000a1c3        0x1 
 .rodata.process_set_config.str1.4
                0x1000a1c4       0x17 CMakeFiles/blink.dir/D_/Raspberry/RP2040/pico-sdk/lib/tinyusb/src/device/usbd.c.obj
 *fill*         0x1000a1db        0x1 
 .rodata.process_get_descriptor
                0x1000a1dc       0x40 CMakeFiles/blink.dir/D_/Raspberry/RP2040/pico-sdk/lib/tinyusb/src/device/usbd.c.obj
 .rodata.process_control_request
                0x1000a21c       0x28 CMakeFiles/blink.dir/D_/Raspberry/RP2040/pico-sdk/lib/tinyusb/src/device/usbd.c.obj
 .rodata.tud_task
                0x1000a244       0x24 CMakeFiles/blink.dir/D_/Raspberry/RP2040/pico-sdk/lib/tinyusb/src/device/usbd.c.obj
 .rodata.__func__.2
                0x1000a268        0xf CMakeFiles/blink.dir/D_/Raspberry/RP2040/pico-sdk/lib/tinyusb/src/device/usbd.c.obj
 *fill*         0x1000a277        0x1 
 .rodata.__func__.3
                0x1000a278        0xf CMakeFiles/blink.dir/D_/Raspberry/RP2040/pico-sdk/lib/tinyusb/src/device/usbd.c.obj
 *fill*         0x1000a287        0x1 
 .rodata.__func__.4
                0x1000a288       0x14 CMakeFiles/blink.dir/D_/Raspberry/RP2040/pico-sdk/lib/tinyusb/src/device/usbd.c.obj
 .rodata.__func__.5
                0x1000a29c       0x10 CMakeFiles/blink.dir/D_/Raspberry/RP2040/pico-sdk/lib/tinyusb/src/device/usbd.c.obj
 .rodata.__func__.6
                0x1000a2ac       0x17 CMakeFiles/blink.dir/D_/Raspberry/RP2040/pico-sdk/lib/tinyusb/src/device/usbd.c.obj
 *fill*         0x1000a2c3        0x1 
 .rodata.__func__.7
                0x1000a2c4       0x13 CMakeFiles/blink.dir/D_/Raspberry/RP2040/pico-sdk/lib/tinyusb/src/device/usbd.c.obj
 *fill*         0x1000a2d7        0x1 
 .rodata.__func__.8
                0x1000a2d8       0x18 CMakeFiles/blink.dir/D_/Raspberry/RP2040/pico-sdk/lib/tinyusb/src/device/usbd.c.obj
 .rodata.__func__.9
                0x1000a2f0        0x9 CMakeFiles/blink.dir/D_/Raspberry/RP2040/pico-sdk/lib/tinyusb/src/device/usbd.c.obj
 *fill*         0x1000a2f9        0x3 
 .rodata._usbd_driver
                0x1000a2fc       0x18 CMakeFiles/blink.dir/D_/Raspberry/RP2040/pico-sdk/lib/tinyusb/src/device/usbd.c.obj
 .rodata.tud_control_xfer.str1.4
                0x1000a314       0x17 CMakeFiles/blink.dir/D_/Raspberry/RP2040/pico-sdk/lib/tinyusb/src/device/usbd_control.c.obj
 .rodata.__func__.0
                0x1000a314       0x15 CMakeFiles/blink.dir/D_/Raspberry/RP2040/pico-sdk/lib/tinyusb/src/device/usbd_control.c.obj
 *fill*         0x1000a329        0x3 
 .rodata.__func__.1
                0x1000a32c       0x11 CMakeFiles/blink.dir/D_/Raspberry/RP2040/pico-sdk/lib/tinyusb/src/device/usbd_control.c.obj
 .rodata.tud_cdc_n_write_flush.str1.4
                0x1000a33d       0x17 CMakeFiles/blink.dir/D_/Raspberry/RP2040/pico-sdk/lib/tinyusb/src/class/cdc/cdc_device.c.obj
 *fill*         0x1000a33d        0x3 
 .rodata.__func__.0
                0x1000a340        0xd CMakeFiles/blink.dir/D_/Raspberry/RP2040/pico-sdk/lib/tinyusb/src/class/cdc/cdc_device.c.obj
 *fill*         0x1000a34d        0x3 
 .rodata.__func__.1
                0x1000a350        0xa CMakeFiles/blink.dir/D_/Raspberry/RP2040/pico-sdk/lib/tinyusb/src/class/cdc/cdc_device.c.obj
 *fill*         0x1000a35a        0x2 
 .rodata.__func__.2
                0x1000a35c       0x16 CMakeFiles/blink.dir/D_/Raspberry/RP2040/pico-sdk/lib/tinyusb/src/class/cdc/cdc_device.c.obj
 .rodata.tusb_init.str1.4
                0x1000a372       0x17 CMakeFiles/blink.dir/D_/Raspberry/RP2040/pico-sdk/lib/tinyusb/src/tusb.c.obj
 *fill*         0x1000a372        0x2 
 .rodata.__func__.0
                0x1000a374       0x11 CMakeFiles/blink.dir/D_/Raspberry/RP2040/pico-sdk/lib/tinyusb/src/tusb.c.obj
 *fill*         0x1000a385        0x3 
 .rodata.__func__.1
                0x1000a388        0xa CMakeFiles/blink.dir/D_/Raspberry/RP2040/pico-sdk/lib/tinyusb/src/tusb.c.obj
 *fill*         0x1000a392        0x2 
 .rodata.pico_get_unique_board_id_string.str1.4
                0x1000a394       0x4f CMakeFiles/blink.dir/D_/Raspberry/RP2040/pico-sdk/src/rp2_common/pico_unique_id/unique_id.c.obj
 *fill*         0x1000a3e3        0x1 
 .rodata.__func__.0
                0x1000a3e4       0x20 CMakeFiles/blink.dir/D_/Raspberry/RP2040/pico-sdk/src/rp2_common/pico_unique_id/unique_id.c.obj
 .rodata.str1.4
                0x1000a404      0x15a CMakeFiles/blink.dir/D_/Raspberry/RP2040/pico-sdk/src/rp2_common/hardware_flash/flash.c.obj
 *fill*         0x1000a55e        0x2 
 .rodata.__func__.0
                0x1000a560        0xd CMakeFiles/blink.dir/D_/Raspberry/RP2040/pico-sdk/src/rp2_common/hardware_flash/flash.c.obj
 *fill*         0x1000a56d        0x3 
 .rodata.i2c_set_baudrate.str1.4