Archive member included to satisfy reference by file (symbol)

d:/arm toolchain/11.3 rel1/bin/../lib/gcc/arm-none-eabi/11.3.1/thumb/v6-m/nofp\libgcc.a(_dvmd_tls.o)
                              CMakeFiles/blink.dir/D_/Raspberry/RP2040/pico-sdk/src/rp2_common/pico_divider/divider.S.obj (__aeabi_idiv0)
d:/arm toolchain/11.3 rel1/bin/../lib/gcc/arm-none-eabi/11.3.1/thumb/v6-m/nofp\libg.a(libc_a-calloc.o)
                              CMakeFiles/blink.dir/D_/Raspberry/RP2040/pico-sdk/src/rp2_common/pico_malloc/pico_malloc.c.obj (calloc)
d:/arm toolchain/11.3 rel1/bin/../lib/gcc/arm-none-eabi/11.3.1/thumb/v6-m/nofp\libg.a(libc_a-callocr.o)
                              d:/arm toolchain/11.3 rel1/bin/../lib/gcc/arm-none-eabi/11.3.1/thumb/v6-m/nofp\libg.a(libc_a-calloc.o) (_calloc_r)
d:/arm toolchain/11.3 rel1/bin/../lib/gcc/arm-none-eabi/11.3.1/thumb/v6-m/nofp\libg.a(libc_a-malloc.o)
                              CMakeFiles/blink.dir/D_/Raspberry/RP2040/pico-sdk/src/rp2_common/pico_malloc/pico_malloc.c.obj (malloc)
d:/arm toolchain/11.3 rel1/bin/../lib/gcc/arm-none-eabi/11.3.1/thumb/v6-m/nofp\libg.a(libc_a-mallocr.o)
                              d:/arm toolchain/11.3 rel1/bin/../lib/gcc/arm-none-eabi/11.3.1/thumb/v6-m/nofp\libg.a(libc_a-callocr.o) (_malloc_r)
d:/arm toolchain/11.3 rel1/bin/../lib/gcc/arm-none-eabi/11.3.1/thumb/v6-m/nofp\libg.a(libc_a-mlock.o)
                              d:/arm toolchain/11.3 rel1/bin/../lib/gcc/arm-none-eabi/11.3.1/thumb/v6-m/nofp\libg.a(libc_a-mallocr.o) (__malloc_lock)
d:/arm toolchain/11.3 rel1/bin/../lib/gcc/arm-none-eabi/11.3.1/thumb/v6-m/nofp\libg.a(libc_a-realloc.o)
                              CMakeFiles/blink.dir/D_/Raspberry/RP2040/pico-sdk/src/rp2_common/pico_malloc/pico_malloc.c.obj (realloc)
d:/arm toolchain/11.3 rel1/bin/../lib/gcc/arm-none-eabi/11.3.1/thumb/v6-m/nofp\libg.a(libc_a-reallocr.o)
                              d:/arm toolchain/11.3 rel1/bin/../lib/gcc/arm-none-eabi/11.3.1/thumb/v6-m/nofp\libg.a(libc_a-realloc.o) (_realloc_r)
d:/arm toolchain/11.3 rel1/bin/../lib/gcc/arm-none-eabi/11.3.1/thumb/v6-m/nofp\libg.a(libc_a-ctype_.o)
                              CMakeFiles/blink.dir/D_/Raspberry/RP2040/pico-sdk/lib/tinyusb/src/tusb.c.obj (_ctype_)
d:/arm toolchain/11.3 rel1/bin/../lib/gcc/arm-none-eabi/11.3.1/thumb/v6-m/nofp\libg.a(libc_a-memmove.o)
                              d:/arm toolchain/11.3 rel1/bin/../lib/gcc/arm-none-eabi/11.3.1/thumb/v6-m/nofp\libg.a(libc_a-reallocr.o) (memmove)
d:/arm toolchain/11.3 rel1/bin/../lib/gcc/arm-none-eabi/11.3.1/thumb/v6-m/nofp\libg.a(libc_a-impure.o)
                              d:/arm toolchain/11.3 rel1/bin/../lib/gcc/arm-none-eabi/11.3.1/thumb/v6-m/nofp\libg.a(libc_a-calloc.o) (_impure_ptr)
d:/arm toolchain/11.3 rel1/bin/../lib/gcc/arm-none-eabi/11.3.1/thumb/v6-m/nofp\libg.a(libc_a-sbrkr.o)
                              d:/arm toolchain/11.3 rel1/bin/../lib/gcc/arm-none-eabi/11.3.1/thumb/v6-m/nofp\libg.a(libc_a-mallocr.o) (_sbrk_r)
d:/arm toolchain/11.3 rel1/bin/../lib/gcc/arm-none-eabi/11.3.1/thumb/v6-m/nofp\libg.a(libc_a-errno.o)
                              d:/arm toolchain/11.3 rel1/bin/../lib/gcc/arm-none-eabi/11.3.1/thumb/v6-m/nofp\libg.a(libc_a-callocr.o) (__errno)
d:/arm toolchain/11.3 rel1/bin/../lib/gcc/arm-none-eabi/11.3.1/thumb/v6-m/nofp\libg.a(libc_a-init.o)
                              d:/arm toolchain/11.3 rel1/bin/../lib/gcc/arm-none-eabi/11.3.1/thumb/v6-m/nofp/crt0.o (__libc_init_array)
d:/arm toolchain/11.3 rel1/bin/../lib/gcc/arm-none-eabi/11.3.1/thumb/v6-m/nofp\libg.a(libc_a-lock.o)
                              d:/arm toolchain/11.3 rel1/bin/../lib/gcc/arm-none-eabi/11.3.1/thumb/v6-m/nofp\libg.a(libc_a-mlock.o) (__retarget_lock_acquire_recursive)
d:/arm toolchain/11.3 rel1/bin/../lib/gcc/arm-none-eabi/11.3.1/thumb/v6-m/nofp\libg.a(libc_a-strlen-stub.o)
                              CMakeFiles/blink.dir/D_/Raspberry/RP2040/pico-sdk/src/rp2_common/pico_stdio/stdio.c.obj (strlen)
d:/arm toolchain/11.3 rel1/bin/../lib/gcc/arm-none-eabi/11.3.1/thumb/v6-m/nofp\libg.a(libc_a-freer.o)
                              d:/arm toolchain/11.3 rel1/bin/../lib/gcc/arm-none-eabi/11.3.1/thumb/v6-m/nofp\libg.a(libc_a-malloc.o) (_free_r)
d:/arm toolchain/11.3 rel1/bin/../lib/gcc/arm-none-eabi/11.3.1/thumb/v6-m/nofp\libg.a(libc_a-findfp.o)
                              d:/arm toolchain/11.3 rel1/bin/../lib/gcc/arm-none-eabi/11.3.1/thumb/v6-m/nofp\libg.a(libc_a-impure.o) (__sf)
d:/arm toolchain/11.3 rel1/bin/../lib/gcc/arm-none-eabi/11.3.1/thumb/v6-m/nofp\libg.a(libc_a-fwalk.o)
                              d:/arm toolchain/11.3 rel1/bin/../lib/gcc/arm-none-eabi/11.3.1/thumb/v6-m/nofp\libg.a(libc_a-findfp.o) (_fwalk_sglue)
d:/arm toolchain/11.3 rel1/bin/../lib/gcc/arm-none-eabi/11.3.1/thumb/v6-m/nofp\libg.a(libc_a-stdio.o)
                              d:/arm toolchain/11.3 rel1/bin/../lib/gcc/arm-none-eabi/11.3.1/thumb/v6-m/nofp\libg.a(libc_a-findfp.o) (__sread)
[...]
Memory Configuration

Name             Origin             Length             Attributes
FLASH            0x10000000         0x00200000         xr
RAM              0x20000000         0x00040000         xrw
SCRATCH_X        0x20040000         0x00001000         xrw
SCRATCH_Y        0x20041000         0x00001000         xrw
*default*        0x00000000         0xffffffff

Linker script and memory map

LOAD d:/arm toolchain/11.3 rel1/bin/../lib/gcc/arm-none-eabi/11.3.1/thumb/v6-m/nofp/crti.o
LOAD d:/arm toolchain/11.3 rel1/bin/../lib/gcc/arm-none-eabi/11.3.1/thumb/v6-m/nofp/crtbegin.o
LOAD d:/arm toolchain/11.3 rel1/bin/../lib/gcc/arm-none-eabi/11.3.1/thumb/v6-m/nofp/crt0.o

.flash_begin    0x10000000        0x0
                0x10000000                __flash_binary_start = .

.boot2          0x10000000      0x100
                0x10000000                __boot2_start__ = .
 *(.boot2)
 .boot2         0x10000000      0x100 C:\Users\USER\AppData\Local\Temp\cc2X7xVK.o
                0x10000100                __boot2_end__ = .
                0x00000001                ASSERT (((__boot2_end__ - __boot2_start__) == 0x100), ERROR: Pico second stage bootloader must be 256 bytes in size)

.text           0x10000100     0x8e58
                0x10000100                __logical_binary_start = .
 *(.vectors)
 .vectors       0x10000100       0xd4 CMakeFiles/blink.dir/D_/Raspberry/RP2040/pico-sdk/src/rp2_common/pico_standard_link/crt0.S.obj
                0x10000100                __VECTOR_TABLE
                0x10000100                __vectors
                0x100001c0                isr_invalid
                0x100001c0                __default_isrs_start
                0x100001c2                isr_nmi
                0x100001c4                isr_hardfault
                0x100001c6                isr_svcall
                0x100001c8                isr_pendsv
                0x100001ca                isr_systick
                0x100001cc                isr_irq23
                0x100001cc                isr_irq18
                0x100001cc                isr_irq11
                0x100001cc                isr_irq28
                0x100001cc                isr_irq19
                0x100001cc                isr_irq0
                0x100001cc                isr_irq6
                0x100001cc                isr_irq5
                0x100001cc                isr_irq12
                0x100001cc                isr_irq22
                0x100001cc                isr_irq31
                0x100001cc                isr_irq17
                0x100001cc                isr_irq27
                0x100001cc                isr_irq30
                0x100001cc                isr_irq2
                0x100001cc                isr_irq10
                0x100001cc                isr_irq8
                0x100001cc                isr_irq24
                0x100001cc                isr_irq1
                0x100001cc                isr_irq7
                0x100001cc                isr_irq21
                0x100001cc                isr_irq20
                0x100001cc                isr_irq15
                0x100001cc                isr_irq25
                0x100001cc                isr_irq13
                0x100001cc                __unhandled_user_irq
                0x100001cc                isr_irq4
                0x100001cc                isr_irq16
                0x100001cc                isr_irq29
                0x100001cc                isr_irq26
                0x100001cc                __default_isrs_end
                0x100001cc                isr_irq3
                0x100001cc                isr_irq14
                0x100001cc                isr_irq9
                0x100001d2                unhandled_user_irq_num_in_r0
 *(.binary_info_header)
 .binary_info_header
                0x100001d4       0x14 CMakeFiles/blink.dir/D_/Raspberry/RP2040/pico-sdk/src/rp2_common/pico_standard_link/crt0.S.obj
                0x100001e8                __binary_info_header_end = .
 *(.reset)
 .reset         0x100001e8       0xa8 CMakeFiles/blink.dir/D_/Raspberry/RP2040/pico-sdk/src/rp2_common/pico_standard_link/crt0.S.obj
                0x100001e8                _entry_point
                0x10000266                __get_current_exception
 .reset         0x10000290       0x30 CMakeFiles/blink.dir/D_/Raspberry/RP2040/pico-sdk/src/rp2_common/pico_standard_link/binary_info.c.obj
 *(.init)
 .init          0x100002c0        0x4 d:/arm toolchain/11.3 rel1/bin/../lib/gcc/arm-none-eabi/11.3.1/thumb/v6-m/nofp/crti.o
                0x100002c0                _init
 *(EXCLUDE_FILE(*libm.a: *libc.a:*lib_a-mem*.o *libgcc.a:) .text*)
 .text.register_tm_clones
                0x100002c4       0x28 d:/arm toolchain/11.3 rel1/bin/../lib/gcc/arm-none-eabi/11.3.1/thumb/v6-m/nofp/crtbegin.o
 .text.frame_dummy
                0x100002ec       0x24 d:/arm toolchain/11.3 rel1/bin/../lib/gcc/arm-none-eabi/11.3.1/thumb/v6-m/nofp/crtbegin.o
 .text.repeating_timer_callback
                0x10000310       0x6c CMakeFiles/blink.dir/main.c.obj
                0x10000310                repeating_timer_callback
 .text.mpu9250_reset
                0x1000037c       0x20 CMakeFiles/blink.dir/main.c.obj
 .text.get_absolute_time
                0x1000039c       0x2c CMakeFiles/blink.dir/main.c.obj
 .text.csLow    0x100003c8        0xc CMakeFiles/blink.dir/main.c.obj
                0x100003c8                csLow
 .text.csHigh   0x100003d4        0xc CMakeFiles/blink.dir/main.c.obj
                0x100003d4                csHigh
 .text.ceLow    0x100003e0        0xc CMakeFiles/blink.dir/main.c.obj
                0x100003e0                ceLow
 .text.ceHigh   0x100003ec        0xc CMakeFiles/blink.dir/main.c.obj
                0x100003ec                ceHigh
 .text.leerReg  0x100003f8       0x3e CMakeFiles/blink.dir/main.c.obj
                0x100003f8                leerReg
 .text.escribirReg
                0x10000436       0x3c CMakeFiles/blink.dir/main.c.obj
                0x10000436                escribirReg
 .text.escribirRegBytes
                0x10000472       0x44 CMakeFiles/blink.dir/main.c.obj
                0x10000472                escribirRegBytes
 *fill*         0x100004b6        0x2 
 .text.config   0x100004b8       0x68 CMakeFiles/blink.dir/main.c.obj
                0x100004b8                config
 .text.ModoTx   0x10000520       0x24 CMakeFiles/blink.dir/main.c.obj
                0x10000520                ModoTx
 .text.enviarMsg
                0x10000544       0x40 CMakeFiles/blink.dir/main.c.obj
                0x10000544                enviarMsg
 .text.mpu9250_read_raw_accel
                0x10000584       0x50 CMakeFiles/blink.dir/main.c.obj
                0x10000584                mpu9250_read_raw_accel
 .text.mpu9250_read_raw_gyro
                0x100005d4       0x50 CMakeFiles/blink.dir/main.c.obj
                0x100005d4                mpu9250_read_raw_gyro
 .text.calibrate_gyro
                0x10000624       0x5e CMakeFiles/blink.dir/main.c.obj
                0x10000624                calibrate_gyro
 *fill*         0x10000682        0x2 
 .text.calculate_angles_from_accel
                0x10000684       0x90 CMakeFiles/blink.dir/main.c.obj
                0x10000684                calculate_angles_from_accel
 .text.calculate_angles
                0x10000714      0x198 CMakeFiles/blink.dir/main.c.obj
                0x10000714                calculate_angles
 .text.convert_to_full
                0x100008ac       0xcc CMakeFiles/blink.dir/main.c.obj
                0x100008ac                convert_to_full
 .text.Conf_PWM
                0x10000978       0x6c CMakeFiles/blink.dir/main.c.obj
                0x10000978                Conf_PWM
 .text.set_pwm  0x100009e4       0xd0 CMakeFiles/blink.dir/main.c.obj
                0x100009e4                set_pwm
 .text.setupUltrasonicPins
                0x10000ab4       0x2c CMakeFiles/blink.dir/main.c.obj
                0x10000ab4                setupUltrasonicPins
 .text.getPulse
                0x10000ae0       0x84 CMakeFiles/blink.dir/main.c.obj
                0x10000ae0                getPulse
 .text.main     0x10000b64      0x240 CMakeFiles/blink.dir/main.c.obj
                0x10000b64                main
 .text.gpio_set_function
                0x10000da4       0x30 CMakeFiles/blink.dir/D_/Raspberry/RP2040/pico-sdk/src/rp2_common/hardware_gpio/gpio.c.obj
                0x10000da4                gpio_set_function
 .text.gpio_set_pulls
                0x10000dd4       0x34 CMakeFiles/blink.dir/D_/Raspberry/RP2040/pico-sdk/src/rp2_common/hardware_gpio/gpio.c.obj
                0x10000dd4                gpio_set_pulls
 .text.gpio_init
                0x10000e08       0x16 CMakeFiles/blink.dir/D_/Raspberry/RP2040/pico-sdk/src/rp2_common/hardware_gpio/gpio.c.obj
                0x10000e08                gpio_init
 *fill*         0x10000e1e        0x2 
 .text.hw_claim_lock
                0x10000e20       0x18 CMakeFiles/blink.dir/D_/Raspberry/RP2040/pico-sdk/src/rp2_common/hardware_claim/claim.c.obj
                0x10000e20                hw_claim_lock
 .text.hw_claim_unlock
                0x10000e38       0x14 CMakeFiles/blink.dir/D_/Raspberry/RP2040/pico-sdk/src/rp2_common/hardware_claim/claim.c.obj
                0x10000e38                hw_claim_unlock
 .text.hw_claim_or_assert
                0x10000e4c       0x32 CMakeFiles/blink.dir/D_/Raspberry/RP2040/pico-sdk/src/rp2_common/hardware_claim/claim.c.obj
                0x10000e4c                hw_claim_or_assert
 .text.hw_claim_unused_from_range
                0x10000e7e       0x50 CMakeFiles/blink.dir/D_/Raspberry/RP2040/pico-sdk/src/rp2_common/hardware_claim/claim.c.obj
                0x10000e7e                hw_claim_unused_from_range
 *fill*         0x10000ece        0x2 
 .text.running_on_fpga
                0x10000ed0       0x14 CMakeFiles/blink.dir/D_/Raspberry/RP2040/pico-sdk/src/rp2_common/pico_platform/platform.c.obj
                0x10000ed0                running_on_fpga
 .text.spin_locks_reset
                0x10000ee4       0x20 CMakeFiles/blink.dir/D_/Raspberry/RP2040/pico-sdk/src/rp2_common/hardware_sync/sync.c.obj
                0x10000ee4                spin_locks_reset
 .text.next_striped_spin_lock_num
                0x10000f04       0x1c CMakeFiles/blink.dir/D_/Raspberry/RP2040/pico-sdk/src/rp2_common/hardware_sync/sync.c.obj
                0x10000f04                next_striped_spin_lock_num
 .text.spin_lock_claim_unused
                0x10000f20       0x24 CMakeFiles/blink.dir/D_/Raspberry/RP2040/pico-sdk/src/rp2_common/hardware_sync/sync.c.obj
                0x10000f20                spin_lock_claim_unused
 .text.set_raw_irq_handler_and_unlock
                0x10000f44       0x28 CMakeFiles/blink.dir/D_/Raspberry/RP2040/pico-sdk/src/rp2_common/hardware_irq/irq.c.obj
 .text.make_branch
                0x10000f6c       0x48 CMakeFiles/blink.dir/D_/Raspberry/RP2040/pico-sdk/src/rp2_common/hardware_irq/irq.c.obj
 .text.insert_branch_and_link
                0x10000fb4       0x40 CMakeFiles/blink.dir/D_/Raspberry/RP2040/pico-sdk/src/rp2_common/hardware_irq/irq.c.obj
 .text.irq_is_enabled
                0x10000ff4       0x18 CMakeFiles/blink.dir/D_/Raspberry/RP2040/pico-sdk/src/rp2_common/hardware_irq/irq.c.obj
                0x10000ff4                irq_is_enabled
 .text.irq_set_mask_enabled
                0x1000100c       0x20 CMakeFiles/blink.dir/D_/Raspberry/RP2040/pico-sdk/src/rp2_common/hardware_irq/irq.c.obj
                0x1000100c                irq_set_mask_enabled
 .text.irq_set_enabled
                0x1000102c        0xe CMakeFiles/blink.dir/D_/Raspberry/RP2040/pico-sdk/src/rp2_common/hardware_irq/irq.c.obj
                0x1000102c                irq_set_enabled
 *fill*         0x1000103a        0x2 
 .text.irq_set_pending
                0x1000103c       0x10 CMakeFiles/blink.dir/D_/Raspberry/RP2040/pico-sdk/src/rp2_common/hardware_irq/irq.c.obj
                0x1000103c                irq_set_pending
 .text.irq_get_vtable_handler
                0x1000104c       0x10 CMakeFiles/blink.dir/D_/Raspberry/RP2040/pico-sdk/src/rp2_common/hardware_irq/irq.c.obj
                0x1000104c                irq_get_vtable_handler
 .text.irq_has_shared_handler
                0x1000105c       0x24 CMakeFiles/blink.dir/D_/Raspberry/RP2040/pico-sdk/src/rp2_common/hardware_irq/irq.c.obj
                0x1000105c                irq_has_shared_handler
 .text.irq_set_exclusive_handler
                0x10001080       0x54 CMakeFiles/blink.dir/D_/Raspberry/RP2040/pico-sdk/src/rp2_common/hardware_irq/irq.c.obj
                0x10001080                irq_set_exclusive_handler
 .text.irq_add_shared_handler
                0x100010d4      0x230 CMakeFiles/blink.dir/D_/Raspberry/RP2040/pico-sdk/src/rp2_common/hardware_irq/irq.c.obj
                0x100010d4                irq_add_shared_handler
 .text.irq_remove_handler
                0x10001304      0x1a4 CMakeFiles/blink.dir/D_/Raspberry/RP2040/pico-sdk/src/rp2_common/hardware_irq/irq.c.obj
                0x10001304                irq_remove_handler
 .text.irq_add_tail_to_free_list
                0x100014a8       0xf0 CMakeFiles/blink.dir/D_/Raspberry/RP2040/pico-sdk/src/rp2_common/hardware_irq/irq.c.obj
                0x100014a8                irq_add_tail_to_free_list
 .text.irq_init_priorities
                0x10001598       0x1c CMakeFiles/blink.dir/D_/Raspberry/RP2040/pico-sdk/src/rp2_common/hardware_irq/irq.c.obj
                0x10001598                irq_init_priorities
 .text.user_irq_claim_unused
                0x100015b4       0x30 CMakeFiles/blink.dir/D_/Raspberry/RP2040/pico-sdk/src/rp2_common/hardware_irq/irq.c.obj
                0x100015b4                user_irq_claim_unused
 .text.lock_init
                0x100015e4       0x10 CMakeFiles/blink.dir/D_/Raspberry/RP2040/pico-sdk/src/common/pico_sync/lock_core.c.obj
                0x100015e4                lock_init
 .text.repeating_timer_callback
                0x100015f4       0x40 CMakeFiles/blink.dir/D_/Raspberry/RP2040/pico-sdk/src/common/pico_time/time.c.obj
 .text.alarm_pool_post_alloc_init
                0x10001634       0x40 CMakeFiles/blink.dir/D_/Raspberry/RP2040/pico-sdk/src/common/pico_time/time.c.obj
 .text.sleep_until_callback
                0x10001674       0x30 CMakeFiles/blink.dir/D_/Raspberry/RP2040/pico-sdk/src/common/pico_time/time.c.obj
 .text.timer_pool_entry_comparator
                0x100016a4       0x78 CMakeFiles/blink.dir/D_/Raspberry/RP2040/pico-sdk/src/common/pico_time/time.c.obj
                0x100016a4                timer_pool_entry_comparator
 .text.ph_add_child_node
                0x1000171c       0xa0 CMakeFiles/blink.dir/D_/Raspberry/RP2040/pico-sdk/src/common/pico_time/time.c.obj
 .text.ph_merge_nodes
                0x100017bc       0x3e CMakeFiles/blink.dir/D_/Raspberry/RP2040/pico-sdk/src/common/pico_time/time.c.obj
 *fill*         0x100017fa        0x2 
 .text.add_alarm_under_lock
                0x100017fc      0x16c CMakeFiles/blink.dir/D_/Raspberry/RP2040/pico-sdk/src/common/pico_time/time.c.obj
 .text.alarm_pool_alarm_callback
                0x10001968      0x328 CMakeFiles/blink.dir/D_/Raspberry/RP2040/pico-sdk/src/common/pico_time/time.c.obj
 .text.alarm_pool_init_default
                0x10001c90       0x38 CMakeFiles/blink.dir/D_/Raspberry/RP2040/pico-sdk/src/common/pico_time/time.c.obj
                0x10001c90                alarm_pool_init_default
 .text.alarm_pool_get_default
                0x10001cc8       0x2c CMakeFiles/blink.dir/D_/Raspberry/RP2040/pico-sdk/src/common/pico_time/time.c.obj
                0x10001cc8                alarm_pool_get_default
 .text.alarm_pool_add_alarm_at
                0x10001cf4      0x178 CMakeFiles/blink.dir/D_/Raspberry/RP2040/pico-sdk/src/common/pico_time/time.c.obj
                0x10001cf4                alarm_pool_add_alarm_at
 .text.alarm_pool_cancel_alarm
                0x10001e6c       0xec CMakeFiles/blink.dir/D_/Raspberry/RP2040/pico-sdk/src/common/pico_time/time.c.obj
                0x10001e6c                alarm_pool_cancel_alarm
 .text.alarm_pool_add_repeating_timer_us
                0x10001f58       0x98 CMakeFiles/blink.dir/D_/Raspberry/RP2040/pico-sdk/src/common/pico_time/time.c.obj
                0x10001f58                alarm_pool_add_repeating_timer_us
 .text.sleep_until
                0x10001ff0       0xfc CMakeFiles/blink.dir/D_/Raspberry/RP2040/pico-sdk/src/common/pico_time/time.c.obj
                0x10001ff0                sleep_until
 .text.sleep_us
                0x100020ec       0x58 CMakeFiles/blink.dir/D_/Raspberry/RP2040/pico-sdk/src/common/pico_time/time.c.obj
                0x100020ec                sleep_us
 .text.sleep_ms
                0x10002144       0x14 CMakeFiles/blink.dir/D_/Raspberry/RP2040/pico-sdk/src/common/pico_time/time.c.obj
                0x10002144                sleep_ms
 .text.best_effort_wfe_or_timeout
                0x10002158       0x80 CMakeFiles/blink.dir/D_/Raspberry/RP2040/pico-sdk/src/common/pico_time/time.c.obj
                0x10002158                best_effort_wfe_or_timeout
 .text.hardware_alarm_irq_handler
                0x100021d8       0x88 CMakeFiles/blink.dir/D_/Raspberry/RP2040/pico-sdk/src/rp2_common/hardware_timer/timer.c.obj
 .text.hardware_alarm_claim
                0x10002260       0x18 CMakeFiles/blink.dir/D_/Raspberry/RP2040/pico-sdk/src/rp2_common/hardware_timer/timer.c.obj
                0x10002260                hardware_alarm_claim
 .text.time_us_64
                0x10002278       0x18 CMakeFiles/blink.dir/D_/Raspberry/RP2040/pico-sdk/src/rp2_common/hardware_timer/timer.c.obj
                0x10002278                time_us_64
 .text.busy_wait_until
                0x10002290       0x28 CMakeFiles/blink.dir/D_/Raspberry/RP2040/pico-sdk/src/rp2_common/hardware_timer/timer.c.obj
                0x10002290                busy_wait_until
 .text.hardware_alarm_set_callback
                0x100022b8       0x90 CMakeFiles/blink.dir/D_/Raspberry/RP2040/pico-sdk/src/rp2_common/hardware_timer/timer.c.obj
                0x100022b8                hardware_alarm_set_callback
 .text.hardware_alarm_set_target
                0x10002348       0xe8 CMakeFiles/blink.dir/D_/Raspberry/RP2040/pico-sdk/src/rp2_common/hardware_timer/timer.c.obj
                0x10002348                hardware_alarm_set_target
 .text.hardware_alarm_cancel
                0x10002430       0x40 CMakeFiles/blink.dir/D_/Raspberry/RP2040/pico-sdk/src/rp2_common/hardware_timer/timer.c.obj
                0x10002430                hardware_alarm_cancel
 .text.ph_add_child_node
                0x10002470       0xa0 CMakeFiles/blink.dir/D_/Raspberry/RP2040/pico-sdk/src/common/pico_util/pheap.c.obj
 .text.ph_merge_nodes
                0x10002510       0x3e CMakeFiles/blink.dir/D_/Raspberry/RP2040/pico-sdk/src/common/pico_util/pheap.c.obj
 *fill*         0x1000254e        0x2 
 .text.ph_clear
                0x10002550       0x70 CMakeFiles/blink.dir/D_/Raspberry/RP2040/pico-sdk/src/common/pico_util/pheap.c.obj
                0x10002550                ph_clear
 .text.ph_post_alloc_init
                0x100025c0        0xe CMakeFiles/blink.dir/D_/Raspberry/RP2040/pico-sdk/src/common/pico_util/pheap.c.obj
                0x100025c0                ph_post_alloc_init
 *fill*         0x100025ce        0x2 
 .text.ph_merge_two_pass
                0x100025d0       0xa4 CMakeFiles/blink.dir/D_/Raspberry/RP2040/pico-sdk/src/common/pico_util/pheap.c.obj
                0x100025d0                ph_merge_two_pass
 .text.ph_remove_any_head
                0x10002674      0x104 CMakeFiles/blink.dir/D_/Raspberry/RP2040/pico-sdk/src/common/pico_util/pheap.c.obj
 .text.ph_remove_head
                0x10002778       0x14 CMakeFiles/blink.dir/D_/Raspberry/RP2040/pico-sdk/src/common/pico_util/pheap.c.obj
                0x10002778                ph_remove_head
 .text.ph_remove_and_free_node
                0x1000278c       0xf8 CMakeFiles/blink.dir/D_/Raspberry/RP2040/pico-sdk/src/common/pico_util/pheap.c.obj
                0x1000278c                ph_remove_and_free_node
 .text.mutex_init
                0x10002884       0x1a CMakeFiles/blink.dir/D_/Raspberry/RP2040/pico-sdk/src/common/pico_sync/mutex.c.obj
                0x10002884                mutex_init
 .text.recursive_mutex_init
                0x1000289e       0x1e CMakeFiles/blink.dir/D_/Raspberry/RP2040/pico-sdk/src/common/pico_sync/mutex.c.obj
                0x1000289e                recursive_mutex_init
 .text.critical_section_init_with_lock_num
                0x100028bc       0x14 CMakeFiles/blink.dir/D_/Raspberry/RP2040/pico-sdk/src/common/pico_sync/critical_section.c.obj
                0x100028bc                critical_section_init_with_lock_num
 .text.critical_section_init
                0x100028d0       0x14 CMakeFiles/blink.dir/D_/Raspberry/RP2040/pico-sdk/src/common/pico_sync/critical_section.c.obj
                0x100028d0                critical_section_init
 .text._exit    0x100028e4        0x4 CMakeFiles/blink.dir/D_/Raspberry/RP2040/pico-sdk/src/rp2_common/pico_runtime/runtime.c.obj
                0x100028e4                _exit
 .text.exit     0x100028e8        0x6 CMakeFiles/blink.dir/D_/Raspberry/RP2040/pico-sdk/src/rp2_common/pico_runtime/runtime.c.obj
                0x100028e8                exit
 *fill*         0x100028ee        0x2 
 .text.__assert_func
                0x100028f0       0x3c CMakeFiles/blink.dir/D_/Raspberry/RP2040/pico-sdk/src/rp2_common/pico_runtime/runtime.c.obj
                0x100028f0                __assert_func
 .text.runtime_init
                0x1000292c       0xf8 CMakeFiles/blink.dir/D_/Raspberry/RP2040/pico-sdk/src/rp2_common/pico_runtime/runtime.c.obj
                0x1000292c                runtime_init
 .text.panic    0x10002a24       0x30 CMakeFiles/blink.dir/D_/Raspberry/RP2040/pico-sdk/src/rp2_common/pico_runtime/runtime.c.obj
                0x10002a24                panic
 .text.clock_configure
                0x10002a54      0x104 CMakeFiles/blink.dir/D_/Raspberry/RP2040/pico-sdk/src/rp2_common/hardware_clocks/clocks.c.obj
                0x10002a54                clock_configure
 .text.clocks_init
                0x10002b58      0x100 CMakeFiles/blink.dir/D_/Raspberry/RP2040/pico-sdk/src/rp2_common/hardware_clocks/clocks.c.obj
                0x10002b58                clocks_init
 .text.clock_get_hz
                0x10002c58        0xc CMakeFiles/blink.dir/D_/Raspberry/RP2040/pico-sdk/src/rp2_common/hardware_clocks/clocks.c.obj
                0x10002c58                clock_get_hz
 .text.pll_init
                0x10002c64      0x140 CMakeFiles/blink.dir/D_/Raspberry/RP2040/pico-sdk/src/rp2_common/hardware_pll/pll.c.obj
                0x10002c64                pll_init
 .text.watchdog_start_tick
                0x10002da4       0x10 CMakeFiles/blink.dir/D_/Raspberry/RP2040/pico-sdk/src/rp2_common/hardware_watchdog/watchdog.c.obj
                0x10002da4                watchdog_start_tick
 .text.watchdog_update
                0x10002db4       0x14 CMakeFiles/blink.dir/D_/Raspberry/RP2040/pico-sdk/src/rp2_common/hardware_watchdog/watchdog.c.obj
                0x10002db4                watchdog_update
 .text._watchdog_enable
                0x10002dc8       0x78 CMakeFiles/blink.dir/D_/Raspberry/RP2040/pico-sdk/src/rp2_common/hardware_watchdog/watchdog.c.obj
                0x10002dc8                _watchdog_enable
 .text.watchdog_reboot
                0x10002e40       0x48 CMakeFiles/blink.dir/D_/Raspberry/RP2040/pico-sdk/src/rp2_common/hardware_watchdog/watchdog.c.obj
                0x10002e40                watchdog_reboot
 .text.xosc_init
                0x10002e88       0x28 CMakeFiles/blink.dir/D_/Raspberry/RP2040/pico-sdk/src/rp2_common/hardware_xosc/xosc.c.obj
                0x10002e88                xosc_init
 .text._out_buffer
                0x10002eb0        0x8 CMakeFiles/blink.dir/D_/Raspberry/RP2040/pico-sdk/src/rp2_common/pico_printf/printf.c.obj
 .text._out_null
                0x10002eb8        0x2 CMakeFiles/blink.dir/D_/Raspberry/RP2040/pico-sdk/src/rp2_common/pico_printf/printf.c.obj
 .text._out_fct
                0x10002eba        0xe CMakeFiles/blink.dir/D_/Raspberry/RP2040/pico-sdk/src/rp2_common/pico_printf/printf.c.obj
 .text._atoi    0x10002ec8       0x24 CMakeFiles/blink.dir/D_/Raspberry/RP2040/pico-sdk/src/rp2_common/pico_printf/printf.c.obj
 .text._out_rev
                0x10002eec       0xae CMakeFiles/blink.dir/D_/Raspberry/RP2040/pico-sdk/src/rp2_common/pico_printf/printf.c.obj
 .text._ntoa_format
                0x10002f9a      0x112 CMakeFiles/blink.dir/D_/Raspberry/RP2040/pico-sdk/src/rp2_common/pico_printf/printf.c.obj
 .text._ntoa_long
                0x100030ac       0xbc CMakeFiles/blink.dir/D_/Raspberry/RP2040/pico-sdk/src/rp2_common/pico_printf/printf.c.obj
 .text._ntoa_long_long
                0x10003168       0xe2 CMakeFiles/blink.dir/D_/Raspberry/RP2040/pico-sdk/src/rp2_common/pico_printf/printf.c.obj
 *fill*         0x1000324a        0x2 
 .text._etoa    0x1000324c      0x414 CMakeFiles/blink.dir/D_/Raspberry/RP2040/pico-sdk/src/rp2_common/pico_printf/printf.c.obj
 .text._ftoa    0x10003660      0x354 CMakeFiles/blink.dir/D_/Raspberry/RP2040/pico-sdk/src/rp2_common/pico_printf/printf.c.obj
 .text._vsnprintf
                0x100039b4      0x650 CMakeFiles/blink.dir/D_/Raspberry/RP2040/pico-sdk/src/rp2_common/pico_printf/printf.c.obj
 .text.__wrap_sprintf
                0x10004004       0x2c CMakeFiles/blink.dir/D_/Raspberry/RP2040/pico-sdk/src/rp2_common/pico_printf/printf.c.obj
                0x10004004                __wrap_sprintf
 .text.vfctprintf
                0x10004030       0x20 CMakeFiles/blink.dir/D_/Raspberry/RP2040/pico-sdk/src/rp2_common/pico_printf/printf.c.obj
                0x10004030                vfctprintf
 .text          0x10004050       0x10 CMakeFiles/blink.dir/D_/Raspberry/RP2040/pico-sdk/src/rp2_common/pico_bit_ops/bit_ops_aeabi.S.obj
 .text.rom_func_lookup
                0x10004060       0x10 CMakeFiles/blink.dir/D_/Raspberry/RP2040/pico-sdk/src/rp2_common/pico_bootrom/bootrom.c.obj
                0x10004060                rom_func_lookup
 .text.rom_data_lookup
                0x10004070       0x10 CMakeFiles/blink.dir/D_/Raspberry/RP2040/pico-sdk/src/rp2_common/pico_bootrom/bootrom.c.obj
                0x10004070                rom_data_lookup
 .text.rom_funcs_lookup
                0x10004080       0x36 CMakeFiles/blink.dir/D_/Raspberry/RP2040/pico-sdk/src/rp2_common/pico_bootrom/bootrom.c.obj
                0x10004080                rom_funcs_lookup
 *fill*         0x100040b6        0x2 
 .text.__wrap___aeabi_idiv
                0x100040b8       0x50 CMakeFiles/blink.dir/D_/Raspberry/RP2040/pico-sdk/src/rp2_common/pico_divider/divider.S.obj
                0x100040b8                __wrap___aeabi_idivmod
                0x100040b8                divmod_s32s32
                0x100040b8                div_s32s32
                0x100040b8                __wrap___aeabi_idiv
                0x100040c0                divmod_s32s32_unsafe
                0x100040ec                divmod_s32s32_savestate
 .text.__wrap___aeabi_uidiv
                0x10004108       0x4c CMakeFiles/blink.dir/D_/Raspberry/RP2040/pico-sdk/src/rp2_common/pico_divider/divider.S.obj
                0x10004108                __wrap___aeabi_uidiv
                0x10004108                __wrap___aeabi_uidivmod
                0x10004108                div_u32u32
                0x10004108                divmod_u32u32
                0x10004110                divmod_u32u32_unsafe
                0x10004138                divmod_u32u32_savestate
 .text.__wrap___aeabi_ldiv
                0x10004154      0x434 CMakeFiles/blink.dir/D_/Raspberry/RP2040/pico-sdk/src/rp2_common/pico_divider/divider.S.obj
                0x10004154                div_s64s64
                0x10004154                divmod_s64s64
                0x10004154                __wrap___aeabi_ldivmod
                0x1000418c                divmod_u64u64
                0x1000418c                div_u64u64
                0x1000418c                __wrap___aeabi_uldivmod
                0x1000419c                divmod_u64u64_savestate
                0x100041c4                divmod_s64s64_unsafe
                0x1000424c                divmod_u64u64_unsafe
 .text.push_r8_r11
                0x10004588        0xc CMakeFiles/blink.dir/D_/Raspberry/RP2040/pico-sdk/src/rp2_common/pico_double/double_aeabi.S.obj
                0x10004588                push_r8_r11
 .text.pop_r8_r11
                0x10004594        0xc CMakeFiles/blink.dir/D_/Raspberry/RP2040/pico-sdk/src/rp2_common/pico_double/double_aeabi.S.obj
                0x10004594                pop_r8_r11
 .text.__wrap___aeabi_darithmetic
                0x100045a0       0x80 CMakeFiles/blink.dir/D_/Raspberry/RP2040/pico-sdk/src/rp2_common/pico_double/double_aeabi.S.obj
                0x100045a0                __wrap___aeabi_drsub
                0x100045a6                __wrap___aeabi_dsub
                0x100045b8                __wrap___aeabi_dadd
                0x100045ca                __wrap___aeabi_ddiv
                0x10004606                __wrap___aeabi_dmul
 .text.__wrap___aeabi_cdcmple
                0x10004620       0x6c CMakeFiles/blink.dir/D_/Raspberry/RP2040/pico-sdk/src/rp2_common/pico_double/double_aeabi.S.obj
                0x10004620                __wrap___aeabi_cdrcmple
                0x10004630                __wrap___aeabi_cdcmpeq
                0x10004630                __wrap___aeabi_cdcmple
 .text.__wrap___aeabi_dcmplt
                0x1000468c        0xc CMakeFiles/blink.dir/D_/Raspberry/RP2040/pico-sdk/src/rp2_common/pico_double/double_aeabi.S.obj
                0x1000468c                __wrap___aeabi_dcmplt
 .text.__wrap___aeabi_dcmple
                0x10004698       0x10 CMakeFiles/blink.dir/D_/Raspberry/RP2040/pico-sdk/src/rp2_common/pico_double/double_aeabi.S.obj
                0x10004698                __wrap___aeabi_dcmple
 .text.__wrap___aeabi_dcmpge
                0x100046a8       0x10 CMakeFiles/blink.dir/D_/Raspberry/RP2040/pico-sdk/src/rp2_common/pico_double/double_aeabi.S.obj
                0x100046a8                __wrap___aeabi_dcmpge
 .text.__wrap___aeabi_dcmpgt
                0x100046b8        0xa CMakeFiles/blink.dir/D_/Raspberry/RP2040/pico-sdk/src/rp2_common/pico_double/double_aeabi.S.obj
                0x100046b8                __wrap___aeabi_dcmpgt
 .text.__wrap___aeabi_dcmpun
                0x100046c2       0x1c CMakeFiles/blink.dir/D_/Raspberry/RP2040/pico-sdk/src/rp2_common/pico_double/double_aeabi.S.obj
                0x100046c2                __wrap___aeabi_dcmpun
 *fill*         0x100046de        0x2 
 .text.__wrap___aeabi_i2d
                0x100046e0       0x38 CMakeFiles/blink.dir/D_/Raspberry/RP2040/pico-sdk/src/rp2_common/pico_double/double_aeabi.S.obj
                0x100046e0                __wrap___aeabi_ui2d
                0x100046e8                __wrap___aeabi_i2d
 .text.__wrap___aeabi_d2iz
                0x10004718       0x48 CMakeFiles/blink.dir/D_/Raspberry/RP2040/pico-sdk/src/rp2_common/pico_double/double_aeabi.S.obj
                0x10004718                double2int_z
                0x10004718                __wrap___aeabi_d2iz
 .text.__wrap___aeabi_d2uiz
                0x10004760       0x18 CMakeFiles/blink.dir/D_/Raspberry/RP2040/pico-sdk/src/rp2_common/pico_double/double_aeabi.S.obj
                0x10004760                __wrap___aeabi_d2uiz
                0x10004760                double2uint
 .text.fix642double
                0x10004778       0x18 CMakeFiles/blink.dir/D_/Raspberry/RP2040/pico-sdk/src/rp2_common/pico_double/double_aeabi.S.obj
                0x10004778                fix642double
 .text.__wrap___aeabi_d2f
                0x10004790       0x18 CMakeFiles/blink.dir/D_/Raspberry/RP2040/pico-sdk/src/rp2_common/pico_double/double_aeabi.S.obj
                0x10004790                __wrap___aeabi_d2f
 .text.__wrap_srqt
                0x100047a8       0x18 CMakeFiles/blink.dir/D_/Raspberry/RP2040/pico-sdk/src/rp2_common/pico_double/double_aeabi.S.obj
                0x100047a8                __wrap_sqrt
 .text.__wrap_sincostan_remainder
                0x100047c0       0x14 CMakeFiles/blink.dir/D_/Raspberry/RP2040/pico-sdk/src/rp2_common/pico_double/double_aeabi.S.obj
                0x100047c0                sincostan_remainder
 .text.__wrap_sin
                0x100047d4       0x2c CMakeFiles/blink.dir/D_/Raspberry/RP2040/pico-sdk/src/rp2_common/pico_double/double_aeabi.S.obj
                0x100047d4                __wrap_sin
 .text.__wrap_atan2
                0x10004800       0x18 CMakeFiles/blink.dir/D_/Raspberry/RP2040/pico-sdk/src/rp2_common/pico_double/double_aeabi.S.obj
                0x10004800                __wrap_atan2
 .text.__aeabi_double_init
                0x10004818       0xc8 CMakeFiles/blink.dir/D_/Raspberry/RP2040/pico-sdk/src/rp2_common/pico_double/double_init_rom.c.obj
                0x10004818                __aeabi_double_init
 .text.drem_0   0x100048e0      0x12e CMakeFiles/blink.dir/D_/Raspberry/RP2040/pico-sdk/src/rp2_common/pico_double/double_math.c.obj
 *fill*         0x10004a0e        0x2 
 .text.__wrap_asin
                0x10004a10       0x60 CMakeFiles/blink.dir/D_/Raspberry/RP2040/pico-sdk/src/rp2_common/pico_double/double_math.c.obj
                0x10004a10                __wrap_asin
 .text.__wrap_remquo
                0x10004a70      0x17c CMakeFiles/blink.dir/D_/Raspberry/RP2040/pico-sdk/src/rp2_common/pico_double/double_math.c.obj
                0x10004a70                __wrap_remquo
 .text.__wrap_remainder
                0x10004bec       0x10 CMakeFiles/blink.dir/D_/Raspberry/RP2040/pico-sdk/src/rp2_common/pico_double/double_math.c.obj
                0x10004bec                __wrap_remainder
 .text.double_table_shim_on_use_helper
                0x10004bfc       0x34 CMakeFiles/blink.dir/D_/Raspberry/RP2040/pico-sdk/src/rp2_common/pico_double/double_v1_rom_shim.S.obj
                0x10004bfc                double_table_shim_on_use_helper
 .text.__wrap___aeabi_dsub
                0x10004c30       0x10 CMakeFiles/blink.dir/D_/Raspberry/RP2040/pico-sdk/src/rp2_common/pico_double/double_v1_rom_shim.S.obj
                0x10004c30                drsub_shim
                0x10004c36                dsub_shim
 .text.dadd_shim
                0x10004c40      0x15c CMakeFiles/blink.dir/D_/Raspberry/RP2040/pico-sdk/src/rp2_common/pico_double/double_v1_rom_shim.S.obj
                0x10004c40                dadd_shim
 .text.dmul_shim
                0x10004d9c      0x15c CMakeFiles/blink.dir/D_/Raspberry/RP2040/pico-sdk/src/rp2_common/pico_double/double_v1_rom_shim.S.obj
                0x10004d9c                dmul_shim
 .text.ddiv_shim
                0x10004ef8      0x1b0 CMakeFiles/blink.dir/D_/Raspberry/RP2040/pico-sdk/src/rp2_common/pico_double/double_v1_rom_shim.S.obj
                0x10004ef8                ddiv_shim
 .text.dsqrt_shim
                0x100050a8      0x1a8 CMakeFiles/blink.dir/D_/Raspberry/RP2040/pico-sdk/src/rp2_common/pico_double/double_v1_rom_shim.S.obj
                0x100050c4                dsqrt_shim
 .text.dcordic_vec_step
                0x10005250        0xe CMakeFiles/blink.dir/D_/Raspberry/RP2040/pico-sdk/src/rp2_common/pico_double/double_v1_rom_shim.S.obj
                0x10005250                dcordic_vec_step
 .text.dcordic_rot_step
                0x1000525e       0x76 CMakeFiles/blink.dir/D_/Raspberry/RP2040/pico-sdk/src/rp2_common/pico_double/double_v1_rom_shim.S.obj
                0x1000525e                dcordic_rot_step
 .text.double2uint_shim
                0x100052d4        0xe CMakeFiles/blink.dir/D_/Raspberry/RP2040/pico-sdk/src/rp2_common/pico_double/double_v1_rom_shim.S.obj
                0x100052d4                double2uint_shim
                0x100052d6                double2ufix_shim
 .text.double2int64_shim
                0x100052e2       0x1a CMakeFiles/blink.dir/D_/Raspberry/RP2040/pico-sdk/src/rp2_common/pico_double/double_v1_rom_shim.S.obj
                0x100052e2                double2int64_shim
                0x100052e4                double2fix64_shim
 .text.double2uint64_shim
                0x100052fc       0x70 CMakeFiles/blink.dir/D_/Raspberry/RP2040/pico-sdk/src/rp2_common/pico_double/double_v1_rom_shim.S.obj
                0x100052fc                double2uint64_shim
                0x100052fe                double2ufix64_shim
                0x1000531e                d2fix_a
 .text.double2float_shim
                0x1000536c       0x5c CMakeFiles/blink.dir/D_/Raspberry/RP2040/pico-sdk/src/rp2_common/pico_double/double_v1_rom_shim.S.obj
                0x1000536c                double2float_shim
 .text.x2double_shims
                0x100053c8       0x90 CMakeFiles/blink.dir/D_/Raspberry/RP2040/pico-sdk/src/rp2_common/pico_double/double_v1_rom_shim.S.obj
                0x100053c8                uint2double_shim
                0x100053ca                ufix2double_shim
                0x100053d0                int2double_shim
                0x100053d2                fix2double_shim
                0x100053d8                uint642double_shim
                0x100053da                ufix642double_shim
                0x100053e0                int642double_shim
                0x100053e2                fix642double_shim
 .text.dunpacks
                0x10005458       0x3c CMakeFiles/blink.dir/D_/Raspberry/RP2040/pico-sdk/src/rp2_common/pico_double/double_v1_rom_shim.S.obj
                0x10005458                dunpacks
 .text.dreduce  0x10005494       0x82 CMakeFiles/blink.dir/D_/Raspberry/RP2040/pico-sdk/src/rp2_common/pico_double/double_v1_rom_shim.S.obj
                0x10005494                dreduce
 .text.dsin_shim
                0x10005516       0x14 CMakeFiles/blink.dir/D_/Raspberry/RP2040/pico-sdk/src/rp2_common/pico_double/double_v1_rom_shim.S.obj
                0x10005516                dsin_shim
 *fill*         0x1000552a        0x2 
 .text.dtrig_guts
                0x1000552c      0x2ec CMakeFiles/blink.dir/D_/Raspberry/RP2040/pico-sdk/src/rp2_common/pico_double/double_v1_rom_shim.S.obj
                0x10005604                datan2_shim
 .text.__aeabi_lmul
                0x10005818       0x32 CMakeFiles/blink.dir/D_/Raspberry/RP2040/pico-sdk/src/rp2_common/pico_int64_ops/pico_int64_ops_aeabi.S.obj
                0x10005818                __wrap___aeabi_lmul
 *fill*         0x1000584a        0x2 
 .text.__wrap___aeabi_farithmetic
                0x1000584c       0x58 CMakeFiles/blink.dir/D_/Raspberry/RP2040/pico-sdk/src/rp2_common/pico_float/float_aeabi.S.obj
                0x1000584c                __wrap___aeabi_frsub
                0x10005852                __wrap___aeabi_fsub
                0x1000585c                __wrap___aeabi_fadd
                0x10005866                __wrap___aeabi_fdiv
                0x10005892                __wrap___aeabi_fmul
 .text.__wrap___aeabi_i2f
                0x100058a4       0x44 CMakeFiles/blink.dir/D_/Raspberry/RP2040/pico-sdk/src/rp2_common/pico_float/float_aeabi.S.obj
                0x100058a4                __wrap___aeabi_i2f
 .text.__wrap___aeabi_f2iz
                0x100058e8       0x4e CMakeFiles/blink.dir/D_/Raspberry/RP2040/pico-sdk/src/rp2_common/pico_float/float_aeabi.S.obj
                0x100058e8                float2int_z
                0x100058e8                __wrap___aeabi_f2iz
 *fill*         0x10005936        0x2 
 .text.float2int
                0x10005938       0x14 CMakeFiles/blink.dir/D_/Raspberry/RP2040/pico-sdk/src/rp2_common/pico_float/float_aeabi.S.obj
                0x10005938                float2int
 .text.__wrap___aeabi_f2uiz
                0x1000594c       0x10 CMakeFiles/blink.dir/D_/Raspberry/RP2040/pico-sdk/src/rp2_common/pico_float/float_aeabi.S.obj
                0x1000594c                __wrap___aeabi_f2uiz
 .text.__wrap___aeabi_f2d
                0x1000595c       0x14 CMakeFiles/blink.dir/D_/Raspberry/RP2040/pico-sdk/src/rp2_common/pico_float/float_aeabi.S.obj
                0x1000595c                __wrap___aeabi_f2d
 .text.__aeabi_float_init
                0x10005970       0xfc CMakeFiles/blink.dir/D_/Raspberry/RP2040/pico-sdk/src/rp2_common/pico_float/float_init_rom.c.obj
                0x10005970                __aeabi_float_init
 .text.float_table_shim_on_use_helper
                0x10005a6c       0x34 CMakeFiles/blink.dir/D_/Raspberry/RP2040/pico-sdk/src/rp2_common/pico_float/float_v1_rom_shim.S.obj
                0x10005a6c                float_table_shim_on_use_helper
 .text.float232_shims
                0x10005aa0       0x18 CMakeFiles/blink.dir/D_/Raspberry/RP2040/pico-sdk/src/rp2_common/pico_float/float_v1_rom_shim.S.obj
                0x10005aa0                float2int_shim
                0x10005aa2                float2fix_shim
 .text.float2double_shim
                0x10005ab8       0x30 CMakeFiles/blink.dir/D_/Raspberry/RP2040/pico-sdk/src/rp2_common/pico_float/float_v1_rom_shim.S.obj
                0x10005ab8                float2double_shim
 .text          0x10005ae8       0x10 CMakeFiles/blink.dir/D_/Raspberry/RP2040/pico-sdk/src/rp2_common/pico_mem_ops/mem_ops_aeabi.S.obj
                0x10005ae8                __aeabi_mem_init
 .text.memset   0x10005af8        0xc CMakeFiles/blink.dir/D_/Raspberry/RP2040/pico-sdk/src/rp2_common/pico_mem_ops/mem_ops_aeabi.S.obj
                0x10005af8                __wrap_memset
 .text.memcpy   0x10005b04        0xc CMakeFiles/blink.dir/D_/Raspberry/RP2040/pico-sdk/src/rp2_common/pico_mem_ops/mem_ops_aeabi.S.obj
                0x10005b04                __wrap_memcpy
                0x10005b04                __wrap___aeabi_memcpy
 .text.stdio_out_chars_no_crlf
                0x10005b10        0xe CMakeFiles/blink.dir/D_/Raspberry/RP2040/pico-sdk/src/rp2_common/pico_stdio/stdio.c.obj
 *fill*         0x10005b1e        0x2 
 .text.stdio_out_chars_crlf
                0x10005b20       0x80 CMakeFiles/blink.dir/D_/Raspberry/RP2040/pico-sdk/src/rp2_common/pico_stdio/stdio.c.obj
 .text.stdio_stack_buffer_flush
                0x10005ba0       0x44 CMakeFiles/blink.dir/D_/Raspberry/RP2040/pico-sdk/src/rp2_common/pico_stdio/stdio.c.obj
 .text.stdio_buffered_printer
                0x10005be4       0x20 CMakeFiles/blink.dir/D_/Raspberry/RP2040/pico-sdk/src/rp2_common/pico_stdio/stdio.c.obj
 .text.stdout_serialize_begin
                0x10005c04       0x30 CMakeFiles/blink.dir/D_/Raspberry/RP2040/pico-sdk/src/rp2_common/pico_stdio/stdio.c.obj
                0x10005c04                stdout_serialize_begin
 .text.stdout_serialize_end
                0x10005c34       0x10 CMakeFiles/blink.dir/D_/Raspberry/RP2040/pico-sdk/src/rp2_common/pico_stdio/stdio.c.obj
                0x10005c34                stdout_serialize_end
 .text.stdio_put_string
                0x10005c44       0x98 CMakeFiles/blink.dir/D_/Raspberry/RP2040/pico-sdk/src/rp2_common/pico_stdio/stdio.c.obj
 .text.stdio_set_driver_enabled
                0x10005cdc       0x2c CMakeFiles/blink.dir/D_/Raspberry/RP2040/pico-sdk/src/rp2_common/pico_stdio/stdio.c.obj
                0x10005cdc                stdio_set_driver_enabled
 .text.stdio_flush
                0x10005d08       0x20 CMakeFiles/blink.dir/D_/Raspberry/RP2040/pico-sdk/src/rp2_common/pico_stdio/stdio.c.obj
                0x10005d08                stdio_flush
 .text.__wrap_puts
                0x10005d28       0x1e CMakeFiles/blink.dir/D_/Raspberry/RP2040/pico-sdk/src/rp2_common/pico_stdio/stdio.c.obj
                0x10005d28                __wrap_puts
 *fill*         0x10005d46        0x2 
 .text.__wrap_vprintf
                0x10005d48       0x44 CMakeFiles/blink.dir/D_/Raspberry/RP2040/pico-sdk/src/rp2_common/pico_stdio/stdio.c.obj
                0x10005d48                __wrap_vprintf
 .text.__wrap_printf
                0x10005d8c       0x18 CMakeFiles/blink.dir/D_/Raspberry/RP2040/pico-sdk/src/rp2_common/pico_stdio/stdio.c.obj
                0x10005d8c                __wrap_printf
 .text.stdio_init_all
                0x10005da4        0x8 CMakeFiles/blink.dir/D_/Raspberry/RP2040/pico-sdk/src/rp2_common/pico_stdio/stdio.c.obj
                0x10005da4                stdio_init_all
 .text.resetd_init
                0x10005dac        0x2 CMakeFiles/blink.dir/D_/Raspberry/RP2040/pico-sdk/src/rp2_common/pico_stdio_usb/reset_interface.c.obj
 *fill*         0x10005dae        0x2 
 .text.resetd_reset
                0x10005db0        0xc CMakeFiles/blink.dir/D_/Raspberry/RP2040/pico-sdk/src/rp2_common/pico_stdio_usb/reset_interface.c.obj
 .text.resetd_open
                0x10005dbc       0x34 CMakeFiles/blink.dir/D_/Raspberry/RP2040/pico-sdk/src/rp2_common/pico_stdio_usb/reset_interface.c.obj
 .text.resetd_xfer_cb
                0x10005df0        0x4 CMakeFiles/blink.dir/D_/Raspberry/RP2040/pico-sdk/src/rp2_common/pico_stdio_usb/reset_interface.c.obj
 .text.reset_usb_boot
                0x10005df4       0x18 CMakeFiles/blink.dir/D_/Raspberry/RP2040/pico-sdk/src/rp2_common/pico_stdio_usb/reset_interface.c.obj
 .text.resetd_control_xfer_cb
                0x10005e0c       0x5c CMakeFiles/blink.dir/D_/Raspberry/RP2040/pico-sdk/src/rp2_common/pico_stdio_usb/reset_interface.c.obj
 .text.usbd_app_driver_get_cb
                0x10005e68        0xc CMakeFiles/blink.dir/D_/Raspberry/RP2040/pico-sdk/src/rp2_common/pico_stdio_usb/reset_interface.c.obj
                0x10005e68                usbd_app_driver_get_cb
 .text.tud_cdc_line_coding_cb
                0x10005e74       0x28 CMakeFiles/blink.dir/D_/Raspberry/RP2040/pico-sdk/src/rp2_common/pico_stdio_usb/reset_interface.c.obj
                0x10005e74                tud_cdc_line_coding_cb
 .text.stdio_usb_in_chars
                0x10005e9c       0x70 CMakeFiles/blink.dir/D_/Raspberry/RP2040/pico-sdk/src/rp2_common/pico_stdio_usb/stdio_usb.c.obj
                0x10005e9c                stdio_usb_in_chars
 .text.low_priority_worker_irq
                0x10005f0c       0x20 CMakeFiles/blink.dir/D_/Raspberry/RP2040/pico-sdk/src/rp2_common/pico_stdio_usb/stdio_usb.c.obj
 .text.stdio_usb_out_chars
                0x10005f2c       0xd4 CMakeFiles/blink.dir/D_/Raspberry/RP2040/pico-sdk/src/rp2_common/pico_stdio_usb/stdio_usb.c.obj
 .text.timer_task
                0x10006000       0x40 CMakeFiles/blink.dir/D_/Raspberry/RP2040/pico-sdk/src/rp2_common/pico_stdio_usb/stdio_usb.c.obj
 .text.usb_irq  0x10006040       0x10 CMakeFiles/blink.dir/D_/Raspberry/RP2040/pico-sdk/src/rp2_common/pico_stdio_usb/stdio_usb.c.obj
 .text.stdio_usb_init
                0x10006050       0xec CMakeFiles/blink.dir/D_/Raspberry/RP2040/pico-sdk/src/rp2_common/pico_stdio_usb/stdio_usb.c.obj
                0x10006050                stdio_usb_init
 .text.tud_descriptor_device_cb
                0x1000613c        0x8 CMakeFiles/blink.dir/D_/Raspberry/RP2040/pico-sdk/src/rp2_common/pico_stdio_usb/stdio_usb_descriptors.c.obj
                0x1000613c                tud_descriptor_device_cb
 .text.tud_descriptor_configuration_cb
                0x10006144        0x8 CMakeFiles/blink.dir/D_/Raspberry/RP2040/pico-sdk/src/rp2_common/pico_stdio_usb/stdio_usb_descriptors.c.obj
                0x10006144                tud_descriptor_configuration_cb
 .text.tud_descriptor_string_cb
                0x1000614c       0x6c CMakeFiles/blink.dir/D_/Raspberry/RP2040/pico-sdk/src/rp2_common/pico_stdio_usb/stdio_usb_descriptors.c.obj
                0x1000614c                tud_descriptor_string_cb
 .text.hw_endpoint_get_by_addr
                0x100061b8       0x18 CMakeFiles/blink.dir/D_/Raspberry/RP2040/pico-sdk/lib/tinyusb/src/portable/raspberrypi/rp2040/dcd_rp2040.c.obj
 .text.reset_ep0_pid
                0x100061d0       0x28 CMakeFiles/blink.dir/D_/Raspberry/RP2040/pico-sdk/lib/tinyusb/src/portable/raspberrypi/rp2040/dcd_rp2040.c.obj
 .text._hw_endpoint_alloc
                0x100061f8       0x70 CMakeFiles/blink.dir/D_/Raspberry/RP2040/pico-sdk/lib/tinyusb/src/portable/raspberrypi/rp2040/dcd_rp2040.c.obj
 .text.hw_endpoint_init
                0x10006268       0x88 CMakeFiles/blink.dir/D_/Raspberry/RP2040/pico-sdk/lib/tinyusb/src/portable/raspberrypi/rp2040/dcd_rp2040.c.obj
 .text.reset_non_control_endpoints
                0x100062f0       0x40 CMakeFiles/blink.dir/D_/Raspberry/RP2040/pico-sdk/lib/tinyusb/src/portable/raspberrypi/rp2040/dcd_rp2040.c.obj
 .text.hw_handle_buff_status
                0x10006330       0x8c CMakeFiles/blink.dir/D_/Raspberry/RP2040/pico-sdk/lib/tinyusb/src/portable/raspberrypi/rp2040/dcd_rp2040.c.obj
 .text.dcd_rp2040_irq
                0x100063bc       0xc0 CMakeFiles/blink.dir/D_/Raspberry/RP2040/pico-sdk/lib/tinyusb/src/portable/raspberrypi/rp2040/dcd_rp2040.c.obj
 .text.hw_endpoint_xfer
                0x1000647c       0x14 CMakeFiles/blink.dir/D_/Raspberry/RP2040/pico-sdk/lib/tinyusb/src/portable/raspberrypi/rp2040/dcd_rp2040.c.obj
 .text.dcd_int_enable
                0x10006490       0x2c CMakeFiles/blink.dir/D_/Raspberry/RP2040/pico-sdk/lib/tinyusb/src/portable/raspberrypi/rp2040/dcd_rp2040.c.obj
                0x10006490                dcd_int_enable
 .text.dcd_set_address
                0x100064bc       0x2c CMakeFiles/blink.dir/D_/Raspberry/RP2040/pico-sdk/lib/tinyusb/src/portable/raspberrypi/rp2040/dcd_rp2040.c.obj
                0x100064bc                dcd_set_address
 .text.dcd_connect
                0x100064e8       0x10 CMakeFiles/blink.dir/D_/Raspberry/RP2040/pico-sdk/lib/tinyusb/src/portable/raspberrypi/rp2040/dcd_rp2040.c.obj
                0x100064e8                dcd_connect
 .text.dcd_init
                0x100064f8       0x7c CMakeFiles/blink.dir/D_/Raspberry/RP2040/pico-sdk/lib/tinyusb/src/portable/raspberrypi/rp2040/dcd_rp2040.c.obj
                0x100064f8                dcd_init
 .text.dcd_edpt0_status_complete
                0x10006574       0x1c CMakeFiles/blink.dir/D_/Raspberry/RP2040/pico-sdk/lib/tinyusb/src/portable/raspberrypi/rp2040/dcd_rp2040.c.obj
                0x10006574                dcd_edpt0_status_complete
 .text.dcd_edpt_open
                0x10006590       0x40 CMakeFiles/blink.dir/D_/Raspberry/RP2040/pico-sdk/lib/tinyusb/src/portable/raspberrypi/rp2040/dcd_rp2040.c.obj
                0x10006590                dcd_edpt_open
 .text.dcd_edpt_close_all
                0x100065d0        0x8 CMakeFiles/blink.dir/D_/Raspberry/RP2040/pico-sdk/lib/tinyusb/src/portable/raspberrypi/rp2040/dcd_rp2040.c.obj
                0x100065d0                dcd_edpt_close_all
 .text.dcd_edpt_xfer
                0x100065d8       0x30 CMakeFiles/blink.dir/D_/Raspberry/RP2040/pico-sdk/lib/tinyusb/src/portable/raspberrypi/rp2040/dcd_rp2040.c.obj
                0x100065d8                dcd_edpt_xfer
 .text.dcd_edpt_stall
                0x10006608       0x2c CMakeFiles/blink.dir/D_/Raspberry/RP2040/pico-sdk/lib/tinyusb/src/portable/raspberrypi/rp2040/dcd_rp2040.c.obj
                0x10006608                dcd_edpt_stall
 .text.dcd_edpt_clear_stall
                0x10006634       0x20 CMakeFiles/blink.dir/D_/Raspberry/RP2040/pico-sdk/lib/tinyusb/src/portable/raspberrypi/rp2040/dcd_rp2040.c.obj
                0x10006634                dcd_edpt_clear_stall
 .text.prepare_ep_buffer
                0x10006654       0x6c CMakeFiles/blink.dir/D_/Raspberry/RP2040/pico-sdk/lib/tinyusb/src/portable/raspberrypi/rp2040/rp2040_usb.c.obj
 .text.sync_ep_buffer
                0x100066c0       0x78 CMakeFiles/blink.dir/D_/Raspberry/RP2040/pico-sdk/lib/tinyusb/src/portable/raspberrypi/rp2040/rp2040_usb.c.obj
 .text._hw_endpoint_xfer_sync
                0x10006738       0x28 CMakeFiles/blink.dir/D_/Raspberry/RP2040/pico-sdk/lib/tinyusb/src/portable/raspberrypi/rp2040/rp2040_usb.c.obj
 .text.rp2040_usb_init
                0x10006760       0x4c CMakeFiles/blink.dir/D_/Raspberry/RP2040/pico-sdk/lib/tinyusb/src/portable/raspberrypi/rp2040/rp2040_usb.c.obj
                0x10006760                rp2040_usb_init
 .text.hw_endpoint_reset_transfer
                0x100067ac        0xc CMakeFiles/blink.dir/D_/Raspberry/RP2040/pico-sdk/lib/tinyusb/src/portable/raspberrypi/rp2040/rp2040_usb.c.obj
                0x100067ac                hw_endpoint_reset_transfer
 .text._hw_endpoint_buffer_control_update32
                0x100067b8       0x58 CMakeFiles/blink.dir/D_/Raspberry/RP2040/pico-sdk/lib/tinyusb/src/portable/raspberrypi/rp2040/rp2040_usb.c.obj
                0x100067b8                _hw_endpoint_buffer_control_update32
 .text._hw_endpoint_start_next_buffer
                0x10006810       0x74 CMakeFiles/blink.dir/D_/Raspberry/RP2040/pico-sdk/lib/tinyusb/src/portable/raspberrypi/rp2040/rp2040_usb.c.obj
 .text.hw_endpoint_xfer_start
                0x10006884       0x48 CMakeFiles/blink.dir/D_/Raspberry/RP2040/pico-sdk/lib/tinyusb/src/portable/raspberrypi/rp2040/rp2040_usb.c.obj
                0x10006884                hw_endpoint_xfer_start
 .text.hw_endpoint_xfer_continue
                0x100068cc       0x38 CMakeFiles/blink.dir/D_/Raspberry/RP2040/pico-sdk/lib/tinyusb/src/portable/raspberrypi/rp2040/rp2040_usb.c.obj
                0x100068cc                hw_endpoint_xfer_continue
 .text.configuration_reset
                0x10006904       0x84 CMakeFiles/blink.dir/D_/Raspberry/RP2040/pico-sdk/lib/tinyusb/src/device/usbd.c.obj
 .text.usbd_reset
                0x10006988        0xc CMakeFiles/blink.dir/D_/Raspberry/RP2040/pico-sdk/lib/tinyusb/src/device/usbd.c.obj
 .text.invoke_class_control
                0x10006994       0x1a CMakeFiles/blink.dir/D_/Raspberry/RP2040/pico-sdk/lib/tinyusb/src/device/usbd.c.obj
 *fill*         0x100069ae        0x2 
 .text.process_set_config
                0x100069b0      0x1b0 CMakeFiles/blink.dir/D_/Raspberry/RP2040/pico-sdk/lib/tinyusb/src/device/usbd.c.obj
 .text.process_get_descriptor
                0x10006b60       0xec CMakeFiles/blink.dir/D_/Raspberry/RP2040/pico-sdk/lib/tinyusb/src/device/usbd.c.obj
 .text.tud_mounted
                0x10006c4c       0x10 CMakeFiles/blink.dir/D_/Raspberry/RP2040/pico-sdk/lib/tinyusb/src/device/usbd.c.obj
                0x10006c4c                tud_mounted
 .text.tud_suspended
                0x10006c5c       0x10 CMakeFiles/blink.dir/D_/Raspberry/RP2040/pico-sdk/lib/tinyusb/src/device/usbd.c.obj
                0x10006c5c                tud_suspended
 .text.tud_inited
                0x10006c6c        0xc CMakeFiles/blink.dir/D_/Raspberry/RP2040/pico-sdk/lib/tinyusb/src/device/usbd.c.obj
                0x10006c6c                tud_inited
 .text.tud_init
                0x10006c78       0xcc CMakeFiles/blink.dir/D_/Raspberry/RP2040/pico-sdk/lib/tinyusb/src/device/usbd.c.obj
                0x10006c78                tud_init
 .text.dcd_event_handler
                0x10006d44      0x1e0 CMakeFiles/blink.dir/D_/Raspberry/RP2040/pico-sdk/lib/tinyusb/src/device/usbd.c.obj
                0x10006d44                dcd_event_handler
 .text.dcd_event_bus_signal
                0x10006f24       0x26 CMakeFiles/blink.dir/D_/Raspberry/RP2040/pico-sdk/lib/tinyusb/src/device/usbd.c.obj
                0x10006f24                dcd_event_bus_signal
 .text.dcd_event_bus_reset
                0x10006f4a       0x2a CMakeFiles/blink.dir/D_/Raspberry/RP2040/pico-sdk/lib/tinyusb/src/device/usbd.c.obj
                0x10006f4a                dcd_event_bus_reset
 .text.dcd_event_setup_received
                0x10006f74       0x34 CMakeFiles/blink.dir/D_/Raspberry/RP2040/pico-sdk/lib/tinyusb/src/device/usbd.c.obj
                0x10006f74                dcd_event_setup_received
 .text.dcd_event_xfer_complete
                0x10006fa8       0x44 CMakeFiles/blink.dir/D_/Raspberry/RP2040/pico-sdk/lib/tinyusb/src/device/usbd.c.obj
                0x10006fa8                dcd_event_xfer_complete
 .text.usbd_edpt_open
                0x10006fec       0x58 CMakeFiles/blink.dir/D_/Raspberry/RP2040/pico-sdk/lib/tinyusb/src/device/usbd.c.obj
                0x10006fec                usbd_edpt_open
 .text.usbd_open_edpt_pair
                0x10007044       0x8c CMakeFiles/blink.dir/D_/Raspberry/RP2040/pico-sdk/lib/tinyusb/src/device/usbd.c.obj
                0x10007044                usbd_open_edpt_pair
 .text.usbd_edpt_claim
                0x100070d0       0x8c CMakeFiles/blink.dir/D_/Raspberry/RP2040/pico-sdk/lib/tinyusb/src/device/usbd.c.obj
                0x100070d0                usbd_edpt_claim
 .text.usbd_edpt_release
                0x1000715c       0x68 CMakeFiles/blink.dir/D_/Raspberry/RP2040/pico-sdk/lib/tinyusb/src/device/usbd.c.obj
                0x1000715c                usbd_edpt_release
 .text.usbd_edpt_xfer
                0x100071c4       0x84 CMakeFiles/blink.dir/D_/Raspberry/RP2040/pico-sdk/lib/tinyusb/src/device/usbd.c.obj
                0x100071c4                usbd_edpt_xfer
 .text.usbd_edpt_stall
                0x10007248       0x40 CMakeFiles/blink.dir/D_/Raspberry/RP2040/pico-sdk/lib/tinyusb/src/device/usbd.c.obj
                0x10007248                usbd_edpt_stall
 .text.usbd_edpt_clear_stall
                0x10007288       0x40 CMakeFiles/blink.dir/D_/Raspberry/RP2040/pico-sdk/lib/tinyusb/src/device/usbd.c.obj
                0x10007288                usbd_edpt_clear_stall
 .text.usbd_edpt_stalled
                0x100072c8       0x1c CMakeFiles/blink.dir/D_/Raspberry/RP2040/pico-sdk/lib/tinyusb/src/device/usbd.c.obj
                0x100072c8                usbd_edpt_stalled
 .text.process_control_request
                0x100072e4      0x3b8 CMakeFiles/blink.dir/D_/Raspberry/RP2040/pico-sdk/lib/tinyusb/src/device/usbd.c.obj
 .text.tud_task
                0x1000769c      0x218 CMakeFiles/blink.dir/D_/Raspberry/RP2040/pico-sdk/lib/tinyusb/src/device/usbd.c.obj
                0x1000769c                tud_task
 .text._data_stage_xact
                0x100078b4       0x58 CMakeFiles/blink.dir/D_/Raspberry/RP2040/pico-sdk/lib/tinyusb/src/device/usbd_control.c.obj
 .text.tud_control_status
                0x1000790c       0x38 CMakeFiles/blink.dir/D_/Raspberry/RP2040/pico-sdk/lib/tinyusb/src/device/usbd_control.c.obj
                0x1000790c                tud_control_status
 .text.tud_control_xfer
                0x10007944       0xa8 CMakeFiles/blink.dir/D_/Raspberry/RP2040/pico-sdk/lib/tinyusb/src/device/usbd_control.c.obj
                0x10007944                tud_control_xfer
 .text.usbd_control_reset
                0x100079ec       0x14 CMakeFiles/blink.dir/D_/Raspberry/RP2040/pico-sdk/lib/tinyusb/src/device/usbd_control.c.obj
                0x100079ec                usbd_control_reset
 .text.usbd_control_set_complete_callback
                0x10007a00        0xc CMakeFiles/blink.dir/D_/Raspberry/RP2040/pico-sdk/lib/tinyusb/src/device/usbd_control.c.obj
                0x10007a00                usbd_control_set_complete_callback
 .text.usbd_control_set_request
                0x10007a0c       0x1c CMakeFiles/blink.dir/D_/Raspberry/RP2040/pico-sdk/lib/tinyusb/src/device/usbd_control.c.obj
                0x10007a0c                usbd_control_set_request
 .text.usbd_control_xfer_cb
                0x10007a28       0xfc CMakeFiles/blink.dir/D_/Raspberry/RP2040/pico-sdk/lib/tinyusb/src/device/usbd_control.c.obj
                0x10007a28                usbd_control_xfer_cb
 .text._prep_out_transaction
                0x10007b24       0x46 CMakeFiles/blink.dir/D_/Raspberry/RP2040/pico-sdk/lib/tinyusb/src/class/cdc/cdc_device.c.obj
 *fill*         0x10007b6a        0x2 
 .text.tud_cdc_n_connected
                0x10007b6c       0x44 CMakeFiles/blink.dir/D_/Raspberry/RP2040/pico-sdk/lib/tinyusb/src/class/cdc/cdc_device.c.obj
                0x10007b6c                tud_cdc_n_connected
 .text.tud_cdc_n_available
                0x10007bb0       0x18 CMakeFiles/blink.dir/D_/Raspberry/RP2040/pico-sdk/lib/tinyusb/src/class/cdc/cdc_device.c.obj
                0x10007bb0                tud_cdc_n_available
 .text.tud_cdc_n_read
                0x10007bc8       0x28 CMakeFiles/blink.dir/D_/Raspberry/RP2040/pico-sdk/lib/tinyusb/src/class/cdc/cdc_device.c.obj
                0x10007bc8                tud_cdc_n_read
 .text.tud_cdc_n_write_flush
                0x10007bf0       0xcc CMakeFiles/blink.dir/D_/Raspberry/RP2040/pico-sdk/lib/tinyusb/src/class/cdc/cdc_device.c.obj
                0x10007bf0                tud_cdc_n_write_flush
 .text.tud_cdc_n_write
                0x10007cbc       0x38 CMakeFiles/blink.dir/D_/Raspberry/RP2040/pico-sdk/lib/tinyusb/src/class/cdc/cdc_device.c.obj
                0x10007cbc                tud_cdc_n_write
 .text.tud_cdc_n_write_available
                0x10007cf4       0x1c CMakeFiles/blink.dir/D_/Raspberry/RP2040/pico-sdk/lib/tinyusb/src/class/cdc/cdc_device.c.obj
                0x10007cf4                tud_cdc_n_write_available
 .text.cdcd_init
                0x10007d10       0xbc CMakeFiles/blink.dir/D_/Raspberry/RP2040/pico-sdk/lib/tinyusb/src/class/cdc/cdc_device.c.obj
                0x10007d10                cdcd_init
 .text.cdcd_reset
                0x10007dcc       0x44 CMakeFiles/blink.dir/D_/Raspberry/RP2040/pico-sdk/lib/tinyusb/src/class/cdc/cdc_device.c.obj
                0x10007dcc                cdcd_reset
 .text.cdcd_open
                0x10007e10       0xf8 CMakeFiles/blink.dir/D_/Raspberry/RP2040/pico-sdk/lib/tinyusb/src/class/cdc/cdc_device.c.obj
                0x10007e10                cdcd_open
 .text.cdcd_control_xfer_cb
                0x10007f08      0x134 CMakeFiles/blink.dir/D_/Raspberry/RP2040/pico-sdk/lib/tinyusb/src/class/cdc/cdc_device.c.obj
                0x10007f08                cdcd_control_xfer_cb
 .text.cdcd_xfer_cb
                0x1000803c      0x144 CMakeFiles/blink.dir/D_/Raspberry/RP2040/pico-sdk/lib/tinyusb/src/class/cdc/cdc_device.c.obj
                0x1000803c                cdcd_xfer_cb
 .text.tusb_init
                0x10008180       0x24 CMakeFiles/blink.dir/D_/Raspberry/RP2040/pico-sdk/lib/tinyusb/src/tusb.c.obj
                0x10008180                tusb_init
 .text.tusb_inited
                0x100081a4        0xe CMakeFiles/blink.dir/D_/Raspberry/RP2040/pico-sdk/lib/tinyusb/src/tusb.c.obj
                0x100081a4                tusb_inited
 *fill*         0x100081b2        0x2 
 .text.tu_edpt_validate
                0x100081b4       0xa8 CMakeFiles/blink.dir/D_/Raspberry/RP2040/pico-sdk/lib/tinyusb/src/tusb.c.obj
                0x100081b4                tu_edpt_validate
 .text.tu_edpt_bind_driver
                0x1000825c       0x2a CMakeFiles/blink.dir/D_/Raspberry/RP2040/pico-sdk/lib/tinyusb/src/tusb.c.obj
                0x1000825c                tu_edpt_bind_driver
 .text.advance_pointer
                0x10008286       0x18 CMakeFiles/blink.dir/D_/Raspberry/RP2040/pico-sdk/lib/tinyusb/src/common/tusb_fifo.c.obj
 .text.backward_pointer
                0x1000829e       0x1e CMakeFiles/blink.dir/D_/Raspberry/RP2040/pico-sdk/lib/tinyusb/src/common/tusb_fifo.c.obj
 .text.get_relative_pointer
                0x100082bc       0x10 CMakeFiles/blink.dir/D_/Raspberry/RP2040/pico-sdk/lib/tinyusb/src/common/tusb_fifo.c.obj
 .text._tu_fifo_peek
                0x100082cc       0x50 CMakeFiles/blink.dir/D_/Raspberry/RP2040/pico-sdk/lib/tinyusb/src/common/tusb_fifo.c.obj
 .text._ff_pull_const_addr
                0x1000831c       0x4c CMakeFiles/blink.dir/D_/Raspberry/RP2040/pico-sdk/lib/tinyusb/src/common/tusb_fifo.c.obj
 .text._ff_pull_n
                0x10008368      0x10c CMakeFiles/blink.dir/D_/Raspberry/RP2040/pico-sdk/lib/tinyusb/src/common/tusb_fifo.c.obj
 .text._tu_fifo_peek_n
                0x10008474       0x5e CMakeFiles/blink.dir/D_/Raspberry/RP2040/pico-sdk/lib/tinyusb/src/common/tusb_fifo.c.obj
 .text._tu_fifo_read_n
                0x100084d2       0x4e CMakeFiles/blink.dir/D_/Raspberry/RP2040/pico-sdk/lib/tinyusb/src/common/tusb_fifo.c.obj
 .text._ff_push_const_addr
                0x10008520       0x40 CMakeFiles/blink.dir/D_/Raspberry/RP2040/pico-sdk/lib/tinyusb/src/common/tusb_fifo.c.obj
 .text._ff_push_n
                0x10008560      0x108 CMakeFiles/blink.dir/D_/Raspberry/RP2040/pico-sdk/lib/tinyusb/src/common/tusb_fifo.c.obj
 .text._tu_fifo_write_n
                0x10008668       0x9e CMakeFiles/blink.dir/D_/Raspberry/RP2040/pico-sdk/lib/tinyusb/src/common/tusb_fifo.c.obj
 .text.tu_fifo_config
                0x10008706       0x72 CMakeFiles/blink.dir/D_/Raspberry/RP2040/pico-sdk/lib/tinyusb/src/common/tusb_fifo.c.obj
                0x10008706                tu_fifo_config
 .text.tu_fifo_count
                0x10008778       0x26 CMakeFiles/blink.dir/D_/Raspberry/RP2040/pico-sdk/lib/tinyusb/src/common/tusb_fifo.c.obj
                0x10008778                tu_fifo_count
 .text.tu_fifo_empty
                0x1000879e        0xe CMakeFiles/blink.dir/D_/Raspberry/RP2040/pico-sdk/lib/tinyusb/src/common/tusb_fifo.c.obj
                0x1000879e                tu_fifo_empty
 .text.tu_fifo_remaining
                0x100087ac       0x20 CMakeFiles/blink.dir/D_/Raspberry/RP2040/pico-sdk/lib/tinyusb/src/common/tusb_fifo.c.obj
                0x100087ac                tu_fifo_remaining
 .text.tu_fifo_read
                0x100087cc       0x42 CMakeFiles/blink.dir/D_/Raspberry/RP2040/pico-sdk/lib/tinyusb/src/common/tusb_fifo.c.obj
                0x100087cc                tu_fifo_read
 .text.tu_fifo_read_n
                0x1000880e        0xa CMakeFiles/blink.dir/D_/Raspberry/RP2040/pico-sdk/lib/tinyusb/src/common/tusb_fifo.c.obj
                0x1000880e                tu_fifo_read_n
 .text.tu_fifo_write
                0x10008818       0x6a CMakeFiles/blink.dir/D_/Raspberry/RP2040/pico-sdk/lib/tinyusb/src/common/tusb_fifo.c.obj
                0x10008818                tu_fifo_write
 .text.tu_fifo_write_n
                0x10008882        0xa CMakeFiles/blink.dir/D_/Raspberry/RP2040/pico-sdk/lib/tinyusb/src/common/tusb_fifo.c.obj
                0x10008882                tu_fifo_write_n
 .text.tu_fifo_clear
                0x1000888c       0x4c CMakeFiles/blink.dir/D_/Raspberry/RP2040/pico-sdk/lib/tinyusb/src/common/tusb_fifo.c.obj
                0x1000888c                tu_fifo_clear
 .text.tu_fifo_set_overwritable
                0x100088d8       0x3c CMakeFiles/blink.dir/D_/Raspberry/RP2040/pico-sdk/lib/tinyusb/src/common/tusb_fifo.c.obj
                0x100088d8                tu_fifo_set_overwritable
 .text._retrieve_unique_id_on_boot
                0x10008914       0x10 CMakeFiles/blink.dir/D_/Raspberry/RP2040/pico-sdk/src/rp2_common/pico_unique_id/unique_id.c.obj
 .text.pico_get_unique_board_id_string
                0x10008924       0x5c CMakeFiles/blink.dir/D_/Raspberry/RP2040/pico-sdk/src/rp2_common/pico_unique_id/unique_id.c.obj
                0x10008924                pico_get_unique_board_id_string
 .text.flash_get_unique_id
                0x10008980       0x46 CMakeFiles/blink.dir/D_/Raspberry/RP2040/pico-sdk/src/rp2_common/hardware_flash/flash.c.obj
                0x10008980                flash_get_unique_id
 .text.spi_set_baudrate
                0x100089c6       0x92 CMakeFiles/blink.dir/D_/Raspberry/RP2040/pico-sdk/src/rp2_common/hardware_spi/spi.c.obj
                0x100089c6                spi_set_baudrate
 .text.spi_init
                0x10008a58       0x68 CMakeFiles/blink.dir/D_/Raspberry/RP2040/pico-sdk/src/rp2_common/hardware_spi/spi.c.obj
                0x10008a58                spi_init
 .text.i2c_write_blocking_internal
                0x10008ac0      0x140 CMakeFiles/blink.dir/D_/Raspberry/RP2040/pico-sdk/src/rp2_common/hardware_i2c/i2c.c.obj
 .text.i2c_read_blocking_internal
                0x10008c00       0xea CMakeFiles/blink.dir/D_/Raspberry/RP2040/pico-sdk/src/rp2_common/hardware_i2c/i2c.c.obj
 *fill*         0x10008cea        0x2 
 .text.i2c_set_baudrate
                0x10008cec       0xf0 CMakeFiles/blink.dir/D_/Raspberry/RP2040/pico-sdk/src/rp2_common/hardware_i2c/i2c.c.obj
                0x10008cec                i2c_set_baudrate
 .text.i2c_init
                0x10008ddc       0x58 CMakeFiles/blink.dir/D_/Raspberry/RP2040/pico-sdk/src/rp2_common/hardware_i2c/i2c.c.obj
                0x10008ddc                i2c_init
 .text.i2c_write_blocking
                0x10008e34       0x18 CMakeFiles/blink.dir/D_/Raspberry/RP2040/pico-sdk/src/rp2_common/hardware_i2c/i2c.c.obj
                0x10008e34                i2c_write_blocking
 .text.i2c_read_blocking
                0x10008e4c       0x18 CMakeFiles/blink.dir/D_/Raspberry/RP2040/pico-sdk/src/rp2_common/hardware_i2c/i2c.c.obj
                0x10008e4c                i2c_read_blocking
 .text.strlen   0x10008e64       0x5c d:/arm toolchain/11.3 rel1/bin/../lib/gcc/arm-none-eabi/11.3.1/thumb/v6-m/nofp\libg.a(libc_a-strlen-stub.o)
                0x10008e64                strlen
 *(.fini)
 .fini          0x10008ec0        0x4 d:/arm toolchain/11.3 rel1/bin/../lib/gcc/arm-none-eabi/11.3.1/thumb/v6-m/nofp/crti.o
                0x10008ec0                _fini
 *fill*         0x10008ec4        0x4 
 .fini.__stub   0x10008ec8       0x90 linker stubs
 *crtbegin.o(.ctors)
 *crtbegin?.o(.ctors)
 *(EXCLUDE_FILE(*crtend.o *crtend?.o) .ctors)
 *(SORT_BY_NAME(.ctors.*))
 *(.ctors)
 *crtbegin.o(.dtors)
 *crtbegin?.o(.dtors)
 *(EXCLUDE_FILE(*crtend.o *crtend?.o) .dtors)
 *(SORT_BY_NAME(.dtors.*))
 *(.dtors)
 *(.eh_frame*)
 .eh_frame      0x10008f58        0x0 d:/arm toolchain/11.3 rel1/bin/../lib/gcc/arm-none-eabi/11.3.1/thumb/v6-m/nofp/crtbegin.o
                0x10008f58                . = ALIGN (0x4)

.glue_7         0x10008f58        0x0
 .glue_7        0x10008f58        0x0 linker stubs

.glue_7t        0x10008f58        0x0
 .glue_7t       0x10008f58        0x0 linker stubs

.vfp11_veneer   0x10008f58        0x0
 .vfp11_veneer  0x10008f58        0x0 linker stubs

.v4_bx          0x10008f58        0x0
 .v4_bx         0x10008f58        0x0 linker stubs

.iplt           0x10008f58        0x0
 .iplt          0x10008f58        0x0 d:/arm toolchain/11.3 rel1/bin/../lib/gcc/arm-none-eabi/11.3.1/thumb/v6-m/nofp/crtbegin.o

.rodata         0x10008f58     0x177c
 *(EXCLUDE_FILE(*libm.a: *libc.a:*lib_a-mem*.o *libgcc.a:) .rodata*)
 .rodata.get_absolute_time.str1.4
                0x10008f58       0x63 CMakeFiles/blink.dir/main.c.obj
 *fill*         0x10008fbb        0x1 
 .rodata.config.str1.4
                0x10008fbc        0x6 CMakeFiles/blink.dir/main.c.obj
 *fill*         0x10008fc2        0x2 
 .rodata.main.str1.4
                0x10008fc4       0x21 CMakeFiles/blink.dir/main.c.obj
 *fill*         0x10008fe5        0x3 
 .rodata.__func__.0
                0x10008fe8       0x15 CMakeFiles/blink.dir/main.c.obj
 *fill*         0x10008ffd        0x3 
 .rodata.spin_lock_claim_unused.str1.4
                0x10009000       0x1b CMakeFiles/blink.dir/D_/Raspberry/RP2040/pico-sdk/src/rp2_common/hardware_sync/sync.c.obj
 *fill*         0x1000901b        0x1 
 .rodata.make_branch.str1.4
                0x1000901c       0x6f CMakeFiles/blink.dir/D_/Raspberry/RP2040/pico-sdk/src/rp2_common/hardware_irq/irq.c.obj
 *fill*         0x1000908b        0x1 
 .rodata.insert_branch_and_link.str1.4
                0x1000908c       0x10 CMakeFiles/blink.dir/D_/Raspberry/RP2040/pico-sdk/src/rp2_common/hardware_irq/irq.c.obj
 .rodata.irq_set_exclusive_handler.str1.4
                0x1000909c       0x36 CMakeFiles/blink.dir/D_/Raspberry/RP2040/pico-sdk/src/rp2_common/hardware_irq/irq.c.obj
 *fill*         0x100090d2        0x2 
 .rodata.irq_add_shared_handler.str1.4
                0x100090d4       0xd9 CMakeFiles/blink.dir/D_/Raspberry/RP2040/pico-sdk/src/rp2_common/hardware_irq/irq.c.obj
 *fill*         0x100091ad        0x3 
 .rodata.irq_remove_handler.str1.4
                0x100091b0       0x2a CMakeFiles/blink.dir/D_/Raspberry/RP2040/pico-sdk/src/rp2_common/hardware_irq/irq.c.obj
 *fill*         0x100091da        0x2 
 .rodata.irq_add_tail_to_free_list.str1.4
                0x100091dc       0x3a CMakeFiles/blink.dir/D_/Raspberry/RP2040/pico-sdk/src/rp2_common/hardware_irq/irq.c.obj
 *fill*         0x10009216        0x2 
 .rodata.user_irq_claim_unused.str1.4
                0x10009218       0x1b CMakeFiles/blink.dir/D_/Raspberry/RP2040/pico-sdk/src/rp2_common/hardware_irq/irq.c.obj
 *fill*         0x10009233        0x1 
 .rodata.__func__.0
                0x10009234       0x1a CMakeFiles/blink.dir/D_/Raspberry/RP2040/pico-sdk/src/rp2_common/hardware_irq/irq.c.obj
 *fill*         0x1000924e        0x2 
 .rodata.__func__.1
                0x10009250       0x17 CMakeFiles/blink.dir/D_/Raspberry/RP2040/pico-sdk/src/rp2_common/hardware_irq/irq.c.obj
 *fill*         0x10009267        0x1 
 .rodata.__func__.2
                0x10009268       0x13 CMakeFiles/blink.dir/D_/Raspberry/RP2040/pico-sdk/src/rp2_common/hardware_irq/irq.c.obj
 *fill*         0x1000927b        0x1 
 .rodata.__func__.3
                0x1000927c        0xc CMakeFiles/blink.dir/D_/Raspberry/RP2040/pico-sdk/src/rp2_common/hardware_irq/irq.c.obj
 .rodata.__func__.4
                0x10009288        0xf CMakeFiles/blink.dir/D_/Raspberry/RP2040/pico-sdk/src/rp2_common/hardware_irq/irq.c.obj
 *fill*         0x10009297        0x1 
 .rodata.__func__.5
                0x10009298       0x17 CMakeFiles/blink.dir/D_/Raspberry/RP2040/pico-sdk/src/rp2_common/hardware_irq/irq.c.obj
 *fill*         0x100092af        0x1 
 .rodata.__func__.6
                0x100092b0       0x1a CMakeFiles/blink.dir/D_/Raspberry/RP2040/pico-sdk/src/rp2_common/hardware_irq/irq.c.obj
 *fill*         0x100092ca        0x2 
 .rodata.repeating_timer_callback.str1.4
                0x100092cc       0x4d CMakeFiles/blink.dir/D_/Raspberry/RP2040/pico-sdk/src/common/pico_time/time.c.obj
 *fill*         0x10009319        0x3 
 .rodata.alarm_pool_dump_key.str1.4
                0x1000931c       0x33 CMakeFiles/blink.dir/D_/Raspberry/RP2040/pico-sdk/src/common/pico_time/time.c.obj
 *fill*         0x1000934f        0x1 
 .rodata.ph_add_child_node.str1.4
                0x10009350       0x96 CMakeFiles/blink.dir/D_/Raspberry/RP2040/pico-sdk/src/common/pico_time/time.c.obj
 *fill*         0x100093e6        0x2 
 .rodata.add_alarm_under_lock.str1.4
                0x100093e8       0x28 CMakeFiles/blink.dir/D_/Raspberry/RP2040/pico-sdk/src/common/pico_time/time.c.obj
                                 0x2b (size before relaxing)
 .rodata.alarm_pool_alarm_callback.str1.4
                0x10009410       0x82 CMakeFiles/blink.dir/D_/Raspberry/RP2040/pico-sdk/src/common/pico_time/time.c.obj
                                 0xe6 (size before relaxing)
 *fill*         0x10009492        0x2 
 .rodata.alarm_pool_get_default.str1.4
                0x10009494       0x21 CMakeFiles/blink.dir/D_/Raspberry/RP2040/pico-sdk/src/common/pico_time/time.c.obj
 *fill*         0x100094b5        0x3 
 .rodata.alarm_pool_cancel_alarm.str1.4
                0x100094b8       0x27 CMakeFiles/blink.dir/D_/Raspberry/RP2040/pico-sdk/src/common/pico_time/time.c.obj
 *fill*         0x100094df        0x1 
 .rodata.sleep_until.str1.4
                0x100094e0       0x4d CMakeFiles/blink.dir/D_/Raspberry/RP2040/pico-sdk/src/common/pico_time/time.c.obj
 *fill*         0x1000952d        0x3 
 .rodata.__func__.0
                0x10009530       0x19 CMakeFiles/blink.dir/D_/Raspberry/RP2040/pico-sdk/src/common/pico_time/time.c.obj
 *fill*         0x10009549        0x3 
 .rodata.__func__.1
                0x1000954c       0x18 CMakeFiles/blink.dir/D_/Raspberry/RP2040/pico-sdk/src/common/pico_time/time.c.obj
 .rodata.__func__.10
                0x10009564       0x15 CMakeFiles/blink.dir/D_/Raspberry/RP2040/pico-sdk/src/common/pico_time/time.c.obj
 *fill*         0x10009579        0x3 
 .rodata.__func__.11
                0x1000957c       0x1a CMakeFiles/blink.dir/D_/Raspberry/RP2040/pico-sdk/src/common/pico_time/time.c.obj
 *fill*         0x10009596        0x2 
 .rodata.__func__.12
                0x10009598        0xa CMakeFiles/blink.dir/D_/Raspberry/RP2040/pico-sdk/src/common/pico_time/time.c.obj
 *fill*         0x100095a2        0x2 
 .rodata.__func__.3
                0x100095a4       0x17 CMakeFiles/blink.dir/D_/Raspberry/RP2040/pico-sdk/src/common/pico_time/time.c.obj
 *fill*         0x100095bb        0x1 
 .rodata.__func__.4
                0x100095bc       0x12 CMakeFiles/blink.dir/D_/Raspberry/RP2040/pico-sdk/src/common/pico_time/time.c.obj
 *fill*         0x100095ce        0x2 
 .rodata.__func__.5
                0x100095d0        0xd CMakeFiles/blink.dir/D_/Raspberry/RP2040/pico-sdk/src/common/pico_time/time.c.obj
 *fill*         0x100095dd        0x3 
 .rodata.__func__.6
                0x100095e0       0x12 CMakeFiles/blink.dir/D_/Raspberry/RP2040/pico-sdk/src/common/pico_time/time.c.obj
 *fill*         0x100095f2        0x2 
 .rodata.__func__.7
                0x100095f4        0xf CMakeFiles/blink.dir/D_/Raspberry/RP2040/pico-sdk/src/common/pico_time/time.c.obj
 *fill*         0x10009603        0x1 
 .rodata.__func__.8
                0x10009604        0xc CMakeFiles/blink.dir/D_/Raspberry/RP2040/pico-sdk/src/common/pico_time/time.c.obj
 .rodata.__func__.9
                0x10009610       0x15 CMakeFiles/blink.dir/D_/Raspberry/RP2040/pico-sdk/src/common/pico_time/time.c.obj
 *fill*         0x10009625        0x3 
 .rodata.hardware_alarm_claim.str1.4
                0x10009628       0x22 CMakeFiles/blink.dir/D_/Raspberry/RP2040/pico-sdk/src/rp2_common/hardware_timer/timer.c.obj
 *fill*         0x1000964a        0x2 
 .rodata.hardware_alarm_set_target.str1.4
                0x1000964c       0x67 CMakeFiles/blink.dir/D_/Raspberry/RP2040/pico-sdk/src/rp2_common/hardware_timer/timer.c.obj
 *fill*         0x100096b3        0x1 
 .rodata.__func__.0
                0x100096b4       0x1a CMakeFiles/blink.dir/D_/Raspberry/RP2040/pico-sdk/src/rp2_common/hardware_timer/timer.c.obj
 .rodata.ph_add_child_node.str1.4
                0x100096ce       0x96 CMakeFiles/blink.dir/D_/Raspberry/RP2040/pico-sdk/src/common/pico_util/pheap.c.obj
 *fill*         0x100096ce        0x2 
 .rodata.ph_remove_any_head.str1.4
                0x100096d0       0x90 CMakeFiles/blink.dir/D_/Raspberry/RP2040/pico-sdk/src/common/pico_util/pheap.c.obj
 .rodata.ph_remove_and_free_node.str1.4
                0x10009760       0x1e CMakeFiles/blink.dir/D_/Raspberry/RP2040/pico-sdk/src/common/pico_util/pheap.c.obj
                                 0x26 (size before relaxing)
 *fill*         0x1000977e        0x2 
 .rodata.__func__.0
                0x10009780       0x18 CMakeFiles/blink.dir/D_/Raspberry/RP2040/pico-sdk/src/common/pico_util/pheap.c.obj
 .rodata.__func__.1
                0x10009798       0x13 CMakeFiles/blink.dir/D_/Raspberry/RP2040/pico-sdk/src/common/pico_util/pheap.c.obj
 *fill*         0x100097ab        0x1 
 .rodata.__func__.2
                0x100097ac       0x12 CMakeFiles/blink.dir/D_/Raspberry/RP2040/pico-sdk/src/common/pico_util/pheap.c.obj
 *fill*         0x100097be        0x2 
 .rodata.__func__.3
                0x100097c0        0xc CMakeFiles/blink.dir/D_/Raspberry/RP2040/pico-sdk/src/common/pico_util/pheap.c.obj
 .rodata.str1.4
                0x100097cc       0x8d CMakeFiles/blink.dir/D_/Raspberry/RP2040/pico-sdk/src/common/pico_sync/mutex.c.obj
                                 0xf1 (size before relaxing)
 *fill*         0x10009859        0x3 
 .rodata.__func__.1
                0x1000985c        0xb CMakeFiles/blink.dir/D_/Raspberry/RP2040/pico-sdk/src/common/pico_sync/mutex.c.obj
 *fill*         0x10009867        0x1 
 .rodata.__func__.3
                0x10009868       0x18 CMakeFiles/blink.dir/D_/Raspberry/RP2040/pico-sdk/src/common/pico_sync/mutex.c.obj
 .rodata.__func__.4
                0x10009880       0x15 CMakeFiles/blink.dir/D_/Raspberry/RP2040/pico-sdk/src/common/pico_sync/mutex.c.obj
 *fill*         0x10009895        0x3 
 .rodata.__assert_func.str1.4
                0x10009898       0x3f CMakeFiles/blink.dir/D_/Raspberry/RP2040/pico-sdk/src/rp2_common/pico_runtime/runtime.c.obj
                                 0x43 (size before relaxing)
 *fill*         0x100098d7        0x1 
 .rodata.runtime_init.str1.4
                0x100098d8       0x63 CMakeFiles/blink.dir/D_/Raspberry/RP2040/pico-sdk/src/rp2_common/pico_runtime/runtime.c.obj
 *fill*         0x1000993b        0x1 
 .rodata.panic.str1.4
                0x1000993c       0x12 CMakeFiles/blink.dir/D_/Raspberry/RP2040/pico-sdk/src/rp2_common/pico_runtime/runtime.c.obj
 *fill*         0x1000994e        0x2 
 .rodata.__func__.1
                0x10009950        0xd CMakeFiles/blink.dir/D_/Raspberry/RP2040/pico-sdk/src/rp2_common/pico_runtime/runtime.c.obj
 *fill*         0x1000995d        0x3 
 .rodata.clock_configure.str1.4
                0x10009960       0x59 CMakeFiles/blink.dir/D_/Raspberry/RP2040/pico-sdk/src/rp2_common/hardware_clocks/clocks.c.obj
 *fill*         0x100099b9        0x3 
 .rodata.__func__.1
                0x100099bc       0x10 CMakeFiles/blink.dir/D_/Raspberry/RP2040/pico-sdk/src/rp2_common/hardware_clocks/clocks.c.obj
 .rodata.pll_init.str1.4
                0x100099cc      0x13b CMakeFiles/blink.dir/D_/Raspberry/RP2040/pico-sdk/src/rp2_common/hardware_pll/pll.c.obj
 *fill*         0x10009b07        0x1 
 .rodata.__func__.0
                0x10009b08        0x9 CMakeFiles/blink.dir/D_/Raspberry/RP2040/pico-sdk/src/rp2_common/hardware_pll/pll.c.obj
 *fill*         0x10009b11        0x3 
 .rodata._ftoa.str1.4
                0x10009b14       0x15 CMakeFiles/blink.dir/D_/Raspberry/RP2040/pico-sdk/src/rp2_common/pico_printf/printf.c.obj
 *fill*         0x10009b29        0x3 
 .rodata._vsnprintf
                0x10009b2c      0x19c CMakeFiles/blink.dir/D_/Raspberry/RP2040/pico-sdk/src/rp2_common/pico_printf/printf.c.obj
 .rodata.pow10.0
                0x10009cc8       0x50 CMakeFiles/blink.dir/D_/Raspberry/RP2040/pico-sdk/src/rp2_common/pico_printf/printf.c.obj
 .rodata.__aeabi_double_init.str1.4
                0x10009d18       0xaa CMakeFiles/blink.dir/D_/Raspberry/RP2040/pico-sdk/src/rp2_common/pico_double/double_init_rom.c.obj
 *fill*         0x10009dc2        0x2 
 .rodata.__func__.0
                0x10009dc4       0x14 CMakeFiles/blink.dir/D_/Raspberry/RP2040/pico-sdk/src/rp2_common/pico_double/double_init_rom.c.obj
 .rodata.__aeabi_float_init.str1.4
                0x10009dd8       0x7c CMakeFiles/blink.dir/D_/Raspberry/RP2040/pico-sdk/src/rp2_common/pico_float/float_init_rom.c.obj
                                 0x80 (size before relaxing)
 .rodata.__func__.0
                0x10009e54       0x13 CMakeFiles/blink.dir/D_/Raspberry/RP2040/pico-sdk/src/rp2_common/pico_float/float_init_rom.c.obj
 *fill*         0x10009e67        0x1 
 .rodata.str1.4
                0x10009e68       0x3c CMakeFiles/blink.dir/D_/Raspberry/RP2040/pico-sdk/src/rp2_common/pico_standard_link/binary_info.c.obj
 .rodata.__bi_44
                0x10009ea4        0xc CMakeFiles/blink.dir/D_/Raspberry/RP2040/pico-sdk/src/rp2_common/pico_standard_link/binary_info.c.obj
 .rodata.__bi_75
                0x10009eb0        0xc CMakeFiles/blink.dir/D_/Raspberry/RP2040/pico-sdk/src/rp2_common/pico_standard_link/binary_info.c.obj
 .rodata.__bi_81
                0x10009ebc        0xc CMakeFiles/blink.dir/D_/Raspberry/RP2040/pico-sdk/src/rp2_common/pico_standard_link/binary_info.c.obj
 .rodata.crlf_str.3
                0x10009ec8        0x2 CMakeFiles/blink.dir/D_/Raspberry/RP2040/pico-sdk/src/rp2_common/pico_stdio/stdio.c.obj
 *fill*         0x10009eca        0x2 
 .rodata._resetd_driver
                0x10009ecc       0x18 CMakeFiles/blink.dir/D_/Raspberry/RP2040/pico-sdk/src/rp2_common/pico_stdio_usb/reset_interface.c.obj
 .rodata.timer_task.str1.4
                0x10009ee4       0x6f CMakeFiles/blink.dir/D_/Raspberry/RP2040/pico-sdk/src/rp2_common/pico_stdio_usb/stdio_usb.c.obj
 .rodata.stdio_usb_init.str1.4
                0x10009f53       0x63 CMakeFiles/blink.dir/D_/Raspberry/RP2040/pico-sdk/src/rp2_common/pico_stdio_usb/stdio_usb.c.obj
 *fill*         0x10009f53        0x1 
 .rodata.str1.4
                0x10009f54       0x13 CMakeFiles/blink.dir/D_/Raspberry/RP2040/pico-sdk/src/rp2_common/pico_stdio_usb/stdio_usb.c.obj
 *fill*         0x10009f67        0x1 
 .rodata.__bi_118.2
                0x10009f68        0xc CMakeFiles/blink.dir/D_/Raspberry/RP2040/pico-sdk/src/rp2_common/pico_stdio_usb/stdio_usb.c.obj
 .rodata.__func__.0
                0x10009f74       0x15 CMakeFiles/blink.dir/D_/Raspberry/RP2040/pico-sdk/src/rp2_common/pico_stdio_usb/stdio_usb.c.obj
 *fill*         0x10009f89        0x3 
 .rodata.__func__.1
                0x10009f8c        0xb CMakeFiles/blink.dir/D_/Raspberry/RP2040/pico-sdk/src/rp2_common/pico_stdio_usb/stdio_usb.c.obj
 *fill*         0x10009f97        0x1 
 .rodata.str1.4
                0x10009f98       0x2a CMakeFiles/blink.dir/D_/Raspberry/RP2040/pico-sdk/src/rp2_common/pico_stdio_usb/stdio_usb_descriptors.c.obj
 *fill*         0x10009fc2        0x2 
 .rodata.usbd_desc_cfg
                0x10009fc4       0x54 CMakeFiles/blink.dir/D_/Raspberry/RP2040/pico-sdk/src/rp2_common/pico_stdio_usb/stdio_usb_descriptors.c.obj
 .rodata.usbd_desc_device
                0x1000a018       0x12 CMakeFiles/blink.dir/D_/Raspberry/RP2040/pico-sdk/src/rp2_common/pico_stdio_usb/stdio_usb_descriptors.c.obj
 *fill*         0x1000a02a        0x2 
 .rodata.usbd_desc_str
                0x1000a02c       0x18 CMakeFiles/blink.dir/D_/Raspberry/RP2040/pico-sdk/src/rp2_common/pico_stdio_usb/stdio_usb_descriptors.c.obj
 .rodata._hw_endpoint_alloc.str1.4
                0x1000a044       0xb9 CMakeFiles/blink.dir/D_/Raspberry/RP2040/pico-sdk/lib/tinyusb/src/portable/raspberrypi/rp2040/dcd_rp2040.c.obj
 *fill*         0x1000a0fd        0x3 
 .rodata.dcd_rp2040_irq.str1.4
                0x1000a100       0x14 CMakeFiles/blink.dir/D_/Raspberry/RP2040/pico-sdk/lib/tinyusb/src/portable/raspberrypi/rp2040/dcd_rp2040.c.obj
 .rodata.dcd_int_enable.str1.4
                0x1000a114        0xc CMakeFiles/blink.dir/D_/Raspberry/RP2040/pico-sdk/lib/tinyusb/src/portable/raspberrypi/rp2040/dcd_rp2040.c.obj
 .rodata.__func__.0
                0x1000a120        0xe CMakeFiles/blink.dir/D_/Raspberry/RP2040/pico-sdk/lib/tinyusb/src/portable/raspberrypi/rp2040/dcd_rp2040.c.obj
 *fill*         0x1000a12e        0x2 
 .rodata.__func__.1
                0x1000a130        0xe CMakeFiles/blink.dir/D_/Raspberry/RP2040/pico-sdk/lib/tinyusb/src/portable/raspberrypi/rp2040/dcd_rp2040.c.obj
 *fill*         0x1000a13e        0x2 
 .rodata.__func__.3
                0x1000a140       0x10 CMakeFiles/blink.dir/D_/Raspberry/RP2040/pico-sdk/lib/tinyusb/src/portable/raspberrypi/rp2040/dcd_rp2040.c.obj
 .rodata.__func__.5
                0x1000a150        0xf CMakeFiles/blink.dir/D_/Raspberry/RP2040/pico-sdk/lib/tinyusb/src/portable/raspberrypi/rp2040/dcd_rp2040.c.obj
 *fill*         0x1000a15f        0x1 
 .rodata.__func__.6
                0x1000a160       0x13 CMakeFiles/blink.dir/D_/Raspberry/RP2040/pico-sdk/lib/tinyusb/src/portable/raspberrypi/rp2040/dcd_rp2040.c.obj
 *fill*         0x1000a173        0x1 
 .rodata.__func__.7
                0x1000a174        0x9 CMakeFiles/blink.dir/D_/Raspberry/RP2040/pico-sdk/lib/tinyusb/src/portable/raspberrypi/rp2040/dcd_rp2040.c.obj
 *fill*         0x1000a17d        0x3 
 .rodata.sync_ep_buffer.str1.4
                0x1000a180       0x95 CMakeFiles/blink.dir/D_/Raspberry/RP2040/pico-sdk/lib/tinyusb/src/portable/raspberrypi/rp2040/rp2040_usb.c.obj
 *fill*         0x1000a215        0x3 
 .rodata._hw_endpoint_buffer_control_update32.str1.4
                0x1000a218       0x1f CMakeFiles/blink.dir/D_/Raspberry/RP2040/pico-sdk/lib/tinyusb/src/portable/raspberrypi/rp2040/rp2040_usb.c.obj
 *fill*         0x1000a237        0x1 
 .rodata.hw_endpoint_xfer_start.str1.4
                0x1000a238       0x38 CMakeFiles/blink.dir/D_/Raspberry/RP2040/pico-sdk/lib/tinyusb/src/portable/raspberrypi/rp2040/rp2040_usb.c.obj
 .rodata.hw_endpoint_xfer_continue.str1.4
                0x1000a270       0x29 CMakeFiles/blink.dir/D_/Raspberry/RP2040/pico-sdk/lib/tinyusb/src/portable/raspberrypi/rp2040/rp2040_usb.c.obj
 *fill*         0x1000a299        0x3 
 .rodata.str1.4
                0x1000a29c        0x7 CMakeFiles/blink.dir/D_/Raspberry/RP2040/pico-sdk/lib/tinyusb/src/portable/raspberrypi/rp2040/rp2040_usb.c.obj
 *fill*         0x1000a2a3        0x1 
 .rodata.__func__.0
                0x1000a2a4        0xf CMakeFiles/blink.dir/D_/Raspberry/RP2040/pico-sdk/lib/tinyusb/src/portable/raspberrypi/rp2040/rp2040_usb.c.obj
 *fill*         0x1000a2b3        0x1 
 .rodata.process_set_config.str1.4
                0x1000a2b4       0x17 CMakeFiles/blink.dir/D_/Raspberry/RP2040/pico-sdk/lib/tinyusb/src/device/usbd.c.obj
 *fill*         0x1000a2cb        0x1 
 .rodata.process_get_descriptor
                0x1000a2cc       0x40 CMakeFiles/blink.dir/D_/Raspberry/RP2040/pico-sdk/lib/tinyusb/src/device/usbd.c.obj
 .rodata.process_control_request
                0x1000a30c       0x28 CMakeFiles/blink.dir/D_/Raspberry/RP2040/pico-sdk/lib/tinyusb/src/device/usbd.c.obj
 .rodata.tud_task
                0x1000a334       0x24 CMakeFiles/blink.dir/D_/Raspberry/RP2040/pico-sdk/lib/tinyusb/src/device/usbd.c.obj
 .rodata.__func__.2
                0x1000a358        0xf CMakeFiles/blink.dir/D_/Raspberry/RP2040/pico-sdk/lib/tinyusb/src/device/usbd.c.obj
 *fill*         0x1000a367        0x1 
 .rodata.__func__.3
                0x1000a368        0xf CMakeFiles/blink.dir/D_/Raspberry/RP2040/pico-sdk/lib/tinyusb/src/device/usbd.c.obj
 *fill*         0x1000a377        0x1 
 .rodata.__func__.4
                0x1000a378       0x14 CMakeFiles/blink.dir/D_/Raspberry/RP2040/pico-sdk/lib/tinyusb/src/device/usbd.c.obj
 .rodata.__func__.5
                0x1000a38c       0x10 CMakeFiles/blink.dir/D_/Raspberry/RP2040/pico-sdk/lib/tinyusb/src/device/usbd.c.obj
 .rodata.__func__.6
                0x1000a39c       0x17 CMakeFiles/blink.dir/D_/Raspberry/RP2040/pico-sdk/lib/tinyusb/src/device/usbd.c.obj
 *fill*         0x1000a3b3        0x1 
 .rodata.__func__.7
                0x1000a3b4       0x13 CMakeFiles/blink.dir/D_/Raspberry/RP2040/pico-sdk/lib/tinyusb/src/device/usbd.c.obj
 *fill*         0x1000a3c7        0x1 
 .rodata.__func__.8
                0x1000a3c8       0x18 CMakeFiles/blink.dir/D_/Raspberry/RP2040/pico-sdk/lib/tinyusb/src/device/usbd.c.obj
 .rodata.__func__.9
                0x1000a3e0        0x9 CMakeFiles/blink.dir/D_/Raspberry/RP2040/pico-sdk/lib/tinyusb/src/device/usbd.c.obj
 *fill*         0x1000a3e9        0x3 
 .rodata._usbd_driver
                0x1000a3ec       0x18 CMakeFiles/blink.dir/D_/Raspberry/RP2040/pico-sdk/lib/tinyusb/src/device/usbd.c.obj
 .rodata.tud_control_xfer.str1.4
                0x1000a404       0x17 CMakeFiles/blink.dir/D_/Raspberry/RP2040/pico-sdk/lib/tinyusb/src/device/usbd_control.c.obj
 .rodata.__func__.0
                0x1000a404       0x15 CMakeFiles/blink.dir/D_/Raspberry/RP2040/pico-sdk/lib/tinyusb/src/device/usbd_control.c.obj
 *fill*         0x1000a419        0x3 
 .rodata.__func__.1
                0x1000a41c       0x11 CMakeFiles/blink.dir/D_/Raspberry/RP2040/pico-sdk/lib/tinyusb/src/device/usbd_control.c.obj
 .rodata.tud_cdc_n_write_flush.str1.4
                0x1000a42d       0x17 CMakeFiles/blink.dir/D_/Raspberry/RP2040/pico-sdk/lib/tinyusb/src/class/cdc/cdc_device.c.obj
 *fill*         0x1000a42d        0x3 
 .rodata.__func__.0
                0x1000a430        0xd CMakeFiles/blink.dir/D_/Raspberry/RP2040/pico-sdk/lib/tinyusb/src/class/cdc/cdc_device.c.obj
 *fill*         0x1000a43d        0x3 
 .rodata.__func__.1
                0x1000a440        0xa CMakeFiles/blink.dir/D_/Raspberry/RP2040/pico-sdk/lib/tinyusb/src/class/cdc/cdc_device.c.obj
 *fill*         0x1000a44a        0x2 
 .rodata.__func__.2
                0x1000a44c       0x16 CMakeFiles/blink.dir/D_/Raspberry/RP2040/pico-sdk/lib/tinyusb/src/class/cdc/cdc_device.c.obj
 .rodata.tusb_init.str1.4
                0x1000a462       0x17 CMakeFiles/blink.dir/D_/Raspberry/RP2040/pico-sdk/lib/tinyusb/src/tusb.c.obj
 *fill*         0x1000a462        0x2 
 .rodata.__func__.0
                0x1000a464       0x11 CMakeFiles/blink.dir/D_/Raspberry/RP2040/pico-sdk/lib/tinyusb/src/tusb.c.obj
 *fill*         0x1000a475        0x3 
 .rodata.__func__.1
                0x1000a478        0xa CMakeFiles/blink.dir/D_/Raspberry/RP2040/pico-sdk/lib/tinyusb/src/tusb.c.obj
 *fill*         0x1000a482        0x2 
 .rodata.pico_get_unique_board_id_string.str1.4
                0x1000a484       0x4f CMakeFiles/blink.dir/D_/Raspberry/RP2040/pico-sdk/src/rp2_common/pico_unique_id/unique_id.c.obj
 *fill*         0x1000a4d3        0x1 
 .rodata.__func__.0
                0x1000a4d4       0x20 CMakeFiles/blink.dir/D_/Raspberry/RP2040/pico-sdk/src/rp2_common/pico_unique_id/unique_id.c.obj
 .rodata.str1.4
                0x1000a4f4      0x15a CMakeFiles/blink.dir/D_/Raspberry/RP2040/pico-sdk/src/rp2_common/hardware_flash/flash.c.obj
 *fill*         0x1000a64e        0x2 
 .rodata.__func__.0
                0x1000a650        0xd CMakeFiles/blink.dir/D_/Raspberry/RP2040/pico-sdk/src/rp2_common/hardware_flash/flash.c.obj